Component: ARM Compiler 5.06 (build 20) Tool: armlink [4d35a3]

==============================================================================

Section Cross References

    startup_stm32f407xx.o(STACK) refers (Special) to heapauxi.o(.text) for __use_two_region_memory
    startup_stm32f407xx.o(HEAP) refers (Special) to heapauxi.o(.text) for __use_two_region_memory
    startup_stm32f407xx.o(RESET) refers (Special) to heapauxi.o(.text) for __use_two_region_memory
    startup_stm32f407xx.o(RESET) refers to startup_stm32f407xx.o(STACK) for __initial_sp
    startup_stm32f407xx.o(RESET) refers to startup_stm32f407xx.o(.text) for Reset_Handler
    startup_stm32f407xx.o(RESET) refers to stm32f4xx_it.o(i.NMI_Handler) for NMI_Handler
    startup_stm32f407xx.o(RESET) refers to stm32f4xx_it.o(i.HardFault_Handler) for HardFault_Handler
    startup_stm32f407xx.o(RESET) refers to stm32f4xx_it.o(i.MemManage_Handler) for MemManage_Handler
    startup_stm32f407xx.o(RESET) refers to stm32f4xx_it.o(i.BusFault_Handler) for BusFault_Handler
    startup_stm32f407xx.o(RESET) refers to stm32f4xx_it.o(i.UsageFault_Handler) for UsageFault_Handler
    startup_stm32f407xx.o(RESET) refers to port.o(.emb_text) for SVC_Handler
    startup_stm32f407xx.o(RESET) refers to stm32f4xx_it.o(i.DebugMon_Handler) for DebugMon_Handler
    startup_stm32f407xx.o(RESET) refers to port.o(i.SysTick_Handler) for SysTick_Handler
    startup_stm32f407xx.o(RESET) refers to stm32f4xx_it.o(i.DMA1_Stream1_IRQHandler) for DMA1_Stream1_IRQHandler
    startup_stm32f407xx.o(RESET) refers to stm32f4xx_it.o(i.DMA1_Stream3_IRQHandler) for DMA1_Stream3_IRQHandler
    startup_stm32f407xx.o(RESET) refers to stm32f4xx_it.o(i.USART1_IRQHandler) for USART1_IRQHandler
    startup_stm32f407xx.o(RESET) refers to stm32f4xx_it.o(i.USART3_IRQHandler) for USART3_IRQHandler
    startup_stm32f407xx.o(RESET) refers to stm32f4xx_it.o(i.TIM6_DAC_IRQHandler) for TIM6_DAC_IRQHandler
    startup_stm32f407xx.o(RESET) refers to stm32f4xx_it.o(i.DMA2_Stream2_IRQHandler) for DMA2_Stream2_IRQHandler
    startup_stm32f407xx.o(RESET) refers to stm32f4xx_it.o(i.DMA2_Stream7_IRQHandler) for DMA2_Stream7_IRQHandler
    startup_stm32f407xx.o(.text) refers (Special) to heapauxi.o(.text) for __use_two_region_memory
    startup_stm32f407xx.o(.text) refers to system_stm32f4xx.o(i.SystemInit) for SystemInit
    startup_stm32f407xx.o(.text) refers to __main.o(!!!main) for __main
    startup_stm32f407xx.o(.text) refers to startup_stm32f407xx.o(HEAP) for Heap_Mem
    startup_stm32f407xx.o(.text) refers to startup_stm32f407xx.o(STACK) for Stack_Mem
    main.o(i.HAL_TIM_PeriodElapsedCallback) refers to stm32f4xx_hal.o(i.HAL_IncTick) for HAL_IncTick
    main.o(i.SystemClock_Config) refers to rt_memclr_w.o(.text) for __aeabi_memclr4
    main.o(i.SystemClock_Config) refers to stm32f4xx_hal_rcc.o(i.HAL_RCC_OscConfig) for HAL_RCC_OscConfig
    main.o(i.SystemClock_Config) refers to stm32f4xx_hal_rcc.o(i.HAL_RCC_ClockConfig) for HAL_RCC_ClockConfig
    main.o(i.main) refers to stm32f4xx_hal.o(i.HAL_Init) for HAL_Init
    main.o(i.main) refers to main.o(i.SystemClock_Config) for SystemClock_Config
    main.o(i.main) refers to gpio.o(i.MX_GPIO_Init) for MX_GPIO_Init
    main.o(i.main) refers to dma.o(i.MX_DMA_Init) for MX_DMA_Init
    main.o(i.main) refers to tim.o(i.MX_TIM7_Init) for MX_TIM7_Init
    main.o(i.main) refers to usart.o(i.MX_USART3_UART_Init) for MX_USART3_UART_Init
    main.o(i.main) refers to usart.o(i.MX_USART1_UART_Init) for MX_USART1_UART_Init
    main.o(i.main) refers to i2c.o(i.MX_I2C1_Init) for MX_I2C1_Init
    main.o(i.main) refers to stm32f4xx_hal_uart.o(i.HAL_UART_Receive_DMA) for HAL_UART_Receive_DMA
    main.o(i.main) refers to app_key_ctrl.o(i.key_init) for key_init
    main.o(i.main) refers to app_led_ctrl.o(i.led_init) for led_init
    main.o(i.main) refers to app_hx711_ctrl.o(i.hx711_init) for hx711_init
    main.o(i.main) refers to app_t5l_ctrl.o(i.screenT5L_Init) for screenT5L_Init
    main.o(i.main) refers to app_modbus_rtu_ctrl.o(i.ModbusRtu_init) for ModbusRtu_init
    main.o(i.main) refers to app_syspara.o(i.readSysDataFromFlash) for readSysDataFromFlash
    main.o(i.main) refers to app_syspara.o(i.readSysDataFromFlash_3030) for readSysDataFromFlash_3030
    main.o(i.main) refers to freertos.o(i.MX_FREERTOS_Init) for MX_FREERTOS_Init
    main.o(i.main) refers to cmsis_os.o(i.osKernelStart) for osKernelStart
    main.o(i.main) refers to app_t5l_ctrl.o(.data) for g_T5L
    main.o(i.main) refers to usart.o(.bss) for huart1
    gpio.o(i.MX_GPIO_Init) refers to rt_memclr_w.o(.text) for __aeabi_memclr4
    gpio.o(i.MX_GPIO_Init) refers to stm32f4xx_hal_gpio.o(i.HAL_GPIO_WritePin) for HAL_GPIO_WritePin
    gpio.o(i.MX_GPIO_Init) refers to stm32f4xx_hal_gpio.o(i.HAL_GPIO_Init) for HAL_GPIO_Init
    freertos.o(i.MX_FREERTOS_Init) refers to rt_memcpy_w.o(.text) for __aeabi_memcpy4
    freertos.o(i.MX_FREERTOS_Init) refers to cmsis_os.o(i.osThreadCreate) for osThreadCreate
[...]
    __rt_entry_presh_1                       0x08000249   Thumb Code     0  __rtentry2.o(.ARM.Collect$$rtentry$$00000002)
    __rt_entry_sh                            0x08000249   Thumb Code     0  __rtentry4.o(.ARM.Collect$$rtentry$$00000004)
    __rt_entry_li                            0x0800024f   Thumb Code     0  __rtentry2.o(.ARM.Collect$$rtentry$$0000000A)
    __rt_entry_postsh_1                      0x0800024f   Thumb Code     0  __rtentry2.o(.ARM.Collect$$rtentry$$00000009)
    __rt_entry_main                          0x08000253   Thumb Code     0  __rtentry2.o(.ARM.Collect$$rtentry$$0000000D)
    __rt_entry_postli_1                      0x08000253   Thumb Code     0  __rtentry2.o(.ARM.Collect$$rtentry$$0000000C)
    __rt_exit                                0x0800025b   Thumb Code     0  rtexit.o(.ARM.Collect$$rtexit$$00000000)
    __rt_exit_ls                             0x0800025d   Thumb Code     0  rtexit2.o(.ARM.Collect$$rtexit$$00000003)
    __rt_exit_prels_1                        0x0800025d   Thumb Code     0  rtexit2.o(.ARM.Collect$$rtexit$$00000002)
    __rt_exit_exit                           0x08000261   Thumb Code     0  rtexit2.o(.ARM.Collect$$rtexit$$00000004)
    SVC_Handler                              0x08000269   Thumb Code    28  port.o(.emb_text)
    __asm___6_port_c_39a90d8d__prvStartFirstTask 0x08000289   Thumb Code    36  port.o(.emb_text)
    __asm___6_port_c_39a90d8d__prvEnableVFP  0x080002b1   Thumb Code    16  port.o(.emb_text)
    PendSV_Handler                           0x080002c5   Thumb Code    88  port.o(.emb_text)
    vPortGetIPSR                             0x08000321   Thumb Code     6  port.o(.emb_text)
    Reset_Handler                            0x08000329   Thumb Code     8  startup_stm32f407xx.o(.text)
    ADC_IRQHandler                           0x08000343   Thumb Code     0  startup_stm32f407xx.o(.text)
    CAN1_RX0_IRQHandler                      0x08000343   Thumb Code     0  startup_stm32f407xx.o(.text)
    CAN1_RX1_IRQHandler                      0x08000343   Thumb Code     0  startup_stm32f407xx.o(.text)
    CAN1_SCE_IRQHandler                      0x08000343   Thumb Code     0  startup_stm32f407xx.o(.text)
    CAN1_TX_IRQHandler                       0x08000343   Thumb Code     0  startup_stm32f407xx.o(.text)
    CAN2_RX0_IRQHandler                      0x08000343   Thumb Code     0  startup_stm32f407xx.o(.text)
    CAN2_RX1_IRQHandler                      0x08000343   Thumb Code     0  startup_stm32f407xx.o(.text)
    CAN2_SCE_IRQHandler                      0x08000343   Thumb Code     0  startup_stm32f407xx.o(.text)
    CAN2_TX_IRQHandler                       0x08000343   Thumb Code     0  startup_stm32f407xx.o(.text)
    DCMI_IRQHandler                          0x08000343   Thumb Code     0  startup_stm32f407xx.o(.text)
    DMA1_Stream0_IRQHandler                  0x08000343   Thumb Code     0  startup_stm32f407xx.o(.text)
    DMA1_Stream2_IRQHandler                  0x08000343   Thumb Code     0  startup_stm32f407xx.o(.text)
    DMA1_Stream4_IRQHandler                  0x08000343   Thumb Code     0  startup_stm32f407xx.o(.text)
    DMA1_Stream5_IRQHandler                  0x08000343   Thumb Code     0  startup_stm32f407xx.o(.text)
    DMA1_Stream6_IRQHandler                  0x08000343   Thumb Code     0  startup_stm32f407xx.o(.text)
    DMA1_Stream7_IRQHandler                  0x08000343   Thumb Code     0  startup_stm32f407xx.o(.text)
    DMA2_Stream0_IRQHandler                  0x08000343   Thumb Code     0  startup_stm32f407xx.o(.text)
    DMA2_Stream1_IRQHandler                  0x08000343   Thumb Code     0  startup_stm32f407xx.o(.text)
    DMA2_Stream3_IRQHandler                  0x08000343   Thumb Code     0  startup_stm32f407xx.o(.text)
    DMA2_Stream4_IRQHandler                  0x08000343   Thumb Code     0  startup_stm32f407xx.o(.text)
    DMA2_Stream5_IRQHandler                  0x08000343   Thumb Code     0  startup_stm32f407xx.o(.text)
    DMA2_Stream6_IRQHandler                  0x08000343   Thumb Code     0  startup_stm32f407xx.o(.text)
    ETH_IRQHandler                           0x08000343   Thumb Code     0  startup_stm32f407xx.o(.text)
    ETH_WKUP_IRQHandler                      0x08000343   Thumb Code     0  startup_stm32f407xx.o(.text)
    EXTI0_IRQHandler                         0x08000343   Thumb Code     0  startup_stm32f407xx.o(.text)
    EXTI15_10_IRQHandler                     0x08000343   Thumb Code     0  startup_stm32f407xx.o(.text)
    EXTI1_IRQHandler                         0x08000343   Thumb Code     0  startup_stm32f407xx.o(.text)
    EXTI2_IRQHandler                         0x08000343   Thumb Code     0  startup_stm32f407xx.o(.text)
    EXTI3_IRQHandler                         0x08000343   Thumb Code     0  startup_stm32f407xx.o(.text)
    EXTI4_IRQHandler                         0x08000343   Thumb Code     0  startup_stm32f407xx.o(.text)
    EXTI9_5_IRQHandler                       0x08000343   Thumb Code     0  startup_stm32f407xx.o(.text)
    FLASH_IRQHandler                         0x08000343   Thumb Code     0  startup_stm32f407xx.o(.text)
    FMC_IRQHandler                           0x08000343   Thumb Code     0  startup_stm32f407xx.o(.text)
    FPU_IRQHandler                           0x08000343   Thumb Code     0  startup_stm32f407xx.o(.text)
    HASH_RNG_IRQHandler                      0x08000343   Thumb Code     0  startup_stm32f407xx.o(.text)
    I2C1_ER_IRQHandler                       0x08000343   Thumb Code     0  startup_stm32f407xx.o(.text)
    I2C1_EV_IRQHandler                       0x08000343   Thumb Code     0  startup_stm32f407xx.o(.text)
    I2C2_ER_IRQHandler                       0x08000343   Thumb Code     0  startup_stm32f407xx.o(.text)
    I2C2_EV_IRQHandler                       0x08000343   Thumb Code     0  startup_stm32f407xx.o(.text)
    I2C3_ER_IRQHandler                       0x08000343   Thumb Code     0  startup_stm32f407xx.o(.text)
    I2C3_EV_IRQHandler                       0x08000343   Thumb Code     0  startup_stm32f407xx.o(.text)
    OTG_FS_IRQHandler                        0x08000343   Thumb Code     0  startup_stm32f407xx.o(.text)
    OTG_FS_WKUP_IRQHandler                   0x08000343   Thumb Code     0  startup_stm32f407xx.o(.text)
    OTG_HS_EP1_IN_IRQHandler                 0x08000343   Thumb Code     0  startup_stm32f407xx.o(.text)
    OTG_HS_EP1_OUT_IRQHandler                0x08000343   Thumb Code     0  startup_stm32f407xx.o(.text)
    OTG_HS_IRQHandler                        0x08000343   Thumb Code     0  startup_stm32f407xx.o(.text)
    OTG_HS_WKUP_IRQHandler                   0x08000343   Thumb Code     0  startup_stm32f407xx.o(.text)
    PVD_IRQHandler                           0x08000343   Thumb Code     0  startup_stm32f407xx.o(.text)
    RCC_IRQHandler                           0x08000343   Thumb Code     0  startup_stm32f407xx.o(.text)
    RTC_Alarm_IRQHandler                     0x08000343   Thumb Code     0  startup_stm32f407xx.o(.text)
    RTC_WKUP_IRQHandler                      0x08000343   Thumb Code     0  startup_stm32f407xx.o(.text)
    SDIO_IRQHandler                          0x08000343   Thumb Code     0  startup_stm32f407xx.o(.text)
    SPI1_IRQHandler                          0x08000343   Thumb Code     0  startup_stm32f407xx.o(.text)
    SPI2_IRQHandler                          0x08000343   Thumb Code     0  startup_stm32f407xx.o(.text)
    SPI3_IRQHandler                          0x08000343   Thumb Code     0  startup_stm32f407xx.o(.text)
    TAMP_STAMP_IRQHandler                    0x08000343   Thumb Code     0  startup_stm32f407xx.o(.text)
    TIM1_BRK_TIM9_IRQHandler                 0x08000343   Thumb Code     0  startup_stm32f407xx.o(.text)
    TIM1_CC_IRQHandler                       0x08000343   Thumb Code     0  startup_stm32f407xx.o(.text)
    TIM1_TRG_COM_TIM11_IRQHandler            0x08000343   Thumb Code     0  startup_stm32f407xx.o(.text)
    TIM1_UP_TIM10_IRQHandler                 0x08000343   Thumb Code     0  startup_stm32f407xx.o(.text)
    TIM2_IRQHandler                          0x08000343   Thumb Code     0  startup_stm32f407xx.o(.text)
    TIM3_IRQHandler                          0x08000343   Thumb Code     0  startup_stm32f407xx.o(.text)
    TIM4_IRQHandler                          0x08000343   Thumb Code     0  startup_stm32f407xx.o(.text)
    TIM5_IRQHandler                          0x08000343   Thumb Code     0  startup_stm32f407xx.o(.text)
    TIM7_IRQHandler                          0x08000343   Thumb Code     0  startup_stm32f407xx.o(.text)
    TIM8_BRK_TIM12_IRQHandler                0x08000343   Thumb Code     0  startup_stm32f407xx.o(.text)
    TIM8_CC_IRQHandler                       0x08000343   Thumb Code     0  startup_stm32f407xx.o(.text)
    TIM8_TRG_COM_TIM14_IRQHandler            0x08000343   Thumb Code     0  startup_stm32f407xx.o(.text)
    TIM8_UP_TIM13_IRQHandler                 0x08000343   Thumb Code     0  startup_stm32f407xx.o(.text)
    UART4_IRQHandler                         0x08000343   Thumb Code     0  startup_stm32f407xx.o(.text)
    UART5_IRQHandler                         0x08000343   Thumb Code     0  startup_stm32f407xx.o(.text)
    USART2_IRQHandler                        0x08000343   Thumb Code     0  startup_stm32f407xx.o(.text)
    USART6_IRQHandler                        0x08000343   Thumb Code     0  startup_stm32f407xx.o(.text)
    WWDG_IRQHandler                          0x08000343   Thumb Code     0  startup_stm32f407xx.o(.text)
    __user_initial_stackheap                 0x08000345   Thumb Code     0  startup_stm32f407xx.o(.text)
    __aeabi_uldivmod                         0x08000369   Thumb Code     0  lludivv7m.o(.text)
    _ll_udiv                                 0x08000369   Thumb Code   238  lludivv7m.o(.text)
    __aeabi_memcpy                           0x08000457   Thumb Code     0  rt_memcpy_v6.o(.text)
    __rt_memcpy                              0x08000457   Thumb Code   138  rt_memcpy_v6.o(.text)
    _memcpy_lastbytes                        0x080004bd   Thumb Code     0  rt_memcpy_v6.o(.text)
    __aeabi_memcpy4                          0x080004e1   Thumb Code     0  rt_memcpy_w.o(.text)
    __aeabi_memcpy8                          0x080004e1   Thumb Code     0  rt_memcpy_w.o(.text)
    __rt_memcpy_w                            0x080004e1   Thumb Code   100  rt_memcpy_w.o(.text)
    _memcpy_lastbytes_aligned                0x08000529   Thumb Code     0  rt_memcpy_w.o(.text)
    __aeabi_memclr4                          0x08000545   Thumb Code     0  rt_memclr_w.o(.text)
    __aeabi_memclr8                          0x08000545   Thumb Code     0  rt_memclr_w.o(.text)
    __rt_memclr_w                            0x08000545   Thumb Code    78  rt_memclr_w.o(.text)
    _memset_w                                0x08000549   Thumb Code     0  rt_memclr_w.o(.text)
    __use_two_region_memory                  0x08000593   Thumb Code     2  heapauxi.o(.text)
    __rt_heap_escrow$2region                 0x08000595   Thumb Code     2  heapauxi.o(.text)
    __rt_heap_expand$2region                 0x08000597   Thumb Code     2  heapauxi.o(.text)
    __user_setup_stackheap                   0x08000599   Thumb Code    74  sys_stackheap_outer.o(.text)
    exit                                     0x080005e3   Thumb Code    18  exit.o(.text)
    __user_libspace                          0x080005f5   Thumb Code     8  libspace.o(.text)
    __user_perproc_libspace                  0x080005f5   Thumb Code     0  libspace.o(.text)
    __user_perthread_libspace                0x080005f5   Thumb Code     0  libspace.o(.text)
    _sys_exit                                0x080005fd   Thumb Code     8  sys_exit.o(.text)
    __I$use$semihosting                      0x08000609   Thumb Code     0  use_no_semi.o(.text)
    __use_no_semihosting_swi                 0x08000609   Thumb Code     2  use_no_semi.o(.text)
    __semihosting_library_function           0x0800060b   Thumb Code     0  indicate_semi.o(.text)
    BubbleSort                               0x0800060d   Thumb Code    90  app_crc.o(i.BubbleSort)
    BubbleSortINT32                          0x08000669   Thumb Code    64  app_crc.o(i.BubbleSortINT32)
    BusFault_Handler                         0x080006a9   Thumb Code     2  stm32f4xx_it.o(i.BusFault_Handler)
    DMA1_Stream1_IRQHandler                  0x080006ad   Thumb Code     6  stm32f4xx_it.o(i.DMA1_Stream1_IRQHandler)
    DMA1_Stream3_IRQHandler                  0x080006b9   Thumb Code     6  stm32f4xx_it.o(i.DMA1_Stream3_IRQHandler)
    DMA2_Stream2_IRQHandler                  0x080006c5   Thumb Code     6  stm32f4xx_it.o(i.DMA2_Stream2_IRQHandler)
    DMA2_Stream7_IRQHandler                  0x080006d1   Thumb Code     6  stm32f4xx_it.o(i.DMA2_Stream7_IRQHandler)
    DebugMon_Handler                         0x08000781   Thumb Code     2  stm32f4xx_it.o(i.DebugMon_Handler)
    Error_Handler                            0x08000783   Thumb Code     4  main.o(i.Error_Handler)
    GetFloatBalancingModelData               0x08000789   Thumb Code    32  app_t5l_ctrl.o(i.GetFloatBalancingModelData)
    HAL_DMA_Abort                            0x080007b1   Thumb Code   146  stm32f4xx_hal_dma.o(i.HAL_DMA_Abort)
    HAL_DMA_Abort_IT                         0x08000843   Thumb Code    36  stm32f4xx_hal_dma.o(i.HAL_DMA_Abort_IT)
    HAL_DMA_IRQHandler                       0x08000869   Thumb Code   412  stm32f4xx_hal_dma.o(i.HAL_DMA_IRQHandler)
    HAL_DMA_Init                             0x08000a09   Thumb Code   206  stm32f4xx_hal_dma.o(i.HAL_DMA_Init)
    HAL_DMA_Start_IT                         0x08000add   Thumb Code   110  stm32f4xx_hal_dma.o(i.HAL_DMA_Start_IT)
    HAL_GPIO_Init                            0x08000b4d   Thumb Code   450  stm32f4xx_hal_gpio.o(i.HAL_GPIO_Init)
    HAL_GPIO_ReadPin                         0x08000d3d   Thumb Code    10  stm32f4xx_hal_gpio.o(i.HAL_GPIO_ReadPin)
    HAL_GPIO_WritePin                        0x08000d47   Thumb Code    10  stm32f4xx_hal_gpio.o(i.HAL_GPIO_WritePin)
    HAL_GetTick                              0x08000d51   Thumb Code     6  stm32f4xx_hal.o(i.HAL_GetTick)
    HAL_I2C_Init                             0x08000d5d   Thumb Code   376  stm32f4xx_hal_i2c.o(i.HAL_I2C_Init)
    HAL_I2C_Mem_Read                         0x08000ee5   Thumb Code   490  stm32f4xx_hal_i2c.o(i.HAL_I2C_Mem_Read)
    HAL_I2C_Mem_Write                        0x080010dd   Thumb Code   294  stm32f4xx_hal_i2c.o(i.HAL_I2C_Mem_Write)
    HAL_I2C_MspInit                          0x0800120d   Thumb Code    94  i2c.o(i.HAL_I2C_MspInit)
    HAL_IncTick                              0x08001279   Thumb Code    12  stm32f4xx_hal.o(i.HAL_IncTick)
    HAL_Init                                 0x08001289   Thumb Code    48  stm32f4xx_hal.o(i.HAL_Init)
    HAL_InitTick                             0x080012bd   Thumb Code   132  stm32f4xx_hal_timebase_tim.o(i.HAL_InitTick)
    HAL_MspInit                              0x08001355   Thumb Code    52  stm32f4xx_hal_msp.o(i.HAL_MspInit)
    HAL_NVIC_EnableIRQ                       0x0800138d   Thumb Code    26  stm32f4xx_hal_cortex.o(i.HAL_NVIC_EnableIRQ)
    HAL_NVIC_SetPriority                     0x080013a9   Thumb Code    60  stm32f4xx_hal_cortex.o(i.HAL_NVIC_SetPriority)
    HAL_NVIC_SetPriorityGrouping             0x080013e9   Thumb Code    26  stm32f4xx_hal_cortex.o(i.HAL_NVIC_SetPriorityGrouping)
    HAL_RCC_ClockConfig                      0x0800140d   Thumb Code   288  stm32f4xx_hal_rcc.o(i.HAL_RCC_ClockConfig)
    HAL_RCC_GetClockConfig                   0x08001541   Thumb Code    54  stm32f4xx_hal_rcc.o(i.HAL_RCC_GetClockConfig)
    HAL_RCC_GetPCLK1Freq                     0x08001581   Thumb Code    20  stm32f4xx_hal_rcc.o(i.HAL_RCC_GetPCLK1Freq)
    HAL_RCC_GetPCLK2Freq                     0x080015a1   Thumb Code    20  stm32f4xx_hal_rcc.o(i.HAL_RCC_GetPCLK2Freq)
    HAL_RCC_GetSysClockFreq                  0x080015c1   Thumb Code    88  stm32f4xx_hal_rcc.o(i.HAL_RCC_GetSysClockFreq)
    HAL_RCC_OscConfig                        0x08001625   Thumb Code   856  stm32f4xx_hal_rcc.o(i.HAL_RCC_OscConfig)
    HAL_TIMEx_BreakCallback                  0x08001991   Thumb Code     2  stm32f4xx_hal_tim_ex.o(i.HAL_TIMEx_BreakCallback)
    HAL_TIMEx_CommutCallback                 0x08001993   Thumb Code     2  stm32f4xx_hal_tim_ex.o(i.HAL_TIMEx_CommutCallback)
    HAL_TIMEx_MasterConfigSynchronization    0x08001995   Thumb Code   116  stm32f4xx_hal_tim_ex.o(i.HAL_TIMEx_MasterConfigSynchronization)
    HAL_TIM_Base_Init                        0x08001a25   Thumb Code    90  stm32f4xx_hal_tim.o(i.HAL_TIM_Base_Init)
    HAL_TIM_Base_MspInit                     0x08001a81   Thumb Code    30  tim.o(i.HAL_TIM_Base_MspInit)
    HAL_TIM_Base_Start_IT                    0x08001aa9   Thumb Code   100  stm32f4xx_hal_tim.o(i.HAL_TIM_Base_Start_IT)
    HAL_TIM_IC_CaptureCallback               0x08001b29   Thumb Code     2  stm32f4xx_hal_tim.o(i.HAL_TIM_IC_CaptureCallback)
    HAL_TIM_IRQHandler                       0x08001b2b   Thumb Code   358  stm32f4xx_hal_tim.o(i.HAL_TIM_IRQHandler)
    HAL_TIM_OC_DelayElapsedCallback          0x08001c91   Thumb Code     2  stm32f4xx_hal_tim.o(i.HAL_TIM_OC_DelayElapsedCallback)
    HAL_TIM_PWM_PulseFinishedCallback        0x08001c93   Thumb Code     2  stm32f4xx_hal_tim.o(i.HAL_TIM_PWM_PulseFinishedCallback)
    HAL_TIM_PeriodElapsedCallback            0x08001c95   Thumb Code    14  main.o(i.HAL_TIM_PeriodElapsedCallback)
    HAL_TIM_TriggerCallback                  0x08001ca9   Thumb Code     2  stm32f4xx_hal_tim.o(i.HAL_TIM_TriggerCallback)
    HAL_UARTEx_RxEventCallback               0x08001cab   Thumb Code     2  stm32f4xx_hal_uart.o(i.HAL_UARTEx_RxEventCallback)
    HAL_UART_DMAStop                         0x08001cad   Thumb Code   112  stm32f4xx_hal_uart.o(i.HAL_UART_DMAStop)
    HAL_UART_ErrorCallback                   0x08001d1d   Thumb Code     2  stm32f4xx_hal_uart.o(i.HAL_UART_ErrorCallback)
    HAL_UART_IRQHandler                      0x08001d21   Thumb Code   610  stm32f4xx_hal_uart.o(i.HAL_UART_IRQHandler)
    HAL_UART_Init                            0x08001f89   Thumb Code    98  stm32f4xx_hal_uart.o(i.HAL_UART_Init)
    HAL_UART_MspInit                         0x08001fed   Thumb Code   382  usart.o(i.HAL_UART_MspInit)
    HAL_UART_Receive_DMA                     0x08002191   Thumb Code    42  stm32f4xx_hal_uart.o(i.HAL_UART_Receive_DMA)
    HAL_UART_Receive_IT                      0x080021bb   Thumb Code    42  stm32f4xx_hal_uart.o(i.HAL_UART_Receive_IT)
    HAL_UART_RxCpltCallback                  0x080021e5   Thumb Code    18  usart.o(i.HAL_UART_RxCpltCallback)
    HAL_UART_RxHalfCpltCallback              0x080021fd   Thumb Code     2  stm32f4xx_hal_uart.o(i.HAL_UART_RxHalfCpltCallback)
    HAL_UART_Transmit_DMA                    0x08002201   Thumb Code   126  stm32f4xx_hal_uart.o(i.HAL_UART_Transmit_DMA)
    HAL_UART_TxCpltCallback                  0x0800228d   Thumb Code    34  usart.o(i.HAL_UART_TxCpltCallback)
    HAL_UART_TxHalfCpltCallback              0x080022b9   Thumb Code     2  stm32f4xx_hal_uart.o(i.HAL_UART_TxHalfCpltCallback)
    HardFault_Handler                        0x080022bb   Thumb Code     2  stm32f4xx_it.o(i.HardFault_Handler)
    LedCtrlSendPulse                         0x0800268d   Thumb Code    82  app_led_ctrl.o(i.LedCtrlSendPulse)
    LedDataSet                               0x080026e1   Thumb Code    98  app_led_ctrl.o(i.LedDataSet)
    MX_DMA_Init                              0x08002749   Thumb Code   104  dma.o(i.MX_DMA_Init)
    MX_FREERTOS_Init                         0x080027b5   Thumb Code    52  freertos.o(i.MX_FREERTOS_Init)
    MX_GPIO_Init                             0x080027f1   Thumb Code   350  gpio.o(i.MX_GPIO_Init)
    MX_I2C1_Init                             0x08002969   Thumb Code    50  i2c.o(i.MX_I2C1_Init)
    MX_TIM7_Init                             0x080029a9   Thumb Code    60  tim.o(i.MX_TIM7_Init)
    MX_USART1_UART_Init                      0x080029ed   Thumb Code    48  usart.o(i.MX_USART1_UART_Init)
    MX_USART3_UART_Init                      0x08002a25   Thumb Code    48  usart.o(i.MX_USART3_UART_Init)
    MemManage_Handler                        0x08002a5d   Thumb Code     2  stm32f4xx_it.o(i.MemManage_Handler)
    ModbusRtu_MainFunction                   0x08002a61   Thumb Code    46  app_modbus_rtu_ctrl.o(i.ModbusRtu_MainFunction)
    ModbusRtu_MasterCycleReadWeightScan      0x08002a99   Thumb Code    54  app_modbus_rtu_ctrl.o(i.ModbusRtu_MasterCycleReadWeightScan)
    ModbusRtu_MasterMainFunction             0x08002ad5   Thumb Code    44  app_modbus_rtu_ctrl.o(i.ModbusRtu_MasterMainFunction)
    ModbusRtu_MasterMaskDeal                 0x08002b01   Thumb Code   564  app_modbus_rtu_ctrl.o(i.ModbusRtu_MasterMaskDeal)
    ModbusRtu_MasterRxMainFunction           0x08002d39   Thumb Code   464  app_modbus_rtu_ctrl.o(i.ModbusRtu_MasterRxMainFunction)
    ModbusRtu_MasterTxMainFunction           0x08002f0d   Thumb Code   118  app_modbus_rtu_ctrl.o(i.ModbusRtu_MasterTxMainFunction)
    ModbusRtu_RxMainFunction                 0x08002f83   Thumb Code    96  app_modbus_rtu_ctrl.o(i.ModbusRtu_RxMainFunction)
    ModbusRtu_SlaveMainFunction              0x08002fe3   Thumb Code    30  app_modbus_rtu_ctrl.o(i.ModbusRtu_SlaveMainFunction)
    ModbusRtu_SlaveRxMainFunction            0x08003001   Thumb Code   322  app_modbus_rtu_ctrl.o(i.ModbusRtu_SlaveRxMainFunction)
    ModbusRtu_SlaveTxMainFunction            0x08003149   Thumb Code    72  app_modbus_rtu_ctrl.o(i.ModbusRtu_SlaveTxMainFunction)
    ModbusRtu_SlaveTxMaskDeal                0x08003191   Thumb Code   934  app_modbus_rtu_ctrl.o(i.ModbusRtu_SlaveTxMaskDeal)
    ModbusRtu_init                           0x0800353d   Thumb Code    50  app_modbus_rtu_ctrl.o(i.ModbusRtu_init)
    NMI_Handler                              0x08003579   Thumb Code     2  stm32f4xx_it.o(i.NMI_Handler)
    STM32CheckPassWord                       0x0800357d   Thumb Code    50  app_password.o(i.STM32CheckPassWord)
    StartDefaultTask                         0x080035b9   Thumb Code     8  freertos.o(i.StartDefaultTask)
    StartappTask1Ms                          0x080035c1   Thumb Code    12  freertos.o(i.StartappTask1Ms)
    SysTick_Handler                          0x080035cd   Thumb Code    38  port.o(i.SysTick_Handler)
    SystemClock_Config                       0x080035f9   Thumb Code   142  main.o(i.SystemClock_Config)
    SystemInit                               0x08003691   Thumb Code    12  system_stm32f4xx.o(i.SystemInit)
    TIM6_DAC_IRQHandler                      0x080036a1   Thumb Code    14  stm32f4xx_it.o(i.TIM6_DAC_IRQHandler)
    TIM_Base_SetConfig                       0x080036b9   Thumb Code   156  stm32f4xx_hal_tim.o(i.TIM_Base_SetConfig)
    UART_Start_Receive_DMA                   0x08003af9   Thumb Code   134  stm32f4xx_hal_uart.o(i.UART_Start_Receive_DMA)
    UART_Start_Receive_IT                    0x08003b8d   Thumb Code    58  stm32f4xx_hal_uart.o(i.UART_Start_Receive_IT)
    USART1_IRQHandler                        0x08003bc9   Thumb Code    18  stm32f4xx_it.o(i.USART1_IRQHandler)
    USART3_IRQHandler                        0x08003be1   Thumb Code     6  stm32f4xx_it.o(i.USART3_IRQHandler)
    UsageFault_Handler                       0x08003bed   Thumb Code     2  stm32f4xx_it.o(i.UsageFault_Handler)
    Usart1AsScreen1Receive_IDLE              0x08003bf1   Thumb Code    72  usart.o(i.Usart1AsScreen1Receive_IDLE)
    app_HAL_I2C_Master_Read                  0x08003c61   Thumb Code   150  app_i2c.o(i.app_HAL_I2C_Master_Read)
    app_HAL_I2C_Master_Transmit              0x08003d01   Thumb Code   148  app_i2c.o(i.app_HAL_I2C_Master_Transmit)
    app_i2c_test                             0x08003d9d   Thumb Code   128  app_i2c.o(i.app_i2c_test)
    app_main_init                            0x08003e29   Thumb Code    38  app_main_task.o(i.app_main_init)
    app_main_task                            0x08003e55   Thumb Code    96  app_main_task.o(i.app_main_task)
    balaningColorClear                       0x08003eb9   Thumb Code    22  app_led_ctrl.o(i.balaningColorClear)
    cal_crc16                                0x08003ed1   Thumb Code    50  app_crc.o(i.cal_crc16)
    chanelChangedTrigerDeal                  0x08003f09   Thumb Code   226  app_t5l_ctrl.o(i.chanelChangedTrigerDeal)
    clearLocalCalibrationKAndBAndSample      0x08003ff9   Thumb Code   130  app_t5l_ctrl.o(i.clearLocalCalibrationKAndBAndSample)
    clearLocalCalibrationRecordData          0x08004081   Thumb Code    82  app_t5l_ctrl.o(i.clearLocalCalibrationRecordData)
    color_clearAllColor                      0x080040d9   Thumb Code    22  app_t5l_ctrl.o(i.color_clearAllColor)
    getChanelStruct                          0x080040f5   Thumb Code    24  app_hx711_ctrl.o(i.getChanelStruct)
    getModbusOtherRemoveFlag                 0x08004111   Thumb Code     8  app_modbus_rtu_ctrl.o(i.getModbusOtherRemoveFlag)
    getSysColorWhichUsable                   0x0800411d   Thumb Code    50  app_t5l_ctrl.o(i.getSysColorWhichUsable)
    get_SysTick_ByTimer                      0x08004155   Thumb Code     6  stm32f4xx_it.o(i.get_SysTick_ByTimer)
    hal_delay_ms                             0x08004161   Thumb Code    24  hal_delay.o(i.hal_delay_ms)
    hal_delay_us                             0x08004179   Thumb Code    16  hal_delay.o(i.hal_delay_us)
    hal_di_get                               0x08004189   Thumb Code    26  hal_gpio.o(i.hal_di_get)
    hal_gpio_set_do_high                     0x080041ad   Thumb Code    18  hal_gpio.o(i.hal_gpio_set_do_high)
    hal_gpio_set_do_low                      0x080041c9   Thumb Code    18  hal_gpio.o(i.hal_gpio_set_do_low)
    hal_uart_port_init                       0x080041e5   Thumb Code     2  hal_uart.o(i.hal_uart_port_init)
    hal_uart_rx_irq_disable                  0x080041e7   Thumb Code     2  hal_uart.o(i.hal_uart_rx_irq_disable)
    hal_uart_rx_irq_enable                   0x080041e9   Thumb Code     2  hal_uart.o(i.hal_uart_rx_irq_enable)
    hal_uart_set_braudrate                   0x080041eb   Thumb Code     2  hal_uart.o(i.hal_uart_set_braudrate)
    hal_uart_set_timeout                     0x080041ed   Thumb Code     2  hal_uart.o(i.hal_uart_set_timeout)
    hal_uart_tx_bytes                        0x080041f1   Thumb Code    12  hal_uart.o(i.hal_uart_tx_bytes)
    handleWeightColorWasSend                 0x08004201   Thumb Code    30  app_t5l_ctrl.o(i.handleWeightColorWasSend)
    handleWeightDataWasSend                  0x08004221   Thumb Code    30  app_t5l_ctrl.o(i.handleWeightDataWasSend)
    hx711_AllChanelSample                    0x08004241   Thumb Code   194  app_hx711_ctrl.o(i.hx711_AllChanelSample)
    hx711_DataSampleCtrl                     0x08004309   Thumb Code    38  app_hx711_ctrl.o(i.hx711_DataSampleCtrl)
    hx711_MainFunction                       0x08004335   Thumb Code   178  app_hx711_ctrl.o(i.hx711_MainFunction)
    hx711_SenserCheck                        0x080043ed   Thumb Code   346  app_hx711_ctrl.o(i.hx711_SenserCheck)
    hx711_SigChanelAvrgAndWeightCalc         0x08004559   Thumb Code   154  app_hx711_ctrl.o(i.hx711_SigChanelAvrgAndWeightCalc)
    hx711_getAvgSample                       0x080045f5   Thumb Code    26  app_hx711_ctrl.o(i.hx711_getAvgSample)
    hx711_getWeight                          0x08004615   Thumb Code   108  app_hx711_ctrl.o(i.hx711_getWeight)
    hx711_init                               0x08004699   Thumb Code   146  app_hx711_ctrl.o(i.hx711_init)
    hx711_setAllRemoveWeight                 0x08004741   Thumb Code    70  app_hx711_ctrl.o(i.hx711_setAllRemoveWeight)
    judgeWeightColorIfNotNeedSend            0x08004791   Thumb Code    40  app_t5l_ctrl.o(i.judgeWeightColorIfNotNeedSend)
    judgeWeightDataIfNotNeedSend             0x080047b9   Thumb Code    40  app_t5l_ctrl.o(i.judgeWeightDataIfNotNeedSend)
    jumpToActivePage                         0x080047e1   Thumb Code    54  app_t5l_ctrl.o(i.jumpToActivePage)
    jumpToBalancingCleanPage                 0x08004821   Thumb Code    68  app_t5l_ctrl.o(i.jumpToBalancingCleanPage)
    jumpToBalancingHomePage                  0x08004871   Thumb Code    90  app_t5l_ctrl.o(i.jumpToBalancingHomePage)
    jumpToBalancingPage                      0x080048d9   Thumb Code    98  app_t5l_ctrl.o(i.jumpToBalancingPage)
    jumpToBanlingPage                        0x08004949   Thumb Code    98  app_t5l_ctrl.o(i.jumpToBanlingPage)
    jumpToCalibrationPage                    0x080049b9   Thumb Code    54  app_t5l_ctrl.o(i.jumpToCalibrationPage)
    jumpToHomePage                           0x080049f9   Thumb Code    54  app_t5l_ctrl.o(i.jumpToHomePage)
    jumpToSysparaPage                        0x08004a39   Thumb Code    54  app_t5l_ctrl.o(i.jumpToSysparaPage)
    key_FilterGet                            0x08004a79   Thumb Code    28  app_key_ctrl.o(i.key_FilterGet)
    key_MainFunction                         0x08004a99   Thumb Code   120  app_key_ctrl.o(i.key_MainFunction)
    key_filter                               0x08004b19   Thumb Code    68  app_key_ctrl.o(i.key_filter)
    key_init                                 0x08004b61   Thumb Code    48  app_key_ctrl.o(i.key_init)
    led_MainFunction                         0x08004b95   Thumb Code   110  app_led_ctrl.o(i.led_MainFunction)
    led_init                                 0x08004c0d   Thumb Code    64  app_led_ctrl.o(i.led_init)
    main                                     0x08004c4d   Thumb Code    94  main.o(i.main)
    masterCaculateHelpData                   0x08004cc1   Thumb Code   366  app_t5l_ctrl.o(i.masterCaculateHelpData)
    osDelay                                  0x08004e3d   Thumb Code    14  cmsis_os.o(i.osDelay)
    osKernelStart                            0x08004e4b   Thumb Code    10  cmsis_os.o(i.osKernelStart)
    osThreadCreate                           0x08004e55   Thumb Code    84  cmsis_os.o(i.osThreadCreate)
    pointSampleTrigerDataSet                 0x08004ea9   Thumb Code    26  app_t5l_ctrl.o(i.pointSampleTrigerDataSet)
    pointTrigerDataSet                       0x08004ec9   Thumb Code    36  app_t5l_ctrl.o(i.pointTrigerDataSet)
    pointTrigerDeal                          0x08004ef1   Thumb Code   152  app_t5l_ctrl.o(i.pointTrigerDeal)
    pointWeightTrigerDataSet                 0x08004f91   Thumb Code    26  app_t5l_ctrl.o(i.pointWeightTrigerDataSet)
    preBalancingWeightAndColorIfNotNeedSendToSreen 0x08004fb1   Thumb Code   166  app_t5l_ctrl.o(i.preBalancingWeightAndColorIfNotNeedSendToSreen)
    preColorDataAndJudgeIfNeedSend           0x0800505d   Thumb Code   664  app_t5l_ctrl.o(i.preColorDataAndJudgeIfNeedSend)
    preCurrentDeviceWeightData               0x080052fd   Thumb Code   114  app_t5l_ctrl.o(i.preCurrentDeviceWeightData)
    preOtherDeviceWeightData                 0x08005379   Thumb Code    82  app_t5l_ctrl.o(i.preOtherDeviceWeightData)
    preWeightDataAndJudgeIfNeedSend_FuncA_Master 0x080053cb   Thumb Code    52  app_t5l_ctrl.o(i.preWeightDataAndJudgeIfNeedSend_FuncA_Master)
    preWeightDataAndJudgeIfNeedSend_Master   0x08005401   Thumb Code    74  app_t5l_ctrl.o(i.preWeightDataAndJudgeIfNeedSend_Master)
    pvPortMalloc                             0x0800579d   Thumb Code   216  heap_4.o(i.pvPortMalloc)
    pxPortInitialiseStack                    0x08005879   Thumb Code    40  port.o(i.pxPortInitialiseStack)
    readColorDataFromSys                     0x080058a5   Thumb Code    42  app_t5l_ctrl.o(i.readColorDataFromSys)
    readHelpDataFromSys                      0x080058d5   Thumb Code    42  app_t5l_ctrl.o(i.readHelpDataFromSys)
    readSysDataFromFlash                     0x08005905   Thumb Code   320  app_syspara.o(i.readSysDataFromFlash)
    readSysDataFromFlash_3030                0x08005a45   Thumb Code   236  app_syspara.o(i.readSysDataFromFlash_3030)
    readWeightDataFromSys                    0x08005b39   Thumb Code    42  app_t5l_ctrl.o(i.readWeightDataFromSys)
    releaseSysColor                          0x08005b69   Thumb Code    36  app_t5l_ctrl.o(i.releaseSysColor)
    removeWeightTrigerDeal                   0x08005b91   Thumb Code   122  app_t5l_ctrl.o(i.removeWeightTrigerDeal)
    resetCalibrationTrigerDeal               0x08005c15   Thumb Code   158  app_t5l_ctrl.o(i.resetCalibrationTrigerDeal)
    sampleDataPush                           0x08005cbd   Thumb Code    40  app_hx711_ctrl.o(i.sampleDataPush)
    screenT5L_HelpDataMainFunction           0x08005ce5   Thumb Code    50  app_t5l_ctrl.o(i.screenT5L_HelpDataMainFunction)
    screenT5L_Init                           0x08005d21   Thumb Code   136  app_t5l_ctrl.o(i.screenT5L_Init)
    screenT5L_OutputVoice                    0x08005db9   Thumb Code   122  app_t5l_ctrl.o(i.screenT5L_OutputVoice)
    screenT5L_RxFunction                     0x08005e41   Thumb Code   228  app_t5l_ctrl.o(i.screenT5L_RxFunction)
    screenT5L_TxFunction                     0x08005f29   Thumb Code   456  app_t5l_ctrl.o(i.screenT5L_TxFunction)
    screenT5L_VoicePrintfMainfunction        0x080060fd   Thumb Code   158  app_t5l_ctrl.o(i.screenT5L_VoicePrintfMainfunction)
    screen_ChangeDisplayPosition             0x080061a1   Thumb Code   274  app_t5l_ctrl.o(i.screen_ChangeDisplayPosition)
    sdweAskRegData                           0x080062c5   Thumb Code    18  app_t5l_ctrl.o(i.sdweAskRegData)
    sdweAskVaribleData                       0x080062dd   Thumb Code   818  app_t5l_ctrl.o(i.sdweAskVaribleData)
    sdwe_VoicePrintfPop                      0x08006619   Thumb Code   110  app_t5l_ctrl.o(i.sdwe_VoicePrintfPop)
    sdwe_VoicePrintfPush                     0x08006691   Thumb Code    48  app_t5l_ctrl.o(i.sdwe_VoicePrintfPush)
    sendBalancingWeightAndColor20220125_FuncA_Master 0x080066c9   Thumb Code   156  app_t5l_ctrl.o(i.sendBalancingWeightAndColor20220125_FuncA_Master)
    sendBalancingWeightAndColor20220125_FuncA_Slave 0x0800676d   Thumb Code    98  app_t5l_ctrl.o(i.sendBalancingWeightAndColor20220125_FuncA_Slave)
    sendBalancingWeightAndColor_Master       0x080067d9   Thumb Code    42  app_t5l_ctrl.o(i.sendBalancingWeightAndColor_Master)
    sendBalancingWeightAndColor_Slave_1      0x0800680d   Thumb Code   172  app_t5l_ctrl.o(i.sendBalancingWeightAndColor_Slave_1)
    sendHelpDataDiff                         0x080068c1   Thumb Code   432  app_t5l_ctrl.o(i.sendHelpDataDiff)
    sendHelpDataDiff_AtSlave1Device          0x08006a81   Thumb Code    74  app_t5l_ctrl.o(i.sendHelpDataDiff_AtSlave1Device)
    sendScreenLight                          0x08006ad5   Thumb Code    74  app_t5l_ctrl.o(i.sendScreenLight)
    sendSysParaDataToDiwen                   0x08006b2d   Thumb Code   718  app_t5l_ctrl.o(i.sendSysParaDataToDiwen)
    setModbusDataValid                       0x08006e0d   Thumb Code     8  app_modbus_rtu_ctrl.o(i.setModbusDataValid)
    setModbusOtherRemoveFlag                 0x08006e19   Thumb Code     8  app_modbus_rtu_ctrl.o(i.setModbusOtherRemoveFlag)
    setModbusSelfRemoveFlag                  0x08006e25   Thumb Code     8  app_modbus_rtu_ctrl.o(i.setModbusSelfRemoveFlag)
    setSampleWeightValue                     0x08006e31   Thumb Code    30  app_hx711_ctrl.o(i.setSampleWeightValue)
    sreenT5L_MainFunction                    0x08006e55   Thumb Code    42  app_t5l_ctrl.o(i.sreenT5L_MainFunction)
    storeSysDataToFlash                      0x08006e85   Thumb Code   276  app_syspara.o(i.storeSysDataToFlash)
    storeSysDataToFlash_3030                 0x08006fa1   Thumb Code   550  app_syspara.o(i.storeSysDataToFlash_3030)
    t5lDisPlayDataClear                      0x080071d5   Thumb Code   116  app_t5l_ctrl.o(i.t5lDisPlayDataClear)
    t5lWriteData                             0x08007251   Thumb Code   198  app_t5l_ctrl.o(i.t5lWriteData)
    t5lWriteVarible                          0x08007321   Thumb Code   170  app_t5l_ctrl.o(i.t5lWriteVarible)
    trigerCalcKB                             0x080073d5   Thumb Code   232  app_hx711_ctrl.o(i.trigerCalcKB)
    uxListRemove                             0x080074c1   Thumb Code    38  list.o(i.uxListRemove)
    vApplicationGetIdleTaskMemory            0x080074e9   Thumb Code    16  freertos.o(i.vApplicationGetIdleTaskMemory)
    vListInitialise                          0x080074fd   Thumb Code    22  list.o(i.vListInitialise)
    vListInitialiseItem                      0x08007513   Thumb Code     6  list.o(i.vListInitialiseItem)
    vListInsert                              0x08007519   Thumb Code    48  list.o(i.vListInsert)
    vListInsertEnd                           0x08007549   Thumb Code    24  list.o(i.vListInsertEnd)
    vPortEnterCritical                       0x08007561   Thumb Code    54  port.o(i.vPortEnterCritical)
    vPortExitCritical                        0x080075a1   Thumb Code    34  port.o(i.vPortExitCritical)
    vPortFree                                0x080075c9   Thumb Code    94  heap_4.o(i.vPortFree)
    vPortSetupTimerInterrupt                 0x0800762d   Thumb Code    32  port.o(i.vPortSetupTimerInterrupt)
    vTaskDelay                               0x08007651   Thumb Code    66  tasks.o(i.vTaskDelay)
    vTaskStartScheduler                      0x0800769d   Thumb Code    90  tasks.o(i.vTaskStartScheduler)
    vTaskSuspendAll                          0x08007709   Thumb Code    10  tasks.o(i.vTaskSuspendAll)
    vTaskSwitchContext                       0x08007719   Thumb Code    82  tasks.o(i.vTaskSwitchContext)
    writeColorDataFromCom                    0x08007775   Thumb Code    56  app_t5l_ctrl.o(i.writeColorDataFromCom)
    writeHelpDataFromCom                     0x080077b1   Thumb Code    56  app_t5l_ctrl.o(i.writeHelpDataFromCom)
    writeWeightDataFromCom                   0x080077ed   Thumb Code    56  app_t5l_ctrl.o(i.writeWeightDataFromCom)
    xPortStartScheduler                      0x08007829   Thumb Code   222  port.o(i.xPortStartScheduler)
    xTaskCreate                              0x0800791d   Thumb Code    90  tasks.o(i.xTaskCreate)
    xTaskCreateStatic                        0x08007977   Thumb Code    86  tasks.o(i.xTaskCreateStatic)
    xTaskIncrementTick                       0x080079cd   Thumb Code   194  tasks.o(i.xTaskIncrementTick)
    xTaskResumeAll                           0x08007a99   Thumb Code   182  tasks.o(i.xTaskResumeAll)
    __aeabi_d2f                              0x08007b5d   Thumb Code     0  d2f.o(x$fpl$d2f)
    _d2f                                     0x08007b5d   Thumb Code    98  d2f.o(x$fpl$d2f)
    __fpl_dcmp_Inf                           0x08007bbf   Thumb Code    24  dcmpi.o(x$fpl$dcmpinf)
    __aeabi_i2d                              0x08007bd7   Thumb Code     0  dflt_clz.o(x$fpl$dflt)
    _dflt                                    0x08007bd7   Thumb Code    46  dflt_clz.o(x$fpl$dflt)
    __aeabi_ui2d                             0x08007c05   Thumb Code     0  dflt_clz.o(x$fpl$dfltu)
    _dfltu                                   0x08007c05   Thumb Code    38  dflt_clz.o(x$fpl$dfltu)
    __aeabi_cdcmple                          0x08007c2d   Thumb Code     0  dleqf.o(x$fpl$dleqf)
    _dcmple                                  0x08007c2d   Thumb Code   120  dleqf.o(x$fpl$dleqf)
    __fpl_dcmple_InfNaN                      0x08007c8f   Thumb Code     0  dleqf.o(x$fpl$dleqf)
    __aeabi_dmul                             0x08007ca5   Thumb Code     0  dmul.o(x$fpl$dmul)
    _dmul                                    0x08007ca5   Thumb Code   332  dmul.o(x$fpl$dmul)
    __fpl_dnaninf                            0x08007df9   Thumb Code   156  dnaninf.o(x$fpl$dnaninf)
    __fpl_dretinf                            0x08007e95   Thumb Code    12  dretinf.o(x$fpl$dretinf)
    __aeabi_cdrcmple                         0x08007ea1   Thumb Code     0  drleqf.o(x$fpl$drleqf)
    _drcmple                                 0x08007ea1   Thumb Code   108  drleqf.o(x$fpl$drleqf)
    _fp_init                                 0x08007f0d   Thumb Code    10  fpinit.o(x$fpl$fpinit)
    __fplib_config_fpu_vfp                   0x08007f15   Thumb Code     0  fpinit.o(x$fpl$fpinit)
    __fplib_config_pureend_doubles           0x08007f15   Thumb Code     0  fpinit.o(x$fpl$fpinit)
    __fpl_fretinf                            0x08007f17   Thumb Code    10  fretinf.o(x$fpl$fretinf)
    __I$use$fp                               0x08007f20   Number         0  usenofp.o(x$fpl$usenofp)
    AHBPrescTable                            0x08007f60   Data          16  system_stm32f4xx.o(.constdata)
    APBPrescTable                            0x08007f70   Data           8  system_stm32f4xx.o(.constdata)
    g_CrcHTable                              0x08007f78   Data         256  app_crc.o(.constdata)
    g_CrcLTable                              0x08008078   Data         256  app_crc.o(.constdata)
    defaultChanelSamplePoint                 0x08008178   Data          40  app_hx711_ctrl.o(.constdata)
    DO_GPIO_PIN                              0x080081cc   Data          30  hal_gpio.o(.constdata)
    DI_GPIO_PIN                              0x080081ea   Data          22  hal_gpio.o(.constdata)
    Region$$Table$$Base                      0x08008218   Number         0  anon$$obj.o(Region$$Table)
    Region$$Table$$Limit                     0x08008238   Number         0  anon$$obj.o(Region$$Table)
    defaultTaskHandle                        0x20000000   Data           4  freertos.o(.data)
    appTask1MsHandle                         0x20000004   Data           4  freertos.o(.data)
    sys_tick                                 0x20000008   Data           4  stm32f4xx_it.o(.data)
    uwTickFreq                               0x2000000c   Data           1  stm32f4xx_hal.o(.data)
    uwTickPrio                               0x20000010   Data           4  stm32f4xx_hal.o(.data)
    uwTick                                   0x20000014   Data           4  stm32f4xx_hal.o(.data)
    SystemCoreClock                          0x20000018   Data           4  system_stm32f4xx.o(.data)
    pxCurrentTCB                             0x2000001c   Data           4  tasks.o(.data)
    g_led_ctrl_data                          0x2000009b   Data           4  app_led_ctrl.o(.data)
    g_sys_ms_tick                            0x200000a8   Data           4  app_main_task.o(.data)
    g_ModbusRtu                              0x200000ac   Data         868  app_modbus_rtu_ctrl.o(.data)
    g_passWordId                             0x20000410   Data           4  app_password.o(.data)
    g_passWordStore                          0x20000414   Data           4  app_password.o(.data)
    g_sysLocked                              0x20000418   Data           4  app_password.o(.data)
    idAddr                                   0x2000041c   Data          40  app_password.o(.data)
    gSystemPara                              0x20000448   Data          96  app_syspara.o(.data)
    u8T5LVoiceBuffPush_i                     0x200004a8   Data           1  app_t5l_ctrl.o(.data)
    u8T5LVoiceBuffPop_i                      0x200004a9   Data           1  app_t5l_ctrl.o(.data)
    u8T5LVoiceBuffStoreNum                   0x200004aa   Data           1  app_t5l_ctrl.o(.data)
    g_u8Read00A1_Data                        0x200004ab   Data           1  app_t5l_ctrl.o(.data)
    describlePointAdd_help                   0x200004e8   Data           8  app_t5l_ctrl.o(.data)
    g_T5L                                    0x200004f0   Data         616  app_t5l_ctrl.o(.data)
    describlePointAdd                        0x20000758   Data          16  app_t5l_ctrl.o(.data)
    describlePointVluWuXiaoShu               0x20000768   Data          96  app_t5l_ctrl.o(.data)
    describlePointVluXiaoShu                 0x200007c8   Data          96  app_t5l_ctrl.o(.data)
    describlePointVluWuXiaoShu_help          0x20000828   Data          48  app_t5l_ctrl.o(.data)
    describlePointVluXiaoShu_help            0x20000858   Data          48  app_t5l_ctrl.o(.data)
    DO_GPIO_PORT                             0x20000888   Data          60  hal_gpio.o(.data)
    DI_GPIO_PORT                             0x200008c4   Data          44  hal_gpio.o(.data)
    g_UartDevice                             0x200008f0   Data         128  hal_uart.o(.data)
    app_i2c_test_flag                        0x20000970   Data           1  app_i2c.o(.data)
    user_i2c_test_data_add                   0x20000972   Data           2  app_i2c.o(.data)
    user_i2c_test_start_tick                 0x20000974   Data           4  app_i2c.o(.data)
    user_i2c_test_end_tick                   0x20000978   Data           4  app_i2c.o(.data)
    user_i2c_test_expend_tick                0x2000097c   Data           4  app_i2c.o(.data)
    app_i2cComtext                           0x20000980   Data          28  app_i2c.o(.data)
    hi2c1                                    0x20000bf0   Data          84  i2c.o(.bss)
    htim7                                    0x20000c44   Data          72  tim.o(.bss)
    Usart1AsScreen1Type                      0x20000c8c   Data        1028  usart.o(.bss)
    Rx_buff                                  0x20001090   Data          50  usart.o(.bss)
    huart1                                   0x200010c4   Data          68  usart.o(.bss)
    huart3                                   0x20001108   Data          68  usart.o(.bss)
    hdma_usart1_rx                           0x2000114c   Data          96  usart.o(.bss)
    hdma_usart1_tx                           0x200011ac   Data          96  usart.o(.bss)
    hdma_usart3_rx                           0x2000120c   Data          96  usart.o(.bss)
    hdma_usart3_tx                           0x2000126c   Data          96  usart.o(.bss)
    htim6                                    0x200012cc   Data          72  stm32f4xx_hal_timebase_tim.o(.bss)
    HX711Chanel                              0x2000502c   Data        1888  app_hx711_ctrl.o(.bss)
    SysKey                                   0x2000578c   Data          12  app_key_ctrl.o(.bss)
    STM32McuId                               0x20005798   Data          12  app_password.o(.bss)
    flashStoreDataBuf                        0x200057a4   Data        1412  app_syspara.o(.bss)
    flashStoreDataBuf_3030                   0x20005d28   Data          96  app_syspara.o(.bss)
    g_i16DataBuff                            0x20005d88   Data          32  app_t5l_ctrl.o(.bss)
    g_i16DataBuffPre                         0x20005da8   Data          32  app_t5l_ctrl.o(.bss)
    g_i32_i16DataBuff                        0x20005dc8   Data          32  app_t5l_ctrl.o(.bss)
    g_i16ColorBuff                           0x20005de8   Data          16  app_t5l_ctrl.o(.bss)
    g_i16ColorBuffPre                        0x20005df8   Data          16  app_t5l_ctrl.o(.bss)
    g_i16ColorOtherChanel                    0x20005e08   Data          16  app_t5l_ctrl.o(.bss)
    g_fDataBuffCaculate                      0x20005e18   Data          32  app_t5l_ctrl.o(.bss)
    g_i16OtherChanelCaculate                 0x20005e38   Data          16  app_t5l_ctrl.o(.bss)
    g_i16HelpDataBuff                        0x20005e48   Data          24  app_t5l_ctrl.o(.bss)
    g_i16HelpDataBuffPre                     0x20005e60   Data          24  app_t5l_ctrl.o(.bss)
    g_i16HelpDataSort                        0x20005e78   Data          32  app_t5l_ctrl.o(.bss)
    g_i16HelpDataChnSort                     0x20005e98   Data          16  app_t5l_ctrl.o(.bss)
    g_T5L_VoiceBuff                          0x20006178   Data          18  app_t5l_ctrl.o(.bss)
    app_i2cRxData                            0x2000618a   Data          64  app_i2c.o(.bss)
    app_i2cTxData                            0x200061ca   Data          64  app_i2c.o(.bss)
    user_i2cRxData                           0x2000620a   Data        1024  app_i2c.o(.bss)
    user_i2cTxData                           0x2000660a   Data        1024  app_i2c.o(.bss)
    __libspace_start                         0x20006a0c   Data          96  libspace.o(.bss)
    __temporary_stack_top$libspace           0x20006a6c   Data           0  libspace.o(.bss)



==============================================================================

Memory Map of the image

  Image Entry point : 0x08000189

  Load Region LR_IROM1 (Base: 0x08000000, Size: 0x00008bd4, Max: 0x00080000, ABSOLUTE, COMPRESSED[0x00008390])

    Execution Region ER_IROM1 (Base: 0x08000000, Size: 0x00008238, Max: 0x00080000, ABSOLUTE)

    Base Addr    Size         Type   Attr      Idx    E Section Name        Object

    0x08000000   0x00000188   Data   RO            3    RESET               startup_stm32f407xx.o
    0x08000188   0x00000008   Code   RO         6257  * !!!main             c_w.l(__main.o)
    0x08000190   0x00000034   Code   RO         6451    !!!scatter          c_w.l(__scatter.o)
    0x080001c4   0x0000005a   Code   RO         6449    !!dczerorl2         c_w.l(__dczerorl2.o)
    0x0800021e   0x00000002   PAD
    0x08000220   0x0000001c   Code   RO         6453    !!handler_zi        c_w.l(__scatter_zi.o)
    0x0800023c   0x00000002   Code   RO         6319    .ARM.Collect$$libinit$$00000000  c_w.l(libinit.o)
    0x0800023e   0x00000004   Code   RO         6331    .ARM.Collect$$libinit$$00000001  c_w.l(libinit2.o)
    0x08000242   0x00000000   Code   RO         6334    .ARM.Collect$$libinit$$00000004  c_w.l(libinit2.o)
    0x08000242   0x00000000   Code   RO         6337    .ARM.Collect$$libinit$$0000000A  c_w.l(libinit2.o)
    0x08000242   0x00000000   Code   RO         6339    .ARM.Collect$$libinit$$0000000C  c_w.l(libinit2.o)
    0x08000242   0x00000000   Code   RO         6341    .ARM.Collect$$libinit$$0000000E  c_w.l(libinit2.o)
    0x08000242   0x00000000   Code   RO         6344    .ARM.Collect$$libinit$$00000011  c_w.l(libinit2.o)
    0x08000242   0x00000000   Code   RO         6346    .ARM.Collect$$libinit$$00000013  c_w.l(libinit2.o)
    0x08000242   0x00000000   Code   RO         6348    .ARM.Collect$$libinit$$00000015  c_w.l(libinit2.o)
    0x08000242   0x00000000   Code   RO         6350    .ARM.Collect$$libinit$$00000017  c_w.l(libinit2.o)
    0x08000242   0x00000000   Code   RO         6352    .ARM.Collect$$libinit$$00000019  c_w.l(libinit2.o)
    0x08000242   0x00000000   Code   RO         6354    .ARM.Collect$$libinit$$0000001B  c_w.l(libinit2.o)
    0x08000242   0x00000000   Code   RO         6356    .ARM.Collect$$libinit$$0000001D  c_w.l(libinit2.o)
    0x08000242   0x00000000   Code   RO         6358    .ARM.Collect$$libinit$$0000001F  c_w.l(libinit2.o)
    0x08000242   0x00000000   Code   RO         6360    .ARM.Collect$$libinit$$00000021  c_w.l(libinit2.o)
    0x08000242   0x00000000   Code   RO         6362    .ARM.Collect$$libinit$$00000023  c_w.l(libinit2.o)
    0x08000242   0x00000000   Code   RO         6364    .ARM.Collect$$libinit$$00000025  c_w.l(libinit2.o)
    0x08000242   0x00000000   Code   RO         6368    .ARM.Collect$$libinit$$0000002C  c_w.l(libinit2.o)
    0x08000242   0x00000000   Code   RO         6370    .ARM.Collect$$libinit$$0000002E  c_w.l(libinit2.o)
    0x08000242   0x00000000   Code   RO         6372    .ARM.Collect$$libinit$$00000030  c_w.l(libinit2.o)
    0x08000242   0x00000000   Code   RO         6374    .ARM.Collect$$libinit$$00000032  c_w.l(libinit2.o)
    0x08000242   0x00000002   Code   RO         6375    .ARM.Collect$$libinit$$00000033  c_w.l(libinit2.o)
    0x08000244   0x00000002   Code   RO         6406    .ARM.Collect$$libshutdown$$00000000  c_w.l(libshutdown.o)
    0x08000246   0x00000000   Code   RO         6432    .ARM.Collect$$libshutdown$$00000002  c_w.l(libshutdown2.o)
    0x08000246   0x00000000   Code   RO         6434    .ARM.Collect$$libshutdown$$00000004  c_w.l(libshutdown2.o)
    0x08000246   0x00000000   Code   RO         6437    .ARM.Collect$$libshutdown$$00000007  c_w.l(libshutdown2.o)
    0x08000246   0x00000000   Code   RO         6440    .ARM.Collect$$libshutdown$$0000000A  c_w.l(libshutdown2.o)
    0x08000246   0x00000000   Code   RO         6442    .ARM.Collect$$libshutdown$$0000000C  c_w.l(libshutdown2.o)
    0x08000246   0x00000000   Code   RO         6445    .ARM.Collect$$libshutdown$$0000000F  c_w.l(libshutdown2.o)
    0x08000246   0x00000002   Code   RO         6446    .ARM.Collect$$libshutdown$$00000010  c_w.l(libshutdown2.o)
    0x08000248   0x00000000   Code   RO         6271    .ARM.Collect$$rtentry$$00000000  c_w.l(__rtentry.o)
    0x08000248   0x00000000   Code   RO         6288    .ARM.Collect$$rtentry$$00000002  c_w.l(__rtentry2.o)
    0x08000248   0x00000006   Code   RO         6300    .ARM.Collect$$rtentry$$00000004  c_w.l(__rtentry4.o)
    0x0800024e   0x00000000   Code   RO         6290    .ARM.Collect$$rtentry$$00000009  c_w.l(__rtentry2.o)
    0x0800024e   0x00000004   Code   RO         6291    .ARM.Collect$$rtentry$$0000000A  c_w.l(__rtentry2.o)
    0x08000252   0x00000000   Code   RO         6293    .ARM.Collect$$rtentry$$0000000C  c_w.l(__rtentry2.o)
    0x08000252   0x00000008   Code   RO         6294    .ARM.Collect$$rtentry$$0000000D  c_w.l(__rtentry2.o)
    0x0800025a   0x00000002   Code   RO         6323    .ARM.Collect$$rtexit$$00000000  c_w.l(rtexit.o)
    0x0800025c   0x00000000   Code   RO         6379    .ARM.Collect$$rtexit$$00000002  c_w.l(rtexit2.o)
    0x0800025c   0x00000004   Code   RO         6380    .ARM.Collect$$rtexit$$00000003  c_w.l(rtexit2.o)
    0x08000260   0x00000006   Code   RO         6381    .ARM.Collect$$rtexit$$00000004  c_w.l(rtexit2.o)
    0x08000266   0x00000002   PAD
    0x08000268   0x000000be   Code   RO         4877    .emb_text           port.o
    0x08000326   0x00000002   PAD
    0x08000328   0x00000040   Code   RO            4    .text               startup_stm32f407xx.o
    0x08000368   0x000000ee   Code   RO         6245    .text               c_w.l(lludivv7m.o)
    0x08000456   0x0000008a   Code   RO         6247    .text               c_w.l(rt_memcpy_v6.o)
    0x080004e0   0x00000064   Code   RO         6249    .text               c_w.l(rt_memcpy_w.o)
    0x08000544   0x0000004e   Code   RO         6253    .text               c_w.l(rt_memclr_w.o)
    0x08000592   0x00000006   Code   RO         6255    .text               c_w.l(heapauxi.o)
    0x08000598   0x0000004a   Code   RO         6306    .text               c_w.l(sys_stackheap_outer.o)
    0x080005e2   0x00000012   Code   RO         6308    .text               c_w.l(exit.o)
    0x080005f4   0x00000008   Code   RO         6320    .text               c_w.l(libspace.o)
    0x080005fc   0x0000000c   Code   RO         6376    .text               c_w.l(sys_exit.o)
    0x08000608   0x00000002   Code   RO         6395    .text               c_w.l(use_no_semi.o)
    0x0800060a   0x00000000   Code   RO         6397    .text               c_w.l(indicate_semi.o)
    0x0800060a   0x00000002   PAD
    0x0800060c   0x0000005a   Code   RO         4954    i.BubbleSort        app_crc.o
    0x08000666   0x00000002   PAD
    0x08000668   0x00000040   Code   RO         4955    i.BubbleSortINT32   app_crc.o
    0x080006a8   0x00000002   Code   RO          541    i.BusFault_Handler  stm32f4xx_it.o
    0x080006aa   0x00000002   PAD
    0x080006ac   0x0000000c   Code   RO          542    i.DMA1_Stream1_IRQHandler  stm32f4xx_it.o
    0x080006b8   0x0000000c   Code   RO          543    i.DMA1_Stream3_IRQHandler  stm32f4xx_it.o
    0x080006c4   0x0000000c   Code   RO          544    i.DMA2_Stream2_IRQHandler  stm32f4xx_it.o
    0x080006d0   0x0000000c   Code   RO          545    i.DMA2_Stream7_IRQHandler  stm32f4xx_it.o
    0x080006dc   0x00000028   Code   RO         1169    i.DMA_CalcBaseAndBitshift  stm32f4xx_hal_dma.o
    0x08000704   0x00000054   Code   RO         1170    i.DMA_CheckFifoParam  stm32f4xx_hal_dma.o
    0x08000758   0x00000028   Code   RO         1171    i.DMA_SetConfig     stm32f4xx_hal_dma.o
    0x08000780   0x00000002   Code   RO          546    i.DebugMon_Handler  stm32f4xx_it.o
    0x08000782   0x00000004   Code   RO           13    i.Error_Handler     main.o
    0x08000786   0x00000002   PAD
    0x08000788   0x00000028   Code   RO         5504    i.GetFloatBalancingModelData  app_t5l_ctrl.o
    0x080007b0   0x00000092   Code   RO         1172    i.HAL_DMA_Abort     stm32f4xx_hal_dma.o
    0x08000842   0x00000024   Code   RO         1173    i.HAL_DMA_Abort_IT  stm32f4xx_hal_dma.o
    0x08000866   0x00000002   PAD
    0x08000868   0x000001a0   Code   RO         1177    i.HAL_DMA_IRQHandler  stm32f4xx_hal_dma.o
    0x08000a08   0x000000d4   Code   RO         1178    i.HAL_DMA_Init      stm32f4xx_hal_dma.o
    0x08000adc   0x0000006e   Code   RO         1182    i.HAL_DMA_Start_IT  stm32f4xx_hal_dma.o
    0x08000b4a   0x00000002   PAD
    0x08000b4c   0x000001f0   Code   RO         1065    i.HAL_GPIO_Init     stm32f4xx_hal_gpio.o
    0x08000d3c   0x0000000a   Code   RO         1067    i.HAL_GPIO_ReadPin  stm32f4xx_hal_gpio.o
    0x08000d46   0x0000000a   Code   RO         1069    i.HAL_GPIO_WritePin  stm32f4xx_hal_gpio.o
    0x08000d50   0x0000000c   Code   RO         1597    i.HAL_GetTick       stm32f4xx_hal.o
    0x08000d5c   0x00000188   Code   RO         1853    i.HAL_I2C_Init      stm32f4xx_hal_i2c.o
    0x08000ee4   0x000001f8   Code   RO         1871    i.HAL_I2C_Mem_Read  stm32f4xx_hal_i2c.o
    0x080010dc   0x00000130   Code   RO         1874    i.HAL_I2C_Mem_Write  stm32f4xx_hal_i2c.o
    0x0800120c   0x0000006c   Code   RO          379    i.HAL_I2C_MspInit   i2c.o
    0x08001278   0x00000010   Code   RO         1603    i.HAL_IncTick       stm32f4xx_hal.o
    0x08001288   0x00000034   Code   RO         1604    i.HAL_Init          stm32f4xx_hal.o
    0x080012bc   0x00000098   Code   RO          671    i.HAL_InitTick      stm32f4xx_hal_timebase_tim.o
    0x08001354   0x00000038   Code   RO          647    i.HAL_MspInit       stm32f4xx_hal_msp.o
    0x0800138c   0x0000001a   Code   RO         1454    i.HAL_NVIC_EnableIRQ  stm32f4xx_hal_cortex.o
    0x080013a6   0x00000002   PAD
    0x080013a8   0x00000040   Code   RO         1460    i.HAL_NVIC_SetPriority  stm32f4xx_hal_cortex.o
    0x080013e8   0x00000024   Code   RO         1461    i.HAL_NVIC_SetPriorityGrouping  stm32f4xx_hal_cortex.o
    0x0800140c   0x00000134   Code   RO          711    i.HAL_RCC_ClockConfig  stm32f4xx_hal_rcc.o
    0x08001540   0x00000040   Code   RO          715    i.HAL_RCC_GetClockConfig  stm32f4xx_hal_rcc.o
    0x08001580   0x00000020   Code   RO          718    i.HAL_RCC_GetPCLK1Freq  stm32f4xx_hal_rcc.o
    0x080015a0   0x00000020   Code   RO          719    i.HAL_RCC_GetPCLK2Freq  stm32f4xx_hal_rcc.o
    0x080015c0   0x00000064   Code   RO          720    i.HAL_RCC_GetSysClockFreq  stm32f4xx_hal_rcc.o
    0x08001624   0x0000036c   Code   RO          723    i.HAL_RCC_OscConfig  stm32f4xx_hal_rcc.o
    0x08001990   0x00000002   Code   RO         2998    i.HAL_TIMEx_BreakCallback  stm32f4xx_hal_tim_ex.o
    0x08001992   0x00000002   Code   RO         2999    i.HAL_TIMEx_CommutCallback  stm32f4xx_hal_tim_ex.o
    0x08001994   0x00000090   Code   RO         3017    i.HAL_TIMEx_MasterConfigSynchronization  stm32f4xx_hal_tim_ex.o
    0x08001a24   0x0000005a   Code   RO         2294    i.HAL_TIM_Base_Init  stm32f4xx_hal_tim.o
    0x08001a7e   0x00000002   PAD
    0x08001a80   0x00000028   Code   RO          421    i.HAL_TIM_Base_MspInit  tim.o
    0x08001aa8   0x00000080   Code   RO         2299    i.HAL_TIM_Base_Start_IT  stm32f4xx_hal_tim.o
    0x08001b28   0x00000002   Code   RO         2328    i.HAL_TIM_IC_CaptureCallback  stm32f4xx_hal_tim.o
    0x08001b2a   0x00000166   Code   RO         2342    i.HAL_TIM_IRQHandler  stm32f4xx_hal_tim.o
    0x08001c90   0x00000002   Code   RO         2345    i.HAL_TIM_OC_DelayElapsedCallback  stm32f4xx_hal_tim.o
    0x08001c92   0x00000002   Code   RO         2372    i.HAL_TIM_PWM_PulseFinishedCallback  stm32f4xx_hal_tim.o
    0x08001c94   0x00000014   Code   RO           14    i.HAL_TIM_PeriodElapsedCallback  main.o
    0x08001ca8   0x00000002   Code   RO         2385    i.HAL_TIM_TriggerCallback  stm32f4xx_hal_tim.o
    0x08001caa   0x00000002   Code   RO         3276    i.HAL_UARTEx_RxEventCallback  stm32f4xx_hal_uart.o
    0x08001cac   0x00000070   Code   RO         3288    i.HAL_UART_DMAStop  stm32f4xx_hal_uart.o
    0x08001d1c   0x00000002   Code   RO         3290    i.HAL_UART_ErrorCallback  stm32f4xx_hal_uart.o
    0x08001d1e   0x00000002   PAD
    0x08001d20   0x00000268   Code   RO         3293    i.HAL_UART_IRQHandler  stm32f4xx_hal_uart.o
    0x08001f88   0x00000062   Code   RO         3294    i.HAL_UART_Init     stm32f4xx_hal_uart.o
    0x08001fea   0x00000002   PAD
    0x08001fec   0x000001a4   Code   RO          469    i.HAL_UART_MspInit  usart.o
    0x08002190   0x0000002a   Code   RO         3298    i.HAL_UART_Receive_DMA  stm32f4xx_hal_uart.o
    0x080021ba   0x0000002a   Code   RO         3299    i.HAL_UART_Receive_IT  stm32f4xx_hal_uart.o
    0x080021e4   0x00000018   Code   RO          470    i.HAL_UART_RxCpltCallback  usart.o
    0x080021fc   0x00000002   Code   RO         3301    i.HAL_UART_RxHalfCpltCallback  stm32f4xx_hal_uart.o
    0x080021fe   0x00000002   PAD
    0x08002200   0x0000008c   Code   RO         3303    i.HAL_UART_Transmit_DMA  stm32f4xx_hal_uart.o
    0x0800228c   0x0000002c   Code   RO          471    i.HAL_UART_TxCpltCallback  usart.o
    0x080022b8   0x00000002   Code   RO         3306    i.HAL_UART_TxHalfCpltCallback  stm32f4xx_hal_uart.o
    0x080022ba   0x00000002   Code   RO          547    i.HardFault_Handler  stm32f4xx_it.o
    0x080022bc   0x0000002e   Code   RO         1895    i.I2C_IsAcknowledgeFailed  stm32f4xx_hal_i2c.o
    0x080022ea   0x00000002   PAD
    0x080022ec   0x000000fc   Code   RO         1905    i.I2C_RequestMemoryRead  stm32f4xx_hal_i2c.o
    0x080023e8   0x000000a8   Code   RO         1906    i.I2C_RequestMemoryWrite  stm32f4xx_hal_i2c.o
    0x08002490   0x0000004c   Code   RO         1910    i.I2C_WaitOnBTFFlagUntilTimeout  stm32f4xx_hal_i2c.o
    0x080024dc   0x00000068   Code   RO         1911    i.I2C_WaitOnFlagUntilTimeout  stm32f4xx_hal_i2c.o
    0x08002544   0x00000096   Code   RO         1912    i.I2C_WaitOnMasterAddressFlagUntilTimeout  stm32f4xx_hal_i2c.o
    0x080025da   0x00000066   Code   RO         1913    i.I2C_WaitOnRXNEFlagUntilTimeout  stm32f4xx_hal_i2c.o
    0x08002640   0x0000004c   Code   RO         1914    i.I2C_WaitOnTXEFlagUntilTimeout  stm32f4xx_hal_i2c.o
    0x0800268c   0x00000052   Code   RO         5173    i.LedCtrlSendPulse  app_led_ctrl.o
    0x080026de   0x00000002   PAD
    0x080026e0   0x00000068   Code   RO         5174    i.LedDataSet        app_led_ctrl.o
    0x08002748   0x0000006c   Code   RO          354    i.MX_DMA_Init       dma.o
    0x080027b4   0x0000003c   Code   RO          294    i.MX_FREERTOS_Init  freertos.o
    0x080027f0   0x00000178   Code   RO          270    i.MX_GPIO_Init      gpio.o
    0x08002968   0x00000040   Code   RO          380    i.MX_I2C1_Init      i2c.o
    0x080029a8   0x00000044   Code   RO          422    i.MX_TIM7_Init      tim.o
    0x080029ec   0x00000038   Code   RO          472    i.MX_USART1_UART_Init  usart.o
    0x08002a24   0x00000038   Code   RO          473    i.MX_USART3_UART_Init  usart.o
    0x08002a5c   0x00000002   Code   RO          548    i.MemManage_Handler  stm32f4xx_it.o
    0x08002a5e   0x00000002   PAD
    0x08002a60   0x00000038   Code   RO         5263    i.ModbusRtu_MainFunction  app_modbus_rtu_ctrl.o
    0x08002a98   0x0000003c   Code   RO         5264    i.ModbusRtu_MasterCycleReadWeightScan  app_modbus_rtu_ctrl.o
    0x08002ad4   0x0000002c   Code   RO         5265    i.ModbusRtu_MasterMainFunction  app_modbus_rtu_ctrl.o
    0x08002b00   0x00000238   Code   RO         5266    i.ModbusRtu_MasterMaskDeal  app_modbus_rtu_ctrl.o
    0x08002d38   0x000001d4   Code   RO         5267    i.ModbusRtu_MasterRxMainFunction  app_modbus_rtu_ctrl.o
    0x08002f0c   0x00000076   Code   RO         5268    i.ModbusRtu_MasterTxMainFunction  app_modbus_rtu_ctrl.o
    0x08002f82   0x00000060   Code   RO         5269    i.ModbusRtu_RxMainFunction  app_modbus_rtu_ctrl.o
    0x08002fe2   0x0000001e   Code   RO         5270    i.ModbusRtu_SlaveMainFunction  app_modbus_rtu_ctrl.o
    0x08003000   0x00000148   Code   RO         5271    i.ModbusRtu_SlaveRxMainFunction  app_modbus_rtu_ctrl.o
    0x08003148   0x00000048   Code   RO         5272    i.ModbusRtu_SlaveTxMainFunction  app_modbus_rtu_ctrl.o
    0x08003190   0x000003ac   Code   RO         5273    i.ModbusRtu_SlaveTxMaskDeal  app_modbus_rtu_ctrl.o
    0x0800353c   0x0000003c   Code   RO         5274    i.ModbusRtu_init    app_modbus_rtu_ctrl.o
    0x08003578   0x00000002   Code   RO          549    i.NMI_Handler       stm32f4xx_it.o
    0x0800357a   0x00000002   PAD
    0x0800357c   0x0000003c   Code   RO         5387    i.STM32CheckPassWord  app_password.o
    0x080035b8   0x00000008   Code   RO          295    i.StartDefaultTask  freertos.o
    0x080035c0   0x0000000c   Code   RO          296    i.StartappTask1Ms   freertos.o
    0x080035cc   0x0000002c   Code   RO         4878    i.SysTick_Handler   port.o
    0x080035f8   0x00000098   Code   RO           15    i.SystemClock_Config  main.o
    0x08003690   0x00000010   Code   RO         3623    i.SystemInit        system_stm32f4xx.o
    0x080036a0   0x00000018   Code   RO          550    i.TIM6_DAC_IRQHandler  stm32f4xx_it.o
    0x080036b8   0x000000c8   Code   RO         2387    i.TIM_Base_SetConfig  stm32f4xx_hal_tim.o
    0x08003780   0x00000010   Code   RO         3307    i.UART_DMAAbortOnError  stm32f4xx_hal_uart.o
    0x08003790   0x0000004a   Code   RO         3308    i.UART_DMAError     stm32f4xx_hal_uart.o
    0x080037da   0x00000082   Code   RO         3309    i.UART_DMAReceiveCplt  stm32f4xx_hal_uart.o
    0x0800385c   0x0000001a   Code   RO         3311    i.UART_DMARxHalfCplt  stm32f4xx_hal_uart.o
    0x08003876   0x00000042   Code   RO         3313    i.UART_DMATransmitCplt  stm32f4xx_hal_uart.o
    0x080038b8   0x0000000a   Code   RO         3315    i.UART_DMATxHalfCplt  stm32f4xx_hal_uart.o
    0x080038c2   0x0000004e   Code   RO         3317    i.UART_EndRxTransfer  stm32f4xx_hal_uart.o
    0x08003910   0x0000001c   Code   RO         3318    i.UART_EndTxTransfer  stm32f4xx_hal_uart.o
    0x0800392c   0x000000c0   Code   RO         3319    i.UART_Receive_IT   stm32f4xx_hal_uart.o
    0x080039ec   0x0000010c   Code   RO         3320    i.UART_SetConfig    stm32f4xx_hal_uart.o
    0x08003af8   0x00000094   Code   RO         3321    i.UART_Start_Receive_DMA  stm32f4xx_hal_uart.o
    0x08003b8c   0x0000003a   Code   RO         3322    i.UART_Start_Receive_IT  stm32f4xx_hal_uart.o
    0x08003bc6   0x00000002   PAD
    0x08003bc8   0x00000018   Code   RO          551    i.USART1_IRQHandler  stm32f4xx_it.o
    0x08003be0   0x0000000c   Code   RO          552    i.USART3_IRQHandler  stm32f4xx_it.o
    0x08003bec   0x00000002   Code   RO          553    i.UsageFault_Handler  stm32f4xx_it.o
    0x08003bee   0x00000002   PAD
    0x08003bf0   0x00000050   Code   RO          474    i.Usart1AsScreen1Receive_IDLE  usart.o
    0x08003c40   0x00000020   Code   RO         1467    i.__NVIC_SetPriority  stm32f4xx_hal_cortex.o
    0x08003c60   0x000000a0   Code   RO         6206    i.app_HAL_I2C_Master_Read  app_i2c.o
    0x08003d00   0x0000009c   Code   RO         6207    i.app_HAL_I2C_Master_Transmit  app_i2c.o
    0x08003d9c   0x0000008c   Code   RO         6208    i.app_i2c_test      app_i2c.o
    0x08003e28   0x0000002c   Code   RO         5230    i.app_main_init     app_main_task.o
    0x08003e54   0x00000064   Code   RO         5231    i.app_main_task     app_main_task.o
    0x08003eb8   0x00000016   Code   RO         5176    i.balaningColorClear  app_led_ctrl.o
    0x08003ece   0x00000002   PAD
    0x08003ed0   0x00000038   Code   RO         4956    i.cal_crc16         app_crc.o
    0x08003f08   0x000000f0   Code   RO         5506    i.chanelChangedTrigerDeal  app_t5l_ctrl.o
    0x08003ff8   0x00000088   Code   RO         5507    i.clearLocalCalibrationKAndBAndSample  app_t5l_ctrl.o
    0x08004080   0x00000058   Code   RO         5508    i.clearLocalCalibrationRecordData  app_t5l_ctrl.o
    0x080040d8   0x0000001c   Code   RO         5509    i.color_clearAllColor  app_t5l_ctrl.o
    0x080040f4   0x0000001c   Code   RO         4984    i.getChanelStruct   app_hx711_ctrl.o
    0x08004110   0x0000000c   Code   RO         5275    i.getModbusOtherRemoveFlag  app_modbus_rtu_ctrl.o
    0x0800411c   0x00000038   Code   RO         5510    i.getSysColorWhichUsable  app_t5l_ctrl.o
    0x08004154   0x0000000c   Code   RO          554    i.get_SysTick_ByTimer  stm32f4xx_it.o
    0x08004160   0x00000018   Code   RO         6032    i.hal_delay_ms      hal_delay.o
    0x08004178   0x00000010   Code   RO         6034    i.hal_delay_us      hal_delay.o
    0x08004188   0x00000024   Code   RO         6059    i.hal_di_get        hal_gpio.o
    0x080041ac   0x0000001c   Code   RO         6060    i.hal_gpio_set_do_high  hal_gpio.o
    0x080041c8   0x0000001c   Code   RO         6061    i.hal_gpio_set_do_low  hal_gpio.o
    0x080041e4   0x00000002   Code   RO         6101    i.hal_uart_port_init  hal_uart.o
    0x080041e6   0x00000002   Code   RO         6102    i.hal_uart_rx_irq_disable  hal_uart.o
    0x080041e8   0x00000002   Code   RO         6103    i.hal_uart_rx_irq_enable  hal_uart.o
    0x080041ea   0x00000002   Code   RO         6104    i.hal_uart_set_braudrate  hal_uart.o
    0x080041ec   0x00000002   Code   RO         6105    i.hal_uart_set_timeout  hal_uart.o
    0x080041ee   0x00000002   PAD
    0x080041f0   0x00000010   Code   RO         6106    i.hal_uart_tx_bytes  hal_uart.o
    0x08004200   0x0000001e   Code   RO         5511    i.handleWeightColorWasSend  app_t5l_ctrl.o
    0x0800421e   0x00000002   PAD
    0x08004220   0x0000001e   Code   RO         5512    i.handleWeightDataWasSend  app_t5l_ctrl.o
    0x0800423e   0x00000002   PAD
    0x08004240   0x000000c8   Code   RO         4986    i.hx711_AllChanelSample  app_hx711_ctrl.o
    0x08004308   0x0000002c   Code   RO         4987    i.hx711_DataSampleCtrl  app_hx711_ctrl.o
    0x08004334   0x000000b8   Code   RO         4988    i.hx711_MainFunction  app_hx711_ctrl.o
    0x080043ec   0x0000016c   Code   RO         4991    i.hx711_SenserCheck  app_hx711_ctrl.o
    0x08004558   0x0000009a   Code   RO         4992    i.hx711_SigChanelAvrgAndWeightCalc  app_hx711_ctrl.o
    0x080045f2   0x00000002   PAD
    0x080045f4   0x00000020   Code   RO         4993    i.hx711_getAvgSample  app_hx711_ctrl.o
    0x08004614   0x00000084   Code   RO         4994    i.hx711_getWeight   app_hx711_ctrl.o
    0x08004698   0x000000a8   Code   RO         4995    i.hx711_init        app_hx711_ctrl.o
    0x08004740   0x00000050   Code   RO         4996    i.hx711_setAllRemoveWeight  app_hx711_ctrl.o
    0x08004790   0x00000028   Code   RO         5514    i.judgeWeightColorIfNotNeedSend  app_t5l_ctrl.o
    0x080047b8   0x00000028   Code   RO         5515    i.judgeWeightDataIfNotNeedSend  app_t5l_ctrl.o
    0x080047e0   0x00000040   Code   RO         5516    i.jumpToActivePage  app_t5l_ctrl.o
    0x08004820   0x00000050   Code   RO         5517    i.jumpToBalancingCleanPage  app_t5l_ctrl.o
    0x08004870   0x00000068   Code   RO         5518    i.jumpToBalancingHomePage  app_t5l_ctrl.o
    0x080048d8   0x00000070   Code   RO         5519    i.jumpToBalancingPage  app_t5l_ctrl.o
    0x08004948   0x00000070   Code   RO         5520    i.jumpToBanlingPage  app_t5l_ctrl.o
    0x080049b8   0x00000040   Code   RO         5521    i.jumpToCalibrationPage  app_t5l_ctrl.o
    0x080049f8   0x00000040   Code   RO         5522    i.jumpToHomePage    app_t5l_ctrl.o
    0x08004a38   0x00000040   Code   RO         5523    i.jumpToSysparaPage  app_t5l_ctrl.o
    0x08004a78   0x00000020   Code   RO         5127    i.key_FilterGet     app_key_ctrl.o
    0x08004a98   0x00000080   Code   RO         5128    i.key_MainFunction  app_key_ctrl.o
    0x08004b18   0x00000048   Code   RO         5129    i.key_filter        app_key_ctrl.o
    0x08004b60   0x00000034   Code   RO         5130    i.key_init          app_key_ctrl.o
    0x08004b94   0x00000078   Code   RO         5177    i.led_MainFunction  app_led_ctrl.o
    0x08004c0c   0x00000040   Code   RO         5178    i.led_init          app_led_ctrl.o
    0x08004c4c   0x00000068   Code   RO           16    i.main              main.o
    0x08004cb4   0x0000000c   Code   RO         4443    i.makeFreeRtosPriority  cmsis_os.o
    0x08004cc0   0x0000017c   Code   RO         5524    i.masterCaculateHelpData  app_t5l_ctrl.o
    0x08004e3c   0x0000000e   Code   RO         4445    i.osDelay           cmsis_os.o
    0x08004e4a   0x0000000a   Code   RO         4448    i.osKernelStart     cmsis_os.o
    0x08004e54   0x00000054   Code   RO         4482    i.osThreadCreate    cmsis_os.o
    0x08004ea8   0x00000020   Code   RO         5525    i.pointSampleTrigerDataSet  app_t5l_ctrl.o
    0x08004ec8   0x00000028   Code   RO         5526    i.pointTrigerDataSet  app_t5l_ctrl.o
    0x08004ef0   0x000000a0   Code   RO         5527    i.pointTrigerDeal   app_t5l_ctrl.o
    0x08004f90   0x00000020   Code   RO         5528    i.pointWeightTrigerDataSet  app_t5l_ctrl.o
    0x08004fb0   0x000000ac   Code   RO         5529    i.preBalancingWeightAndColorIfNotNeedSendToSreen  app_t5l_ctrl.o
    0x0800505c   0x000002a0   Code   RO         5530    i.preColorDataAndJudgeIfNeedSend  app_t5l_ctrl.o
    0x080052fc   0x0000007c   Code   RO         5531    i.preCurrentDeviceWeightData  app_t5l_ctrl.o
    0x08005378   0x00000052   Code   RO         5532    i.preOtherDeviceWeightData  app_t5l_ctrl.o
    0x080053ca   0x00000034   Code   RO         5533    i.preWeightDataAndJudgeIfNeedSend_FuncA_Master  app_t5l_ctrl.o
    0x080053fe   0x00000002   PAD
    0x08005400   0x00000050   Code   RO         5534    i.preWeightDataAndJudgeIfNeedSend_Master  app_t5l_ctrl.o
    0x08005450   0x00000070   Code   RO         4125    i.prvAddCurrentTaskToDelayedList  tasks.o
    0x080054c0   0x000000d0   Code   RO         4126    i.prvAddNewTaskToReadyList  tasks.o
    0x08005590   0x00000034   Code   RO         4127    i.prvDeleteTCB      tasks.o
    0x080055c4   0x0000004c   Code   RO         4810    i.prvHeapInit       heap_4.o
    0x08005610   0x00000060   Code   RO         4128    i.prvIdleTask       tasks.o
    0x08005670   0x00000098   Code   RO         4129    i.prvInitialiseNewTask  tasks.o
    0x08005708   0x0000004c   Code   RO         4811    i.prvInsertBlockIntoFreeList  heap_4.o
    0x08005754   0x00000020   Code   RO         4130    i.prvResetNextTaskUnblockTime  tasks.o
    0x08005774   0x00000028   Code   RO         4879    i.prvTaskExitError  port.o
    0x0800579c   0x000000dc   Code   RO         4812    i.pvPortMalloc      heap_4.o
    0x08005878   0x0000002c   Code   RO         4880    i.pxPortInitialiseStack  port.o
    0x080058a4   0x00000030   Code   RO         5535    i.readColorDataFromSys  app_t5l_ctrl.o
    0x080058d4   0x00000030   Code   RO         5536    i.readHelpDataFromSys  app_t5l_ctrl.o
    0x08005904   0x00000140   Code   RO         5427    i.readSysDataFromFlash  app_syspara.o
    0x08005a44   0x000000f4   Code   RO         5428    i.readSysDataFromFlash_3030  app_syspara.o
    0x08005b38   0x00000030   Code   RO         5537    i.readWeightDataFromSys  app_t5l_ctrl.o
    0x08005b68   0x00000028   Code   RO         5538    i.releaseSysColor   app_t5l_ctrl.o
    0x08005b90   0x00000084   Code   RO         5539    i.removeWeightTrigerDeal  app_t5l_ctrl.o
    0x08005c14   0x000000a8   Code   RO         5540    i.resetCalibrationTrigerDeal  app_t5l_ctrl.o
    0x08005cbc   0x00000028   Code   RO         4998    i.sampleDataPush    app_hx711_ctrl.o
    0x08005ce4   0x0000003c   Code   RO         5541    i.screenT5L_HelpDataMainFunction  app_t5l_ctrl.o
    0x08005d20   0x00000098   Code   RO         5542    i.screenT5L_Init    app_t5l_ctrl.o
    0x08005db8   0x00000088   Code   RO         5543    i.screenT5L_OutputVoice  app_t5l_ctrl.o
    0x08005e40   0x000000e8   Code   RO         5544    i.screenT5L_RxFunction  app_t5l_ctrl.o
    0x08005f28   0x000001d4   Code   RO         5545    i.screenT5L_TxFunction  app_t5l_ctrl.o
    0x080060fc   0x000000a4   Code   RO         5546    i.screenT5L_VoicePrintfMainfunction  app_t5l_ctrl.o
    0x080061a0   0x00000124   Code   RO         5549    i.screen_ChangeDisplayPosition  app_t5l_ctrl.o
    0x080062c4   0x00000018   Code   RO         5550    i.sdweAskRegData    app_t5l_ctrl.o
    0x080062dc   0x0000033c   Code   RO         5551    i.sdweAskVaribleData  app_t5l_ctrl.o
    0x08006618   0x00000078   Code   RO         5552    i.sdwe_VoicePrintfPop  app_t5l_ctrl.o
    0x08006690   0x00000038   Code   RO         5553    i.sdwe_VoicePrintfPush  app_t5l_ctrl.o
    0x080066c8   0x000000a4   Code   RO         5554    i.sendBalancingWeightAndColor20220125_FuncA_Master  app_t5l_ctrl.o
    0x0800676c   0x0000006c   Code   RO         5555    i.sendBalancingWeightAndColor20220125_FuncA_Slave  app_t5l_ctrl.o
    0x080067d8   0x00000034   Code   RO         5556    i.sendBalancingWeightAndColor_Master  app_t5l_ctrl.o
    0x0800680c   0x000000b4   Code   RO         5557    i.sendBalancingWeightAndColor_Slave_1  app_t5l_ctrl.o
    0x080068c0   0x000001c0   Code   RO         5558    i.sendHelpDataDiff  app_t5l_ctrl.o
    0x08006a80   0x00000054   Code   RO         5559    i.sendHelpDataDiff_AtSlave1Device  app_t5l_ctrl.o
    0x08006ad4   0x00000058   Code   RO         5560    i.sendScreenLight   app_t5l_ctrl.o
    0x08006b2c   0x000002e0   Code   RO         5561    i.sendSysParaDataToDiwen  app_t5l_ctrl.o
    0x08006e0c   0x0000000c   Code   RO         5277    i.setModbusDataValid  app_modbus_rtu_ctrl.o
    0x08006e18   0x0000000c   Code   RO         5278    i.setModbusOtherRemoveFlag  app_modbus_rtu_ctrl.o
    0x08006e24   0x0000000c   Code   RO         5279    i.setModbusSelfRemoveFlag  app_modbus_rtu_ctrl.o
    0x08006e30   0x00000024   Code   RO         5000    i.setSampleWeightValue  app_hx711_ctrl.o
    0x08006e54   0x00000030   Code   RO         5562    i.sreenT5L_MainFunction  app_t5l_ctrl.o
    0x08006e84   0x0000011c   Code   RO         5429    i.storeSysDataToFlash  app_syspara.o
    0x08006fa0   0x00000234   Code   RO         5430    i.storeSysDataToFlash_3030  app_syspara.o
    0x080071d4   0x0000007c   Code   RO         5564    i.t5lDisPlayDataClear  app_t5l_ctrl.o
    0x08007250   0x000000d0   Code   RO         5566    i.t5lWriteData      app_t5l_ctrl.o
    0x08007320   0x000000b4   Code   RO         5567    i.t5lWriteVarible   app_t5l_ctrl.o
    0x080073d4   0x000000ec   Code   RO         5001    i.trigerCalcKB      app_hx711_ctrl.o
    0x080074c0   0x00000026   Code   RO         3761    i.uxListRemove      list.o
    0x080074e6   0x00000002   PAD
    0x080074e8   0x00000014   Code   RO          297    i.vApplicationGetIdleTaskMemory  freertos.o
    0x080074fc   0x00000016   Code   RO         3762    i.vListInitialise   list.o
    0x08007512   0x00000006   Code   RO         3763    i.vListInitialiseItem  list.o
    0x08007518   0x00000030   Code   RO         3764    i.vListInsert       list.o
    0x08007548   0x00000018   Code   RO         3765    i.vListInsertEnd    list.o
    0x08007560   0x00000040   Code   RO         4882    i.vPortEnterCritical  port.o
    0x080075a0   0x00000028   Code   RO         4883    i.vPortExitCritical  port.o
    0x080075c8   0x00000064   Code   RO         4813    i.vPortFree         heap_4.o
    0x0800762c   0x00000024   Code   RO         4884    i.vPortSetupTimerInterrupt  port.o
    0x08007650   0x0000004c   Code   RO         4139    i.vTaskDelay        tasks.o
    0x0800769c   0x0000006c   Code   RO         4152    i.vTaskStartScheduler  tasks.o
    0x08007708   0x00000010   Code   RO         4154    i.vTaskSuspendAll   tasks.o
    0x08007718   0x0000005c   Code   RO         4155    i.vTaskSwitchContext  tasks.o
    0x08007774   0x0000003c   Code   RO         5569    i.writeColorDataFromCom  app_t5l_ctrl.o
    0x080077b0   0x0000003c   Code   RO         5570    i.writeHelpDataFromCom  app_t5l_ctrl.o
    0x080077ec   0x0000003c   Code   RO         5571    i.writeWeightDataFromCom  app_t5l_ctrl.o
    0x08007828   0x000000f4   Code   RO         4886    i.xPortStartScheduler  port.o
    0x0800791c   0x0000005a   Code   RO         4158    i.xTaskCreate       tasks.o
    0x08007976   0x00000056   Code   RO         4159    i.xTaskCreateStatic  tasks.o
    0x080079cc   0x000000cc   Code   RO         4166    i.xTaskIncrementTick  tasks.o
    0x08007a98   0x000000c4   Code   RO         4172    i.xTaskResumeAll    tasks.o
    0x08007b5c   0x00000062   Code   RO         6259    x$fpl$d2f           fz_wm.l(d2f.o)
    0x08007bbe   0x00000018   Code   RO         6304    x$fpl$dcmpinf       fz_wm.l(dcmpi.o)
    0x08007bd6   0x0000002e   Code   RO         6262    x$fpl$dflt          fz_wm.l(dflt_clz.o)
    0x08007c04   0x00000026   Code   RO         6261    x$fpl$dfltu         fz_wm.l(dflt_clz.o)
    0x08007c2a   0x00000002   PAD
    0x08007c2c   0x00000078   Code   RO         6278    x$fpl$dleqf         fz_wm.l(dleqf.o)
    0x08007ca4   0x00000154   Code   RO         6267    x$fpl$dmul          fz_wm.l(dmul.o)
    0x08007df8   0x0000009c   Code   RO         6280    x$fpl$dnaninf       fz_wm.l(dnaninf.o)
    0x08007e94   0x0000000c   Code   RO         6282    x$fpl$dretinf       fz_wm.l(dretinf.o)
    0x08007ea0   0x0000006c   Code   RO         6269    x$fpl$drleqf        fz_wm.l(drleqf.o)
    0x08007f0c   0x0000000a   Code   RO         6391    x$fpl$fpinit        fz_wm.l(fpinit.o)
    0x08007f16   0x0000000a   Code   RO         6284    x$fpl$fretinf       fz_wm.l(fretinf.o)
    0x08007f20   0x00000000   Code   RO         6286    x$fpl$usenofp       fz_wm.l(usenofp.o)
    0x08007f20   0x00000038   Data   RO          299    .constdata          freertos.o
    0x08007f58   0x00000008   Data   RO         1184    .constdata          stm32f4xx_hal_dma.o
    0x08007f60   0x00000010   Data   RO         3624    .constdata          system_stm32f4xx.o
    0x08007f70   0x00000008   Data   RO         3625    .constdata          system_stm32f4xx.o
    0x08007f78   0x00000200   Data   RO         4957    .constdata          app_crc.o
    0x08008178   0x00000028   Data   RO         5003    .constdata          app_hx711_ctrl.o
    0x080081a0   0x0000002c   Data   RO         5573    .constdata          app_t5l_ctrl.o
    0x080081cc   0x00000034   Data   RO         6062    .constdata          hal_gpio.o
    0x08008200   0x00000017   Data   RO          300    .conststring        freertos.o
    0x08008217   0x00000001   PAD
    0x08008218   0x00000020   Data   RO         6447    Region$$Table       anon$$obj.o


    Execution Region RW_IRAM1 (Base: 0x20000000, Size: 0x00007270, Max: 0x00020000, ABSOLUTE, COMPRESSED[0x00000158])

    Base Addr    Size         Type   Attr      Idx    E Section Name        Object

    0x20000000   0x00000008   Data   RW          305    .data               freertos.o
    0x20000008   0x00000004   Data   RW          555    .data               stm32f4xx_it.o
    0x2000000c   0x0000000c   Data   RW         1611    .data               stm32f4xx_hal.o
    0x20000018   0x00000004   Data   RW         3626    .data               system_stm32f4xx.o
    0x2000001c   0x0000003c   Data   RW         4175    .data               tasks.o
    0x20000058   0x00000020   Data   RW         4819    .data               heap_4.o
    0x20000078   0x0000000c   Data   RW         4887    .data               port.o
    0x20000084   0x00000014   Data   RW         5004    .data               app_hx711_ctrl.o
    0x20000098   0x00000003   Data   RW         5132    .data               app_key_ctrl.o
    0x2000009b   0x00000008   Data   RW         5179    .data               app_led_ctrl.o
    0x200000a3   0x00000001   PAD
    0x200000a4   0x00000008   Data   RW         5232    .data               app_main_task.o
    0x200000ac   0x00000364   Data   RW         5280    .data               app_modbus_rtu_ctrl.o
    0x20000410   0x00000034   Data   RW         5390    .data               app_password.o
    0x20000444   0x00000064   Data   RW         5432    .data               app_syspara.o
    0x200004a8   0x000003e0   Data   RW         5574    .data               app_t5l_ctrl.o
    0x20000888   0x00000068   Data   RW         6063    .data               hal_gpio.o
    0x200008f0   0x00000080   Data   RW         6121    .data               hal_uart.o
    0x20000970   0x0000002c   Data   RW         6210    .data               app_i2c.o
    0x2000099c   0x00000254   Zero   RW          298    .bss                freertos.o
    0x20000bf0   0x00000054   Zero   RW          381    .bss                i2c.o
    0x20000c44   0x00000048   Zero   RW          424    .bss                tim.o
    0x20000c8c   0x00000640   Zero   RW          476    .bss                usart.o
    0x200012cc   0x00000048   Zero   RW          674    .bss                stm32f4xx_hal_timebase_tim.o
    0x20001314   0x000000f0   Zero   RW         4174    .bss                tasks.o
    0x20001404   0x00003c00   Zero   RW         4818    .bss                heap_4.o
    0x20005004   0x00000788   Zero   RW         5002    .bss                app_hx711_ctrl.o
    0x2000578c   0x0000000c   Zero   RW         5131    .bss                app_key_ctrl.o
    0x20005798   0x0000000c   Zero   RW         5389    .bss                app_password.o
    0x200057a4   0x000005e4   Zero   RW         5431    .bss                app_syspara.o
    0x20005d88   0x00000402   Zero   RW         5572    .bss                app_t5l_ctrl.o
    0x2000618a   0x00000880   Zero   RW         6209    .bss                app_i2c.o
    0x20006a0a   0x00000002   PAD
    0x20006a0c   0x00000060   Zero   RW         6321    .bss                c_w.l(libspace.o)
    0x20006a6c   0x00000004   PAD
    0x20006a70   0x00000400   Zero   RW            2    HEAP                startup_stm32f407xx.o
    0x20006e70   0x00000400   Zero   RW            1    STACK               startup_stm32f407xx.o


==============================================================================

Image component sizes


      Code (inc. data)   RO Data    RW Data    ZI Data      Debug   Object Name

       210          6        512          0          0       3193   app_crc.o
      1698        126         40         20       1928      14094   app_hx711_ctrl.o
       456         30          0         44       2176       4597   app_i2c.o
       284         20          0          3         12       3448   app_key_ctrl.o
       392         16          0          8          0       4793   app_led_ctrl.o
       144         10          0          8          0       2100   app_main_task.o
      2888         76          0        868          0      17632   app_modbus_rtu_ctrl.o
        60         10          0         52         12       1582   app_password.o
      1412         30          0        100       1508       9191   app_syspara.o
      8834        528         44        992       1026      63938   app_t5l_ctrl.o
       120          0          0          0          0      23617   cmsis_os.o
       108          4          0          0          0        906   dma.o
         0          0          0          0          0      17024   event_groups.o
       100         12         79          8        596       3508   freertos.o
       376         26          0          0          0       1195   gpio.o
        40          0          0          0          0       1578   hal_delay.o
        92         30         52        104          0       2498   hal_gpio.o
        26          4          0        128          0       8526   hal_uart.o
       472         24          0         32      15360       7667   heap_4.o
       172         28          0          0         84       1821   i2c.o
       138          0          0          0          0       3762   list.o
       280         26          0          0          0     751372   main.o
       702         72          0         12          0      11388   port.o
        64         26        392          0       2048        880   startup_stm32f407xx.o
        80         14          0         12          0       8298   stm32f4xx_hal.o
       158         14          0          0          0      33338   stm32f4xx_hal_cortex.o
      1084         16          8          0          0       7670   stm32f4xx_hal_dma.o
       516         46          0          0          0       2995   stm32f4xx_hal_gpio.o
      2174         52          0          0          0      13390   stm32f4xx_hal_i2c.o
        56          4          0          0          0        938   stm32f4xx_hal_msp.o
      1412         86          0          0          0       6153   stm32f4xx_hal_rcc.o
       784         72          0          0          0       7129   stm32f4xx_hal_tim.o
       148         28          0          0          0       2597   stm32f4xx_hal_tim_ex.o
       152         20          0          0         72       1587   stm32f4xx_hal_timebase_tim.o
      2152         44          0          0          0      17765   stm32f4xx_hal_uart.o
       132         52          0          4          0       7408   stm32f4xx_it.o
         0          0          0          0          0        380   stream_buffer.o
        16          4         24          4          0       1235   system_stm32f4xx.o
      1520        112          0         60        240      20090   tasks.o
       108         18          0          0         72       1714   tim.o
       680         78          0          0       1600       5958   usart.o

    ----------------------------------------------------------------------
     30288       1764       1184       2460      26736    1098955   Object Totals
         0          0         32          0          0          0   (incl. Generated)
        48          0          1          1          2          0   (incl. Padding)

    ----------------------------------------------------------------------

      Code (inc. data)   RO Data    RW Data    ZI Data      Debug   Library Member Name

        90          0          0          0          0          0   __dczerorl2.o
         8          0          0          0          0         68   __main.o
         0          0          0          0          0          0   __rtentry.o
        12          0          0          0          0          0   __rtentry2.o
         6          0          0          0          0          0   __rtentry4.o
        52          8          0          0          0          0   __scatter.o
        28          0          0          0          0          0   __scatter_zi.o
        18          0          0          0          0         80   exit.o
         6          0          0          0          0        152   heapauxi.o
         0          0          0          0          0          0   indicate_semi.o
         2          0          0          0          0          0   libinit.o
         6          0          0          0          0          0   libinit2.o
         2          0          0          0          0          0   libshutdown.o
         2          0          0          0          0          0   libshutdown2.o
         8          4          0          0         96         68   libspace.o
       238          0          0          0          0        100   lludivv7m.o
        78          0          0          0          0         80   rt_memclr_w.o
       138          0          0          0          0         68   rt_memcpy_v6.o
       100          0          0          0          0         80   rt_memcpy_w.o
         2          0          0          0          0          0   rtexit.o
        10          0          0          0          0          0   rtexit2.o
        12          4          0          0          0         68   sys_exit.o
        74          0          0          0          0         80   sys_stackheap_outer.o
         2          0          0          0          0         68   use_no_semi.o
        98          4          0          0          0        140   d2f.o
        24          0          0          0          0        116   dcmpi.o
        84          0          0          0          0        232   dflt_clz.o
       120          4          0          0          0        140   dleqf.o
       340         12          0          0          0        152   dmul.o
       156          4          0          0          0        140   dnaninf.o
        12          0          0          0          0        116   dretinf.o
       108          0          0          0          0        128   drleqf.o
        10          0          0          0          0        116   fpinit.o
        10          0          0          0          0        116   fretinf.o
         0          0          0          0          0          0   usenofp.o

    ----------------------------------------------------------------------
      1864         40          0          0        100       2308   Library Totals
         8          0          0          0          4          0   (incl. Padding)

    ----------------------------------------------------------------------

      Code (inc. data)   RO Data    RW Data    ZI Data      Debug   Library Name

       894         16          0          0         96        912   c_w.l
       962         24          0          0          0       1396   fz_wm.l

    ----------------------------------------------------------------------
      1864         40          0          0        100       2308   Library Totals

    ----------------------------------------------------------------------

==============================================================================


      Code (inc. data)   RO Data    RW Data    ZI Data      Debug   

     32152       1804       1184       2460      26836    1074899   Grand Totals
     32152       1804       1184        344      26836    1074899   ELF Image Totals (compressed)
     32152       1804       1184        344          0          0   ROM Totals

==============================================================================

    Total RO  Size (Code + RO Data)                33336 (  32.55kB)
    Total RW  Size (RW Data + ZI Data)             29296 (  28.61kB)
    Total ROM Size (Code + RO Data + RW Data)      33680 (  32.89kB)

==============================================================================

