Component: ARM Compiler 5.06 (build 20) Tool: armlink [4d35a3]

==============================================================================

Section Cross References

    startup_stm32f407xx.o(STACK) refers (Special) to heapauxi.o(.text) for __use_two_region_memory
    startup_stm32f407xx.o(HEAP) refers (Special) to heapauxi.o(.text) for __use_two_region_memory
    startup_stm32f407xx.o(RESET) refers (Special) to heapauxi.o(.text) for __use_two_region_memory
    startup_stm32f407xx.o(RESET) refers to startup_stm32f407xx.o(STACK) for __initial_sp
    startup_stm32f407xx.o(RESET) refers to startup_stm32f407xx.o(.text) for Reset_Handler
    startup_stm32f407xx.o(RESET) refers to stm32f4xx_it.o(i.NMI_Handler) for NMI_Handler
    startup_stm32f407xx.o(RESET) refers to stm32f4xx_it.o(i.HardFault_Handler) for HardFault_Handler
    startup_stm32f407xx.o(RESET) refers to stm32f4xx_it.o(i.MemManage_Handler) for MemManage_Handler
    startup_stm32f407xx.o(RESET) refers to stm32f4xx_it.o(i.BusFault_Handler) for BusFault_Handler
    startup_stm32f407xx.o(RESET) refers to stm32f4xx_it.o(i.UsageFault_Handler) for UsageFault_Handler
    startup_stm32f407xx.o(RESET) refers to port.o(.emb_text) for SVC_Handler
    startup_stm32f407xx.o(RESET) refers to stm32f4xx_it.o(i.DebugMon_Handler) for DebugMon_Handler
    startup_stm32f407xx.o(RESET) refers to port.o(i.SysTick_Handler) for SysTick_Handler
    startup_stm32f407xx.o(RESET) refers to stm32f4xx_it.o(i.DMA1_Stream1_IRQHandler) for DMA1_Stream1_IRQHandler
    startup_stm32f407xx.o(RESET) refers to stm32f4xx_it.o(i.DMA1_Stream3_IRQHandler) for DMA1_Stream3_IRQHandler
    startup_stm32f407xx.o(RESET) refers to stm32f4xx_it.o(i.USART1_IRQHandler) for USART1_IRQHandler
    startup_stm32f407xx.o(RESET) refers to stm32f4xx_it.o(i.USART3_IRQHandler) for USART3_IRQHandler
    startup_stm32f407xx.o(RESET) refers to stm32f4xx_it.o(i.TIM6_DAC_IRQHandler) for TIM6_DAC_IRQHandler
    startup_stm32f407xx.o(RESET) refers to stm32f4xx_it.o(i.DMA2_Stream1_IRQHandler) for DMA2_Stream1_IRQHandler
    startup_stm32f407xx.o(RESET) refers to stm32f4xx_it.o(i.DMA2_Stream2_IRQHandler) for DMA2_Stream2_IRQHandler
    startup_stm32f407xx.o(RESET) refers to stm32f4xx_it.o(i.DMA2_Stream6_IRQHandler) for DMA2_Stream6_IRQHandler
    startup_stm32f407xx.o(RESET) refers to stm32f4xx_it.o(i.DMA2_Stream7_IRQHandler) for DMA2_Stream7_IRQHandler
    startup_stm32f407xx.o(RESET) refers to stm32f4xx_it.o(i.USART6_IRQHandler) for USART6_IRQHandler
    startup_stm32f407xx.o(.text) refers (Special) to heapauxi.o(.text) for __use_two_region_memory
    startup_stm32f407xx.o(.text) refers to system_stm32f4xx.o(i.SystemInit) for SystemInit
    startup_stm32f407xx.o(.text) refers to __main.o(!!!main) for __main
    startup_stm32f407xx.o(.text) refers to startup_stm32f407xx.o(HEAP) for Heap_Mem
    startup_stm32f407xx.o(.text) refers to startup_stm32f407xx.o(STACK) for Stack_Mem
    main.o(i.HAL_TIM_PeriodElapsedCallback) refers to stm32f4xx_hal.o(i.HAL_IncTick) for HAL_IncTick
    main.o(i.SystemClock_Config) refers to rt_memclr_w.o(.text) for __aeabi_memclr4
    main.o(i.SystemClock_Config) refers to stm32f4xx_hal_rcc.o(i.HAL_RCC_OscConfig) for HAL_RCC_OscConfig
    main.o(i.SystemClock_Config) refers to stm32f4xx_hal_rcc.o(i.HAL_RCC_ClockConfig) for HAL_RCC_ClockConfig
    main.o(i.main) refers to stm32f4xx_hal.o(i.HAL_Init) for HAL_Init
    main.o(i.main) refers to main.o(i.SystemClock_Config) for SystemClock_Config
    main.o(i.main) refers to gpio.o(i.MX_GPIO_Init) for MX_GPIO_Init
    main.o(i.main) refers to dma.o(i.MX_DMA_Init) for MX_DMA_Init
    main.o(i.main) refers to tim.o(i.MX_TIM7_Init) for MX_TIM7_Init
    main.o(i.main) refers to usart.o(i.MX_USART3_UART_Init) for MX_USART3_UART_Init
    main.o(i.main) refers to usart.o(i.MX_USART1_UART_Init) for MX_USART1_UART_Init
    main.o(i.main) refers to i2c.o(i.MX_I2C1_Init) for MX_I2C1_Init
    main.o(i.main) refers to usart.o(i.MX_USART6_UART_Init) for MX_USART6_UART_Init
    main.o(i.main) refers to stm32f4xx_hal_uart.o(i.HAL_UART_Receive_DMA) for HAL_UART_Receive_DMA
    main.o(i.main) refers to app_key_ctrl.o(i.key_init) for key_init
    main.o(i.main) refers to app_led_ctrl.o(i.led_init) for led_init
    main.o(i.main) refers to app_hx711_ctrl.o(i.hx711_init) for hx711_init
    main.o(i.main) refers to app_t5l_ctrl.o(i.screenT5L_Init) for screenT5L_Init
    main.o(i.main) refers to app_modbus_rtu_ctrl.o(i.ModbusRtu_init) for ModbusRtu_init
    main.o(i.main) refers to app_syspara.o(i.readSysDataFromFlash) for readSysDataFromFlash
    main.o(i.main) refers to app_syspara.o(i.readSysDataFromFlash_3030) for readSysDataFromFlash_3030
    main.o(i.main) refers to freertos.o(i.MX_FREERTOS_Init) for MX_FREERTOS_Init
    main.o(i.main) refers to cmsis_os.o(i.osKernelStart) for osKernelStart
    main.o(i.main) refers to app_t5l_ctrl.o(.data) for g_T5L
    main.o(i.main) refers to usart.o(.bss) for huart1
[...]
    Reset_Handler                            0x08000329   Thumb Code     8  startup_stm32f407xx.o(.text)
    ADC_IRQHandler                           0x08000343   Thumb Code     0  startup_stm32f407xx.o(.text)
    CAN1_RX0_IRQHandler                      0x08000343   Thumb Code     0  startup_stm32f407xx.o(.text)
    CAN1_RX1_IRQHandler                      0x08000343   Thumb Code     0  startup_stm32f407xx.o(.text)
    CAN1_SCE_IRQHandler                      0x08000343   Thumb Code     0  startup_stm32f407xx.o(.text)
    CAN1_TX_IRQHandler                       0x08000343   Thumb Code     0  startup_stm32f407xx.o(.text)
    CAN2_RX0_IRQHandler                      0x08000343   Thumb Code     0  startup_stm32f407xx.o(.text)
    CAN2_RX1_IRQHandler                      0x08000343   Thumb Code     0  startup_stm32f407xx.o(.text)
    CAN2_SCE_IRQHandler                      0x08000343   Thumb Code     0  startup_stm32f407xx.o(.text)
    CAN2_TX_IRQHandler                       0x08000343   Thumb Code     0  startup_stm32f407xx.o(.text)
    DCMI_IRQHandler                          0x08000343   Thumb Code     0  startup_stm32f407xx.o(.text)
    DMA1_Stream0_IRQHandler                  0x08000343   Thumb Code     0  startup_stm32f407xx.o(.text)
    DMA1_Stream2_IRQHandler                  0x08000343   Thumb Code     0  startup_stm32f407xx.o(.text)
    DMA1_Stream4_IRQHandler                  0x08000343   Thumb Code     0  startup_stm32f407xx.o(.text)
    DMA1_Stream5_IRQHandler                  0x08000343   Thumb Code     0  startup_stm32f407xx.o(.text)
    DMA1_Stream6_IRQHandler                  0x08000343   Thumb Code     0  startup_stm32f407xx.o(.text)
    DMA1_Stream7_IRQHandler                  0x08000343   Thumb Code     0  startup_stm32f407xx.o(.text)
    DMA2_Stream0_IRQHandler                  0x08000343   Thumb Code     0  startup_stm32f407xx.o(.text)
    DMA2_Stream3_IRQHandler                  0x08000343   Thumb Code     0  startup_stm32f407xx.o(.text)
    DMA2_Stream4_IRQHandler                  0x08000343   Thumb Code     0  startup_stm32f407xx.o(.text)
    DMA2_Stream5_IRQHandler                  0x08000343   Thumb Code     0  startup_stm32f407xx.o(.text)
    ETH_IRQHandler                           0x08000343   Thumb Code     0  startup_stm32f407xx.o(.text)
    ETH_WKUP_IRQHandler                      0x08000343   Thumb Code     0  startup_stm32f407xx.o(.text)
    EXTI0_IRQHandler                         0x08000343   Thumb Code     0  startup_stm32f407xx.o(.text)
    EXTI15_10_IRQHandler                     0x08000343   Thumb Code     0  startup_stm32f407xx.o(.text)
    EXTI1_IRQHandler                         0x08000343   Thumb Code     0  startup_stm32f407xx.o(.text)
    EXTI2_IRQHandler                         0x08000343   Thumb Code     0  startup_stm32f407xx.o(.text)
    EXTI3_IRQHandler                         0x08000343   Thumb Code     0  startup_stm32f407xx.o(.text)
    EXTI4_IRQHandler                         0x08000343   Thumb Code     0  startup_stm32f407xx.o(.text)
    EXTI9_5_IRQHandler                       0x08000343   Thumb Code     0  startup_stm32f407xx.o(.text)
    FLASH_IRQHandler                         0x08000343   Thumb Code     0  startup_stm32f407xx.o(.text)
    FMC_IRQHandler                           0x08000343   Thumb Code     0  startup_stm32f407xx.o(.text)
    FPU_IRQHandler                           0x08000343   Thumb Code     0  startup_stm32f407xx.o(.text)
    HASH_RNG_IRQHandler                      0x08000343   Thumb Code     0  startup_stm32f407xx.o(.text)
    I2C1_ER_IRQHandler                       0x08000343   Thumb Code     0  startup_stm32f407xx.o(.text)
    I2C1_EV_IRQHandler                       0x08000343   Thumb Code     0  startup_stm32f407xx.o(.text)
    I2C2_ER_IRQHandler                       0x08000343   Thumb Code     0  startup_stm32f407xx.o(.text)
    I2C2_EV_IRQHandler                       0x08000343   Thumb Code     0  startup_stm32f407xx.o(.text)
    I2C3_ER_IRQHandler                       0x08000343   Thumb Code     0  startup_stm32f407xx.o(.text)
    I2C3_EV_IRQHandler                       0x08000343   Thumb Code     0  startup_stm32f407xx.o(.text)
    OTG_FS_IRQHandler                        0x08000343   Thumb Code     0  startup_stm32f407xx.o(.text)
    OTG_FS_WKUP_IRQHandler                   0x08000343   Thumb Code     0  startup_stm32f407xx.o(.text)
    OTG_HS_EP1_IN_IRQHandler                 0x08000343   Thumb Code     0  startup_stm32f407xx.o(.text)
    OTG_HS_EP1_OUT_IRQHandler                0x08000343   Thumb Code     0  startup_stm32f407xx.o(.text)
    OTG_HS_IRQHandler                        0x08000343   Thumb Code     0  startup_stm32f407xx.o(.text)
    OTG_HS_WKUP_IRQHandler                   0x08000343   Thumb Code     0  startup_stm32f407xx.o(.text)
    PVD_IRQHandler                           0x08000343   Thumb Code     0  startup_stm32f407xx.o(.text)
    RCC_IRQHandler                           0x08000343   Thumb Code     0  startup_stm32f407xx.o(.text)
    RTC_Alarm_IRQHandler                     0x08000343   Thumb Code     0  startup_stm32f407xx.o(.text)
    RTC_WKUP_IRQHandler                      0x08000343   Thumb Code     0  startup_stm32f407xx.o(.text)
    SDIO_IRQHandler                          0x08000343   Thumb Code     0  startup_stm32f407xx.o(.text)
    SPI1_IRQHandler                          0x08000343   Thumb Code     0  startup_stm32f407xx.o(.text)
    SPI2_IRQHandler                          0x08000343   Thumb Code     0  startup_stm32f407xx.o(.text)
    SPI3_IRQHandler                          0x08000343   Thumb Code     0  startup_stm32f407xx.o(.text)
    TAMP_STAMP_IRQHandler                    0x08000343   Thumb Code     0  startup_stm32f407xx.o(.text)
    TIM1_BRK_TIM9_IRQHandler                 0x08000343   Thumb Code     0  startup_stm32f407xx.o(.text)
    TIM1_CC_IRQHandler                       0x08000343   Thumb Code     0  startup_stm32f407xx.o(.text)
    TIM1_TRG_COM_TIM11_IRQHandler            0x08000343   Thumb Code     0  startup_stm32f407xx.o(.text)
    TIM1_UP_TIM10_IRQHandler                 0x08000343   Thumb Code     0  startup_stm32f407xx.o(.text)
    TIM2_IRQHandler                          0x08000343   Thumb Code     0  startup_stm32f407xx.o(.text)
    TIM3_IRQHandler                          0x08000343   Thumb Code     0  startup_stm32f407xx.o(.text)
    TIM4_IRQHandler                          0x08000343   Thumb Code     0  startup_stm32f407xx.o(.text)
    TIM5_IRQHandler                          0x08000343   Thumb Code     0  startup_stm32f407xx.o(.text)
    TIM7_IRQHandler                          0x08000343   Thumb Code     0  startup_stm32f407xx.o(.text)
    TIM8_BRK_TIM12_IRQHandler                0x08000343   Thumb Code     0  startup_stm32f407xx.o(.text)
    TIM8_CC_IRQHandler                       0x08000343   Thumb Code     0  startup_stm32f407xx.o(.text)
    TIM8_TRG_COM_TIM14_IRQHandler            0x08000343   Thumb Code     0  startup_stm32f407xx.o(.text)
    TIM8_UP_TIM13_IRQHandler                 0x08000343   Thumb Code     0  startup_stm32f407xx.o(.text)
    UART4_IRQHandler                         0x08000343   Thumb Code     0  startup_stm32f407xx.o(.text)
    UART5_IRQHandler                         0x08000343   Thumb Code     0  startup_stm32f407xx.o(.text)
    USART2_IRQHandler                        0x08000343   Thumb Code     0  startup_stm32f407xx.o(.text)
    WWDG_IRQHandler                          0x08000343   Thumb Code     0  startup_stm32f407xx.o(.text)
    __user_initial_stackheap                 0x08000345   Thumb Code     0  startup_stm32f407xx.o(.text)
    __aeabi_uldivmod                         0x08000369   Thumb Code     0  lludivv7m.o(.text)
    _ll_udiv                                 0x08000369   Thumb Code   238  lludivv7m.o(.text)
    __aeabi_memcpy                           0x08000457   Thumb Code     0  rt_memcpy_v6.o(.text)
    __rt_memcpy                              0x08000457   Thumb Code   138  rt_memcpy_v6.o(.text)
    _memcpy_lastbytes                        0x080004bd   Thumb Code     0  rt_memcpy_v6.o(.text)
    __aeabi_memcpy4                          0x080004e1   Thumb Code     0  rt_memcpy_w.o(.text)
    __aeabi_memcpy8                          0x080004e1   Thumb Code     0  rt_memcpy_w.o(.text)
    __rt_memcpy_w                            0x080004e1   Thumb Code   100  rt_memcpy_w.o(.text)
    _memcpy_lastbytes_aligned                0x08000529   Thumb Code     0  rt_memcpy_w.o(.text)
    __aeabi_memclr4                          0x08000545   Thumb Code     0  rt_memclr_w.o(.text)
    __aeabi_memclr8                          0x08000545   Thumb Code     0  rt_memclr_w.o(.text)
    __rt_memclr_w                            0x08000545   Thumb Code    78  rt_memclr_w.o(.text)
    _memset_w                                0x08000549   Thumb Code     0  rt_memclr_w.o(.text)
    __use_two_region_memory                  0x08000593   Thumb Code     2  heapauxi.o(.text)
    __rt_heap_escrow$2region                 0x08000595   Thumb Code     2  heapauxi.o(.text)
    __rt_heap_expand$2region                 0x08000597   Thumb Code     2  heapauxi.o(.text)
    __user_setup_stackheap                   0x08000599   Thumb Code    74  sys_stackheap_outer.o(.text)
    exit                                     0x080005e3   Thumb Code    18  exit.o(.text)
    __user_libspace                          0x080005f5   Thumb Code     8  libspace.o(.text)
    __user_perproc_libspace                  0x080005f5   Thumb Code     0  libspace.o(.text)
    __user_perthread_libspace                0x080005f5   Thumb Code     0  libspace.o(.text)
    _sys_exit                                0x080005fd   Thumb Code     8  sys_exit.o(.text)
    __I$use$semihosting                      0x08000609   Thumb Code     0  use_no_semi.o(.text)
    __use_no_semihosting_swi                 0x08000609   Thumb Code     2  use_no_semi.o(.text)
    __semihosting_library_function           0x0800060b   Thumb Code     0  indicate_semi.o(.text)
    BubbleSort                               0x0800060d   Thumb Code    90  app_crc.o(i.BubbleSort)
    BubbleSortINT32                          0x08000669   Thumb Code    64  app_crc.o(i.BubbleSortINT32)
    BusFault_Handler                         0x080006a9   Thumb Code     2  stm32f4xx_it.o(i.BusFault_Handler)
    DMA1_Stream1_IRQHandler                  0x080006ad   Thumb Code     6  stm32f4xx_it.o(i.DMA1_Stream1_IRQHandler)
    DMA1_Stream3_IRQHandler                  0x080006b9   Thumb Code     6  stm32f4xx_it.o(i.DMA1_Stream3_IRQHandler)
    DMA2_Stream1_IRQHandler                  0x080006c5   Thumb Code     6  stm32f4xx_it.o(i.DMA2_Stream1_IRQHandler)
    DMA2_Stream2_IRQHandler                  0x080006d1   Thumb Code     6  stm32f4xx_it.o(i.DMA2_Stream2_IRQHandler)
    DMA2_Stream6_IRQHandler                  0x080006dd   Thumb Code     6  stm32f4xx_it.o(i.DMA2_Stream6_IRQHandler)
    DMA2_Stream7_IRQHandler                  0x080006e9   Thumb Code     6  stm32f4xx_it.o(i.DMA2_Stream7_IRQHandler)
    DebugMon_Handler                         0x08000799   Thumb Code     2  stm32f4xx_it.o(i.DebugMon_Handler)
    Error_Handler                            0x0800079b   Thumb Code     4  main.o(i.Error_Handler)
    GetFloatBalancingModelData               0x080007a1   Thumb Code    32  app_t5l_ctrl.o(i.GetFloatBalancingModelData)
    HAL_DMA_Abort                            0x080007c9   Thumb Code   146  stm32f4xx_hal_dma.o(i.HAL_DMA_Abort)
    HAL_DMA_Abort_IT                         0x0800085b   Thumb Code    36  stm32f4xx_hal_dma.o(i.HAL_DMA_Abort_IT)
    HAL_DMA_IRQHandler                       0x08000881   Thumb Code   412  stm32f4xx_hal_dma.o(i.HAL_DMA_IRQHandler)
    HAL_DMA_Init                             0x08000a21   Thumb Code   206  stm32f4xx_hal_dma.o(i.HAL_DMA_Init)
    HAL_DMA_Start_IT                         0x08000af5   Thumb Code   110  stm32f4xx_hal_dma.o(i.HAL_DMA_Start_IT)
    HAL_GPIO_Init                            0x08000b65   Thumb Code   450  stm32f4xx_hal_gpio.o(i.HAL_GPIO_Init)
    HAL_GPIO_ReadPin                         0x08000d55   Thumb Code    10  stm32f4xx_hal_gpio.o(i.HAL_GPIO_ReadPin)
    HAL_GPIO_TogglePin                       0x08000d5f   Thumb Code    16  stm32f4xx_hal_gpio.o(i.HAL_GPIO_TogglePin)
    HAL_GPIO_WritePin                        0x08000d6f   Thumb Code    10  stm32f4xx_hal_gpio.o(i.HAL_GPIO_WritePin)
    HAL_GetTick                              0x08000d79   Thumb Code     6  stm32f4xx_hal.o(i.HAL_GetTick)
    HAL_I2C_Init                             0x08000d85   Thumb Code   376  stm32f4xx_hal_i2c.o(i.HAL_I2C_Init)
    HAL_I2C_Mem_Read                         0x08000f0d   Thumb Code   490  stm32f4xx_hal_i2c.o(i.HAL_I2C_Mem_Read)
    HAL_I2C_Mem_Write                        0x08001105   Thumb Code   294  stm32f4xx_hal_i2c.o(i.HAL_I2C_Mem_Write)
    HAL_I2C_MspInit                          0x08001235   Thumb Code    94  i2c.o(i.HAL_I2C_MspInit)
    HAL_IncTick                              0x080012a1   Thumb Code    12  stm32f4xx_hal.o(i.HAL_IncTick)
    HAL_Init                                 0x080012b1   Thumb Code    48  stm32f4xx_hal.o(i.HAL_Init)
    HAL_InitTick                             0x080012e5   Thumb Code   132  stm32f4xx_hal_timebase_tim.o(i.HAL_InitTick)
    HAL_MspInit                              0x0800137d   Thumb Code    52  stm32f4xx_hal_msp.o(i.HAL_MspInit)
    HAL_NVIC_EnableIRQ                       0x080013b5   Thumb Code    26  stm32f4xx_hal_cortex.o(i.HAL_NVIC_EnableIRQ)
    HAL_NVIC_SetPriority                     0x080013d1   Thumb Code    60  stm32f4xx_hal_cortex.o(i.HAL_NVIC_SetPriority)
    HAL_NVIC_SetPriorityGrouping             0x08001411   Thumb Code    26  stm32f4xx_hal_cortex.o(i.HAL_NVIC_SetPriorityGrouping)
    HAL_RCC_ClockConfig                      0x08001435   Thumb Code   288  stm32f4xx_hal_rcc.o(i.HAL_RCC_ClockConfig)
    HAL_RCC_GetClockConfig                   0x08001569   Thumb Code    54  stm32f4xx_hal_rcc.o(i.HAL_RCC_GetClockConfig)
    HAL_RCC_GetPCLK1Freq                     0x080015a9   Thumb Code    20  stm32f4xx_hal_rcc.o(i.HAL_RCC_GetPCLK1Freq)
    HAL_RCC_GetPCLK2Freq                     0x080015c9   Thumb Code    20  stm32f4xx_hal_rcc.o(i.HAL_RCC_GetPCLK2Freq)
    HAL_RCC_GetSysClockFreq                  0x080015e9   Thumb Code    88  stm32f4xx_hal_rcc.o(i.HAL_RCC_GetSysClockFreq)
    HAL_RCC_OscConfig                        0x0800164d   Thumb Code   856  stm32f4xx_hal_rcc.o(i.HAL_RCC_OscConfig)
    HAL_TIMEx_BreakCallback                  0x080019b9   Thumb Code     2  stm32f4xx_hal_tim_ex.o(i.HAL_TIMEx_BreakCallback)
    HAL_TIMEx_CommutCallback                 0x080019bb   Thumb Code     2  stm32f4xx_hal_tim_ex.o(i.HAL_TIMEx_CommutCallback)
    HAL_TIMEx_MasterConfigSynchronization    0x080019bd   Thumb Code   116  stm32f4xx_hal_tim_ex.o(i.HAL_TIMEx_MasterConfigSynchronization)
    HAL_TIM_Base_Init                        0x08001a4d   Thumb Code    90  stm32f4xx_hal_tim.o(i.HAL_TIM_Base_Init)
    HAL_TIM_Base_MspInit                     0x08001aa9   Thumb Code    30  tim.o(i.HAL_TIM_Base_MspInit)
    HAL_TIM_Base_Start_IT                    0x08001ad1   Thumb Code   100  stm32f4xx_hal_tim.o(i.HAL_TIM_Base_Start_IT)
    HAL_TIM_IC_CaptureCallback               0x08001b51   Thumb Code     2  stm32f4xx_hal_tim.o(i.HAL_TIM_IC_CaptureCallback)
    HAL_TIM_IRQHandler                       0x08001b53   Thumb Code   358  stm32f4xx_hal_tim.o(i.HAL_TIM_IRQHandler)
    HAL_TIM_OC_DelayElapsedCallback          0x08001cb9   Thumb Code     2  stm32f4xx_hal_tim.o(i.HAL_TIM_OC_DelayElapsedCallback)
    HAL_TIM_PWM_PulseFinishedCallback        0x08001cbb   Thumb Code     2  stm32f4xx_hal_tim.o(i.HAL_TIM_PWM_PulseFinishedCallback)
    HAL_TIM_PeriodElapsedCallback            0x08001cbd   Thumb Code    14  main.o(i.HAL_TIM_PeriodElapsedCallback)
    HAL_TIM_TriggerCallback                  0x08001cd1   Thumb Code     2  stm32f4xx_hal_tim.o(i.HAL_TIM_TriggerCallback)
    HAL_UARTEx_RxEventCallback               0x08001cd3   Thumb Code     2  stm32f4xx_hal_uart.o(i.HAL_UARTEx_RxEventCallback)
    HAL_UART_DMAStop                         0x08001cd5   Thumb Code   112  stm32f4xx_hal_uart.o(i.HAL_UART_DMAStop)
    HAL_UART_ErrorCallback                   0x08001d45   Thumb Code     2  stm32f4xx_hal_uart.o(i.HAL_UART_ErrorCallback)
    HAL_UART_IRQHandler                      0x08001d49   Thumb Code   610  stm32f4xx_hal_uart.o(i.HAL_UART_IRQHandler)
    HAL_UART_Init                            0x08001fb1   Thumb Code    98  stm32f4xx_hal_uart.o(i.HAL_UART_Init)
    HAL_UART_MspInit                         0x08002015   Thumb Code   620  usart.o(i.HAL_UART_MspInit)
    HAL_UART_Receive_DMA                     0x080022a9   Thumb Code    42  stm32f4xx_hal_uart.o(i.HAL_UART_Receive_DMA)
    HAL_UART_Receive_IT                      0x080022d3   Thumb Code    42  stm32f4xx_hal_uart.o(i.HAL_UART_Receive_IT)
    HAL_UART_RxCpltCallback                  0x080022fd   Thumb Code    18  usart.o(i.HAL_UART_RxCpltCallback)
    HAL_UART_RxHalfCpltCallback              0x08002315   Thumb Code     2  stm32f4xx_hal_uart.o(i.HAL_UART_RxHalfCpltCallback)
    HAL_UART_Transmit_DMA                    0x08002319   Thumb Code   126  stm32f4xx_hal_uart.o(i.HAL_UART_Transmit_DMA)
    HAL_UART_TxCpltCallback                  0x080023a5   Thumb Code    56  usart.o(i.HAL_UART_TxCpltCallback)
    HAL_UART_TxHalfCpltCallback              0x080023e9   Thumb Code     2  stm32f4xx_hal_uart.o(i.HAL_UART_TxHalfCpltCallback)
    HardFault_Handler                        0x080023eb   Thumb Code     2  stm32f4xx_it.o(i.HardFault_Handler)
    LedCtrlSendPulse                         0x080027bd   Thumb Code    82  app_led_ctrl.o(i.LedCtrlSendPulse)
    LedDataSet                               0x08002811   Thumb Code    98  app_led_ctrl.o(i.LedDataSet)
    MX_DMA_Init                              0x08002879   Thumb Code   136  dma.o(i.MX_DMA_Init)
    MX_FREERTOS_Init                         0x08002905   Thumb Code    52  freertos.o(i.MX_FREERTOS_Init)
    MX_GPIO_Init                             0x08002941   Thumb Code   350  gpio.o(i.MX_GPIO_Init)
    MX_I2C1_Init                             0x08002ab9   Thumb Code    50  i2c.o(i.MX_I2C1_Init)
    MX_TIM7_Init                             0x08002af9   Thumb Code    60  tim.o(i.MX_TIM7_Init)
    MX_USART1_UART_Init                      0x08002b3d   Thumb Code    48  usart.o(i.MX_USART1_UART_Init)
    MX_USART3_UART_Init                      0x08002b75   Thumb Code    48  usart.o(i.MX_USART3_UART_Init)
    MX_USART6_UART_Init                      0x08002bad   Thumb Code    48  usart.o(i.MX_USART6_UART_Init)
    MemManage_Handler                        0x08002be5   Thumb Code     2  stm32f4xx_it.o(i.MemManage_Handler)
    ModbusRtu_MainFunction                   0x08002be9   Thumb Code    46  app_modbus_rtu_ctrl.o(i.ModbusRtu_MainFunction)
    ModbusRtu_MasterCycleReadWeightScan      0x08002c21   Thumb Code    54  app_modbus_rtu_ctrl.o(i.ModbusRtu_MasterCycleReadWeightScan)
    ModbusRtu_MasterMainFunction             0x08002c5d   Thumb Code    44  app_modbus_rtu_ctrl.o(i.ModbusRtu_MasterMainFunction)
    ModbusRtu_MasterMaskHandle               0x08002c89   Thumb Code   152  app_modbus_rtu_ctrl.o(i.ModbusRtu_MasterMaskHandle)
    ModbusRtu_MasterRxMainFunction           0x08002d25   Thumb Code   116  app_modbus_rtu_ctrl.o(i.ModbusRtu_MasterRxMainFunction)
    ModbusRtu_MasterTxMainFunction           0x08002d9d   Thumb Code   118  app_modbus_rtu_ctrl.o(i.ModbusRtu_MasterTxMainFunction)
    ModbusRtu_RxMainFunction                 0x08002e13   Thumb Code    96  app_modbus_rtu_ctrl.o(i.ModbusRtu_RxMainFunction)
    ModbusRtu_SlaveMainFunction              0x08002e73   Thumb Code    30  app_modbus_rtu_ctrl.o(i.ModbusRtu_SlaveMainFunction)
    ModbusRtu_SlaveRxMainFunction            0x08002e91   Thumb Code   106  app_modbus_rtu_ctrl.o(i.ModbusRtu_SlaveRxMainFunction)
    ModbusRtu_SlaveTxMainFunction            0x08002f01   Thumb Code    72  app_modbus_rtu_ctrl.o(i.ModbusRtu_SlaveTxMainFunction)
    ModbusRtu_SlaveTxMaskHandle              0x08002f49   Thumb Code   224  app_modbus_rtu_ctrl.o(i.ModbusRtu_SlaveTxMaskHandle)
    ModbusRtu_init                           0x0800302d   Thumb Code    50  app_modbus_rtu_ctrl.o(i.ModbusRtu_init)
    NMI_Handler                              0x08003069   Thumb Code     2  stm32f4xx_it.o(i.NMI_Handler)
    STM32CheckPassWord                       0x0800306d   Thumb Code    50  app_password.o(i.STM32CheckPassWord)
    StartDefaultTask                         0x080030a9   Thumb Code     8  freertos.o(i.StartDefaultTask)
    StartappTask1Ms                          0x080030b1   Thumb Code    12  freertos.o(i.StartappTask1Ms)
    SysTick_Handler                          0x080030bd   Thumb Code    38  port.o(i.SysTick_Handler)
    SystemClock_Config                       0x080030e9   Thumb Code   142  main.o(i.SystemClock_Config)
    SystemInit                               0x08003181   Thumb Code    12  system_stm32f4xx.o(i.SystemInit)
    TIM6_DAC_IRQHandler                      0x08003191   Thumb Code    14  stm32f4xx_it.o(i.TIM6_DAC_IRQHandler)
    TIM_Base_SetConfig                       0x080031a9   Thumb Code   156  stm32f4xx_hal_tim.o(i.TIM_Base_SetConfig)
    UART_Start_Receive_DMA                   0x080035e9   Thumb Code   134  stm32f4xx_hal_uart.o(i.UART_Start_Receive_DMA)
    UART_Start_Receive_IT                    0x0800367d   Thumb Code    58  stm32f4xx_hal_uart.o(i.UART_Start_Receive_IT)
    USART1_IRQHandler                        0x080036b9   Thumb Code    18  stm32f4xx_it.o(i.USART1_IRQHandler)
    USART3_IRQHandler                        0x080036d1   Thumb Code    18  stm32f4xx_it.o(i.USART3_IRQHandler)
    USART6_IRQHandler                        0x080036e9   Thumb Code     6  stm32f4xx_it.o(i.USART6_IRQHandler)
    UsageFault_Handler                       0x080036f5   Thumb Code     2  stm32f4xx_it.o(i.UsageFault_Handler)
    Usart1AsScreen1Receive_IDLE              0x080036f9   Thumb Code    72  usart.o(i.Usart1AsScreen1Receive_IDLE)
    Usart3WithRS485Receive_IDLE              0x08003749   Thumb Code    94  usart.o(i.Usart3WithRS485Receive_IDLE)
    app_HAL_I2C_Master_Read                  0x080037d1   Thumb Code   150  app_i2c.o(i.app_HAL_I2C_Master_Read)
    app_HAL_I2C_Master_Transmit              0x08003871   Thumb Code   148  app_i2c.o(i.app_HAL_I2C_Master_Transmit)
    app_main_task                            0x0800390d   Thumb Code    34  app_main_task.o(i.app_main_task)
    balaningColorClear                       0x08003935   Thumb Code    22  app_led_ctrl.o(i.balaningColorClear)
    cal_crc16                                0x0800394d   Thumb Code    50  app_crc.o(i.cal_crc16)
    chanelChangedTrigerDeal                  0x08003985   Thumb Code   226  app_t5l_ctrl.o(i.chanelChangedTrigerDeal)
    clearLocalCalibrationKAndBAndSample      0x08003a75   Thumb Code   130  app_t5l_ctrl.o(i.clearLocalCalibrationKAndBAndSample)
    clearLocalCalibrationRecordData          0x08003afd   Thumb Code    82  app_t5l_ctrl.o(i.clearLocalCalibrationRecordData)
    color_clearAllColor                      0x08003b55   Thumb Code    34  app_t5l_ctrl.o(i.color_clearAllColor)
    getChanelStruct                          0x08003b7d   Thumb Code    24  app_hx711_ctrl.o(i.getChanelStruct)
    getModbusOtherRemoveFlag                 0x08003b99   Thumb Code     8  app_modbus_rtu_ctrl.o(i.getModbusOtherRemoveFlag)
    getSysColorWhichUsable                   0x08003ba5   Thumb Code    50  app_t5l_ctrl.o(i.getSysColorWhichUsable)
    get_SysTick_ByTimer                      0x08003bdd   Thumb Code     6  stm32f4xx_it.o(i.get_SysTick_ByTimer)
    hal_delay_ms                             0x08003be9   Thumb Code    24  hal_delay.o(i.hal_delay_ms)
    hal_delay_us                             0x08003c01   Thumb Code    16  hal_delay.o(i.hal_delay_us)
    hal_di_get                               0x08003c11   Thumb Code    26  hal_gpio.o(i.hal_di_get)
    hal_gpio_TogglePin                       0x08003c35   Thumb Code    16  hal_gpio.o(i.hal_gpio_TogglePin)
    hal_gpio_set_do_high                     0x08003c4d   Thumb Code    18  hal_gpio.o(i.hal_gpio_set_do_high)
    hal_gpio_set_do_low                      0x08003c69   Thumb Code    18  hal_gpio.o(i.hal_gpio_set_do_low)
    hal_uart_port_init                       0x08003c85   Thumb Code     2  hal_uart.o(i.hal_uart_port_init)
    hal_uart_rx_irq_disable                  0x08003c87   Thumb Code     2  hal_uart.o(i.hal_uart_rx_irq_disable)
    hal_uart_rx_irq_enable                   0x08003c89   Thumb Code     2  hal_uart.o(i.hal_uart_rx_irq_enable)
    hal_uart_set_braudrate                   0x08003c8b   Thumb Code     2  hal_uart.o(i.hal_uart_set_braudrate)
    hal_uart_set_timeout                     0x08003c8d   Thumb Code     2  hal_uart.o(i.hal_uart_set_timeout)
    hal_uart_tx_bytes                        0x08003c91   Thumb Code    44  hal_uart.o(i.hal_uart_tx_bytes)
    handleWeightColorWasSend                 0x08003cc9   Thumb Code    30  app_t5l_ctrl.o(i.handleWeightColorWasSend)
    handleWeightDataWasSend                  0x08003ce9   Thumb Code    30  app_t5l_ctrl.o(i.handleWeightDataWasSend)
    hx711_AllChanelSample                    0x08003d09   Thumb Code   194  app_hx711_ctrl.o(i.hx711_AllChanelSample)
    hx711_DataSampleCtrl                     0x08003dd1   Thumb Code    38  app_hx711_ctrl.o(i.hx711_DataSampleCtrl)
    hx711_MainFunction                       0x08003dfd   Thumb Code    62  app_hx711_ctrl.o(i.hx711_MainFunction)
    hx711_SampleFunction                     0x08003e45   Thumb Code   178  app_hx711_ctrl.o(i.hx711_SampleFunction)
    hx711_SenserCheck                        0x08003efd   Thumb Code   364  app_hx711_ctrl.o(i.hx711_SenserCheck)
    hx711_SigChanelAvrgAndWeightCalc         0x08004079   Thumb Code   154  app_hx711_ctrl.o(i.hx711_SigChanelAvrgAndWeightCalc)
    hx711_getAvgSample                       0x08004115   Thumb Code    26  app_hx711_ctrl.o(i.hx711_getAvgSample)
    hx711_getWeight                          0x08004135   Thumb Code   108  app_hx711_ctrl.o(i.hx711_getWeight)
    hx711_init                               0x080041b9   Thumb Code   146  app_hx711_ctrl.o(i.hx711_init)
    hx711_setAllRemoveWeight                 0x08004261   Thumb Code    70  app_hx711_ctrl.o(i.hx711_setAllRemoveWeight)
    judgeWeightColorIfNotNeedSend            0x080042b1   Thumb Code    40  app_t5l_ctrl.o(i.judgeWeightColorIfNotNeedSend)
    judgeWeightDataIfNotNeedSend             0x080042d9   Thumb Code    40  app_t5l_ctrl.o(i.judgeWeightDataIfNotNeedSend)
    jumpToActivePage                         0x08004301   Thumb Code    54  app_t5l_ctrl.o(i.jumpToActivePage)
    jumpToBalancingCleanPage                 0x08004341   Thumb Code    68  app_t5l_ctrl.o(i.jumpToBalancingCleanPage)
    jumpToBalancingHomePage                  0x08004391   Thumb Code    90  app_t5l_ctrl.o(i.jumpToBalancingHomePage)
    jumpToBalancingPage                      0x080043f9   Thumb Code    98  app_t5l_ctrl.o(i.jumpToBalancingPage)
    jumpToBanlingPage                        0x08004469   Thumb Code    98  app_t5l_ctrl.o(i.jumpToBanlingPage)
    jumpToCalibrationPage                    0x080044d9   Thumb Code    54  app_t5l_ctrl.o(i.jumpToCalibrationPage)
    jumpToHomePage                           0x08004519   Thumb Code    54  app_t5l_ctrl.o(i.jumpToHomePage)
    jumpToStartUpPage                        0x08004559   Thumb Code    60  app_t5l_ctrl.o(i.jumpToStartUpPage)
    jumpToSysparaPage                        0x0800459d   Thumb Code    54  app_t5l_ctrl.o(i.jumpToSysparaPage)
    key_FilterGet                            0x080045dd   Thumb Code    28  app_key_ctrl.o(i.key_FilterGet)
    key_MainFunction                         0x080045fd   Thumb Code   120  app_key_ctrl.o(i.key_MainFunction)
    key_filter                               0x0800467d   Thumb Code    68  app_key_ctrl.o(i.key_filter)
    key_init                                 0x080046c5   Thumb Code    48  app_key_ctrl.o(i.key_init)
    led_MainFunction                         0x080046f9   Thumb Code   114  app_led_ctrl.o(i.led_MainFunction)
    led_RunIndicate                          0x08004775   Thumb Code    34  app_led_ctrl.o(i.led_RunIndicate)
    led_init                                 0x08004797   Thumb Code    64  app_led_ctrl.o(i.led_init)
    main                                     0x080047d9   Thumb Code   122  main.o(i.main)
    masterCaculateHelpData                   0x08004871   Thumb Code   366  app_t5l_ctrl.o(i.masterCaculateHelpData)
    osDelay                                  0x080049ed   Thumb Code    14  cmsis_os.o(i.osDelay)
    osKernelStart                            0x080049fb   Thumb Code    10  cmsis_os.o(i.osKernelStart)
    osThreadCreate                           0x08004a05   Thumb Code    84  cmsis_os.o(i.osThreadCreate)
    pointSampleTrigerDataSet                 0x08004a59   Thumb Code    26  app_t5l_ctrl.o(i.pointSampleTrigerDataSet)
    pointTrigerDataSet                       0x08004a79   Thumb Code    36  app_t5l_ctrl.o(i.pointTrigerDataSet)
    pointTrigerDeal                          0x08004aa1   Thumb Code   152  app_t5l_ctrl.o(i.pointTrigerDeal)
    pointWeightTrigerDataSet                 0x08004b41   Thumb Code    26  app_t5l_ctrl.o(i.pointWeightTrigerDataSet)
    preBalancingWeightAndColorIfNotNeedSendToSreen 0x08004b61   Thumb Code   170  app_t5l_ctrl.o(i.preBalancingWeightAndColorIfNotNeedSendToSreen)
    preColorDataAndJudgeIfNeedSend           0x08004c11   Thumb Code   664  app_t5l_ctrl.o(i.preColorDataAndJudgeIfNeedSend)
    preCurrentDeviceWeightData               0x08004eb1   Thumb Code   114  app_t5l_ctrl.o(i.preCurrentDeviceWeightData)
    preOtherDeviceWeightData                 0x08004f2d   Thumb Code    82  app_t5l_ctrl.o(i.preOtherDeviceWeightData)
    preWeightDataAndJudgeIfNeedSend_FuncA_Master 0x08004f7f   Thumb Code    52  app_t5l_ctrl.o(i.preWeightDataAndJudgeIfNeedSend_FuncA_Master)
    preWeightDataAndJudgeIfNeedSend_Master   0x08004fb5   Thumb Code    74  app_t5l_ctrl.o(i.preWeightDataAndJudgeIfNeedSend_Master)
    pvPortMalloc                             0x08005351   Thumb Code   216  heap_4.o(i.pvPortMalloc)
    pxPortInitialiseStack                    0x0800542d   Thumb Code    40  port.o(i.pxPortInitialiseStack)
    readColorDataFromSys                     0x08005459   Thumb Code    42  app_t5l_ctrl.o(i.readColorDataFromSys)
    readHelpDataFromSys                      0x08005489   Thumb Code    42  app_t5l_ctrl.o(i.readHelpDataFromSys)
    readSysDataFromFlash                     0x080054b9   Thumb Code   320  app_syspara.o(i.readSysDataFromFlash)
    readSysDataFromFlash_3030                0x080055f9   Thumb Code   232  app_syspara.o(i.readSysDataFromFlash_3030)
    readWeightDataFromSys                    0x080056e9   Thumb Code    58  app_t5l_ctrl.o(i.readWeightDataFromSys)
    releaseSysColor                          0x08005729   Thumb Code    36  app_t5l_ctrl.o(i.releaseSysColor)
    removeWeightTrigerDeal                   0x08005751   Thumb Code   122  app_t5l_ctrl.o(i.removeWeightTrigerDeal)
    resetCalibrationTrigerDeal               0x080057d5   Thumb Code   158  app_t5l_ctrl.o(i.resetCalibrationTrigerDeal)
    sampleDataPush                           0x0800587d   Thumb Code    40  app_hx711_ctrl.o(i.sampleDataPush)
    screenT5L_HelpDataMainFunction           0x080058a5   Thumb Code    50  app_t5l_ctrl.o(i.screenT5L_HelpDataMainFunction)
    screenT5L_Init                           0x080058e1   Thumb Code   136  app_t5l_ctrl.o(i.screenT5L_Init)
    screenT5L_OutputVoice                    0x08005979   Thumb Code   122  app_t5l_ctrl.o(i.screenT5L_OutputVoice)
    screenT5L_RxFunction                     0x08005a01   Thumb Code   228  app_t5l_ctrl.o(i.screenT5L_RxFunction)
    screenT5L_TxFunction                     0x08005ae9   Thumb Code   456  app_t5l_ctrl.o(i.screenT5L_TxFunction)
    screenT5L_VersionGet                     0x08005cbd   Thumb Code    10  app_t5l_ctrl.o(i.screenT5L_VersionGet)
    screenT5L_VoicePrintfMainfunction        0x08005cc9   Thumb Code   158  app_t5l_ctrl.o(i.screenT5L_VoicePrintfMainfunction)
    screen_ChangeDisplayPosition             0x08005d6d   Thumb Code   274  app_t5l_ctrl.o(i.screen_ChangeDisplayPosition)
    sdweAskRegData                           0x08005e91   Thumb Code    18  app_t5l_ctrl.o(i.sdweAskRegData)
    sdweAskVaribleData                       0x08005ea9   Thumb Code   834  app_t5l_ctrl.o(i.sdweAskVaribleData)
    sdwe_VoicePrintfPop                      0x080061f5   Thumb Code   110  app_t5l_ctrl.o(i.sdwe_VoicePrintfPop)
    sdwe_VoicePrintfPush                     0x0800626d   Thumb Code    48  app_t5l_ctrl.o(i.sdwe_VoicePrintfPush)
    sendBalancingWeightAndColor20220125_FuncA_Master 0x080062a5   Thumb Code   164  app_t5l_ctrl.o(i.sendBalancingWeightAndColor20220125_FuncA_Master)
    sendBalancingWeightAndColor20220125_FuncA_Slave 0x08006351   Thumb Code   194  app_t5l_ctrl.o(i.sendBalancingWeightAndColor20220125_FuncA_Slave)
    sendBalancingWeightAndColorAndHelpDataToScreen 0x0800641d   Thumb Code    66  app_t5l_ctrl.o(i.sendBalancingWeightAndColorAndHelpDataToScreen)
    sendBalancingWeightAndColor_Master       0x08006465   Thumb Code    50  app_t5l_ctrl.o(i.sendBalancingWeightAndColor_Master)
    sendBalancingWeightAndColor_Slave_1      0x080064a1   Thumb Code   194  app_t5l_ctrl.o(i.sendBalancingWeightAndColor_Slave_1)
    sendHelpDataDiff                         0x0800656d   Thumb Code   426  app_t5l_ctrl.o(i.sendHelpDataDiff)
    sendHelpDataDiff_AtSlave1Device          0x0800672d   Thumb Code    74  app_t5l_ctrl.o(i.sendHelpDataDiff_AtSlave1Device)
    sendScreenLight                          0x08006781   Thumb Code    74  app_t5l_ctrl.o(i.sendScreenLight)
    sendSysParaDataToDiwen                   0x080067d9   Thumb Code   774  app_t5l_ctrl.o(i.sendSysParaDataToDiwen)
    setModbusDataValid                       0x08006ae9   Thumb Code     8  app_modbus_rtu_ctrl.o(i.setModbusDataValid)
    setModbusOtherRemoveFlag                 0x08006af5   Thumb Code     8  app_modbus_rtu_ctrl.o(i.setModbusOtherRemoveFlag)
    setModbusSelfRemoveFlag                  0x08006b01   Thumb Code     8  app_modbus_rtu_ctrl.o(i.setModbusSelfRemoveFlag)
    setSampleWeightValue                     0x08006b0d   Thumb Code    30  app_hx711_ctrl.o(i.setSampleWeightValue)
    sreenT5L_MainFunction                    0x08006b31   Thumb Code    32  app_t5l_ctrl.o(i.sreenT5L_MainFunction)
    storeSysDataToFlash                      0x08006b55   Thumb Code   276  app_syspara.o(i.storeSysDataToFlash)
    storeSysDataToFlash_3030                 0x08006c71   Thumb Code   550  app_syspara.o(i.storeSysDataToFlash_3030)
    t5lDisPlayDataClear                      0x08006ea5   Thumb Code   116  app_t5l_ctrl.o(i.t5lDisPlayDataClear)
    t5lReadVarible                           0x08006f21   Thumb Code   134  app_t5l_ctrl.o(i.t5lReadVarible)
    t5lWriteData                             0x08006fb1   Thumb Code   198  app_t5l_ctrl.o(i.t5lWriteData)
    t5lWriteVarible                          0x08007081   Thumb Code   188  app_t5l_ctrl.o(i.t5lWriteVarible)
    trigerCalcKB                             0x08007145   Thumb Code   232  app_hx711_ctrl.o(i.trigerCalcKB)
    uxListRemove                             0x08007231   Thumb Code    38  list.o(i.uxListRemove)
    vApplicationGetIdleTaskMemory            0x08007259   Thumb Code    16  freertos.o(i.vApplicationGetIdleTaskMemory)
    vListInitialise                          0x0800726d   Thumb Code    22  list.o(i.vListInitialise)
    vListInitialiseItem                      0x08007283   Thumb Code     6  list.o(i.vListInitialiseItem)
    vListInsert                              0x08007289   Thumb Code    48  list.o(i.vListInsert)
    vListInsertEnd                           0x080072b9   Thumb Code    24  list.o(i.vListInsertEnd)
    vPortEnterCritical                       0x080072d1   Thumb Code    54  port.o(i.vPortEnterCritical)
    vPortExitCritical                        0x08007311   Thumb Code    34  port.o(i.vPortExitCritical)
    vPortFree                                0x08007339   Thumb Code    94  heap_4.o(i.vPortFree)
    vPortSetupTimerInterrupt                 0x0800739d   Thumb Code    32  port.o(i.vPortSetupTimerInterrupt)
    vTaskDelay                               0x080073c1   Thumb Code    66  tasks.o(i.vTaskDelay)
    vTaskStartScheduler                      0x0800740d   Thumb Code    90  tasks.o(i.vTaskStartScheduler)
    vTaskSuspendAll                          0x08007479   Thumb Code    10  tasks.o(i.vTaskSuspendAll)
    vTaskSwitchContext                       0x08007489   Thumb Code    82  tasks.o(i.vTaskSwitchContext)
    writeColorDataFromCom                    0x080074e5   Thumb Code    56  app_t5l_ctrl.o(i.writeColorDataFromCom)
    writeHelpDataFromCom                     0x08007521   Thumb Code    56  app_t5l_ctrl.o(i.writeHelpDataFromCom)
    writeWeightDataFromCom                   0x0800755d   Thumb Code    82  app_t5l_ctrl.o(i.writeWeightDataFromCom)
    xPortStartScheduler                      0x080075b9   Thumb Code   222  port.o(i.xPortStartScheduler)
    xTaskCreate                              0x080076ad   Thumb Code    90  tasks.o(i.xTaskCreate)
    xTaskCreateStatic                        0x08007707   Thumb Code    86  tasks.o(i.xTaskCreateStatic)
    xTaskIncrementTick                       0x0800775d   Thumb Code   194  tasks.o(i.xTaskIncrementTick)
    xTaskResumeAll                           0x08007829   Thumb Code   182  tasks.o(i.xTaskResumeAll)
    __aeabi_d2f                              0x080078ed   Thumb Code     0  d2f.o(x$fpl$d2f)
    _d2f                                     0x080078ed   Thumb Code    98  d2f.o(x$fpl$d2f)
    __fpl_dcmp_Inf                           0x0800794f   Thumb Code    24  dcmpi.o(x$fpl$dcmpinf)
    __aeabi_i2d                              0x08007967   Thumb Code     0  dflt_clz.o(x$fpl$dflt)
    _dflt                                    0x08007967   Thumb Code    46  dflt_clz.o(x$fpl$dflt)
    __aeabi_ui2d                             0x08007995   Thumb Code     0  dflt_clz.o(x$fpl$dfltu)
    _dfltu                                   0x08007995   Thumb Code    38  dflt_clz.o(x$fpl$dfltu)
    __aeabi_cdcmple                          0x080079bd   Thumb Code     0  dleqf.o(x$fpl$dleqf)
    _dcmple                                  0x080079bd   Thumb Code   120  dleqf.o(x$fpl$dleqf)
    __fpl_dcmple_InfNaN                      0x08007a1f   Thumb Code     0  dleqf.o(x$fpl$dleqf)
    __aeabi_dmul                             0x08007a35   Thumb Code     0  dmul.o(x$fpl$dmul)
    _dmul                                    0x08007a35   Thumb Code   332  dmul.o(x$fpl$dmul)
    __fpl_dnaninf                            0x08007b89   Thumb Code   156  dnaninf.o(x$fpl$dnaninf)
    __fpl_dretinf                            0x08007c25   Thumb Code    12  dretinf.o(x$fpl$dretinf)
    __aeabi_cdrcmple                         0x08007c31   Thumb Code     0  drleqf.o(x$fpl$drleqf)
    _drcmple                                 0x08007c31   Thumb Code   108  drleqf.o(x$fpl$drleqf)
    _fp_init                                 0x08007c9d   Thumb Code    10  fpinit.o(x$fpl$fpinit)
    __fplib_config_fpu_vfp                   0x08007ca5   Thumb Code     0  fpinit.o(x$fpl$fpinit)
    __fplib_config_pureend_doubles           0x08007ca5   Thumb Code     0  fpinit.o(x$fpl$fpinit)
    __fpl_fretinf                            0x08007ca7   Thumb Code    10  fretinf.o(x$fpl$fretinf)
    __I$use$fp                               0x08007cb0   Number         0  usenofp.o(x$fpl$usenofp)
    AHBPrescTable                            0x08007cf0   Data          16  system_stm32f4xx.o(.constdata)
    APBPrescTable                            0x08007d00   Data           8  system_stm32f4xx.o(.constdata)
    g_CrcHTable                              0x08007d08   Data         256  app_crc.o(.constdata)
    g_CrcLTable                              0x08007e08   Data         256  app_crc.o(.constdata)
    defaultChanelSamplePoint                 0x08007f08   Data          40  app_hx711_ctrl.o(.constdata)
    DO_GPIO_PIN                              0x08007f60   Data          30  hal_gpio.o(.constdata)
    DI_GPIO_PIN                              0x08007f7e   Data          22  hal_gpio.o(.constdata)
    Region$$Table$$Base                      0x08007fac   Number         0  anon$$obj.o(Region$$Table)
    Region$$Table$$Limit                     0x08007fcc   Number         0  anon$$obj.o(Region$$Table)
    defaultTaskHandle                        0x20000000   Data           4  freertos.o(.data)
    appTask1MsHandle                         0x20000004   Data           4  freertos.o(.data)
    sys_tick                                 0x20000008   Data           4  stm32f4xx_it.o(.data)
    uwTickFreq                               0x2000000c   Data           1  stm32f4xx_hal.o(.data)
    uwTickPrio                               0x20000010   Data           4  stm32f4xx_hal.o(.data)
    uwTick                                   0x20000014   Data           4  stm32f4xx_hal.o(.data)
    SystemCoreClock                          0x20000018   Data           4  system_stm32f4xx.o(.data)
    pxCurrentTCB                             0x2000001c   Data           4  tasks.o(.data)
    g_led_ctrl_data                          0x2000009d   Data           4  app_led_ctrl.o(.data)
    g_sys_ms_tick                            0x200000a8   Data           4  app_main_task.o(.data)
    g_ModbusRtu                              0x200000ac   Data         868  app_modbus_rtu_ctrl.o(.data)
    g_passWordId                             0x20000410   Data           4  app_password.o(.data)
    g_passWordStore                          0x20000414   Data           4  app_password.o(.data)
    g_sysLocked                              0x20000418   Data           4  app_password.o(.data)
    idAddr                                   0x2000041c   Data          40  app_password.o(.data)
    gSystemPara                              0x20000448   Data          96  app_syspara.o(.data)
    u8T5LVoiceBuffPush_i                     0x200004a8   Data           1  app_t5l_ctrl.o(.data)
    u8T5LVoiceBuffPop_i                      0x200004a9   Data           1  app_t5l_ctrl.o(.data)
    u8T5LVoiceBuffStoreNum                   0x200004aa   Data           1  app_t5l_ctrl.o(.data)
    g_u8Read00A1_Data                        0x200004ab   Data           1  app_t5l_ctrl.o(.data)
    describlePointAdd_help                   0x200004ec   Data           8  app_t5l_ctrl.o(.data)
    g_T5L                                    0x200004f4   Data         620  app_t5l_ctrl.o(.data)
    describlePointAdd                        0x20000760   Data          16  app_t5l_ctrl.o(.data)
    describlePointVluWuXiaoShu               0x20000770   Data          96  app_t5l_ctrl.o(.data)
    describlePointVluXiaoShu                 0x200007d0   Data          96  app_t5l_ctrl.o(.data)
    describlePointVluWuXiaoShu_help          0x20000830   Data          48  app_t5l_ctrl.o(.data)
    describlePointVluXiaoShu_help            0x20000860   Data          48  app_t5l_ctrl.o(.data)
    DO_GPIO_PORT                             0x20000890   Data          60  hal_gpio.o(.data)
    DI_GPIO_PORT                             0x200008cc   Data          44  hal_gpio.o(.data)
    g_UartDevice                             0x200008f8   Data         128  hal_uart.o(.data)
    app_i2cComtext                           0x20000978   Data          28  app_i2c.o(.data)
    hi2c1                                    0x20000be8   Data          84  i2c.o(.bss)
    htim7                                    0x20000c3c   Data          72  tim.o(.bss)
    Usart1AsScreen1Type                      0x20000c84   Data        1028  usart.o(.bss)
    Rx_buff                                  0x20001088   Data          50  usart.o(.bss)
    huart1                                   0x200010bc   Data          68  usart.o(.bss)
    huart3                                   0x20001100   Data          68  usart.o(.bss)
    huart6                                   0x20001144   Data          68  usart.o(.bss)
    hdma_usart1_rx                           0x20001188   Data          96  usart.o(.bss)
    hdma_usart1_tx                           0x200011e8   Data          96  usart.o(.bss)
    hdma_usart3_rx                           0x20001248   Data          96  usart.o(.bss)
    hdma_usart3_tx                           0x200012a8   Data          96  usart.o(.bss)
    hdma_usart6_rx                           0x20001308   Data          96  usart.o(.bss)
    hdma_usart6_tx                           0x20001368   Data          96  usart.o(.bss)
    htim6                                    0x200013c8   Data          72  stm32f4xx_hal_timebase_tim.o(.bss)
    HX711Chanel                              0x20005128   Data        1888  app_hx711_ctrl.o(.bss)
    SysKey                                   0x20005888   Data          12  app_key_ctrl.o(.bss)
    STM32McuId                               0x20005894   Data          12  app_password.o(.bss)
    flashStoreDataBuf                        0x200058a0   Data        1412  app_syspara.o(.bss)
    flashStoreDataBuf_3030                   0x20005e24   Data          96  app_syspara.o(.bss)
    g_i32DataBuff                            0x20005e84   Data          64  app_t5l_ctrl.o(.bss)
    g_i32DataBuffPre                         0x20005ec4   Data          64  app_t5l_ctrl.o(.bss)
    g_i32_i16DataBuff                        0x20005f04   Data          64  app_t5l_ctrl.o(.bss)
    g_i16ColorBuff                           0x20005f44   Data          32  app_t5l_ctrl.o(.bss)
    g_i16ColorBuffPre                        0x20005f64   Data          32  app_t5l_ctrl.o(.bss)
    g_i16ColorOtherChanel                    0x20005f84   Data          32  app_t5l_ctrl.o(.bss)
    g_fDataBuffCaculate                      0x20005fa4   Data          64  app_t5l_ctrl.o(.bss)
    g_i16OtherChanelCaculate                 0x20005fe4   Data          32  app_t5l_ctrl.o(.bss)
    g_i16HelpDataBuff                        0x20006004   Data          24  app_t5l_ctrl.o(.bss)
    g_i16HelpDataBuffPre                     0x2000601c   Data          24  app_t5l_ctrl.o(.bss)
    g_i16HelpDataSort                        0x20006034   Data          64  app_t5l_ctrl.o(.bss)
    g_i16HelpDataChnSort                     0x20006074   Data          32  app_t5l_ctrl.o(.bss)
    g_T5L_VoiceBuff                          0x20006364   Data          18  app_t5l_ctrl.o(.bss)
    app_i2cRxData                            0x20006376   Data          64  app_i2c.o(.bss)
    app_i2cTxData                            0x200063b6   Data          64  app_i2c.o(.bss)
    __libspace_start                         0x200063f8   Data          96  libspace.o(.bss)
    __temporary_stack_top$libspace           0x20006458   Data           0  libspace.o(.bss)



==============================================================================

Memory Map of the image

  Image Entry point : 0x08000189

  Load Region LR_IROM1 (Base: 0x08000000, Size: 0x00008960, Max: 0x00080000, ABSOLUTE, COMPRESSED[0x00008120])

    Execution Region ER_IROM1 (Base: 0x08000000, Size: 0x00007fcc, Max: 0x00080000, ABSOLUTE)

    Base Addr    Size         Type   Attr      Idx    E Section Name        Object

    0x08000000   0x00000188   Data   RO            3    RESET               startup_stm32f407xx.o
    0x08000188   0x00000008   Code   RO         6291  * !!!main             c_w.l(__main.o)
    0x08000190   0x00000034   Code   RO         6485    !!!scatter          c_w.l(__scatter.o)
    0x080001c4   0x0000005a   Code   RO         6483    !!dczerorl2         c_w.l(__dczerorl2.o)
    0x0800021e   0x00000002   PAD
    0x08000220   0x0000001c   Code   RO         6487    !!handler_zi        c_w.l(__scatter_zi.o)
    0x0800023c   0x00000002   Code   RO         6353    .ARM.Collect$$libinit$$00000000  c_w.l(libinit.o)
    0x0800023e   0x00000004   Code   RO         6365    .ARM.Collect$$libinit$$00000001  c_w.l(libinit2.o)
    0x08000242   0x00000000   Code   RO         6368    .ARM.Collect$$libinit$$00000004  c_w.l(libinit2.o)
    0x08000242   0x00000000   Code   RO         6371    .ARM.Collect$$libinit$$0000000A  c_w.l(libinit2.o)
    0x08000242   0x00000000   Code   RO         6373    .ARM.Collect$$libinit$$0000000C  c_w.l(libinit2.o)
    0x08000242   0x00000000   Code   RO         6375    .ARM.Collect$$libinit$$0000000E  c_w.l(libinit2.o)
    0x08000242   0x00000000   Code   RO         6378    .ARM.Collect$$libinit$$00000011  c_w.l(libinit2.o)
    0x08000242   0x00000000   Code   RO         6380    .ARM.Collect$$libinit$$00000013  c_w.l(libinit2.o)
    0x08000242   0x00000000   Code   RO         6382    .ARM.Collect$$libinit$$00000015  c_w.l(libinit2.o)
    0x08000242   0x00000000   Code   RO         6384    .ARM.Collect$$libinit$$00000017  c_w.l(libinit2.o)
    0x08000242   0x00000000   Code   RO         6386    .ARM.Collect$$libinit$$00000019  c_w.l(libinit2.o)
    0x08000242   0x00000000   Code   RO         6388    .ARM.Collect$$libinit$$0000001B  c_w.l(libinit2.o)
    0x08000242   0x00000000   Code   RO         6390    .ARM.Collect$$libinit$$0000001D  c_w.l(libinit2.o)
    0x08000242   0x00000000   Code   RO         6392    .ARM.Collect$$libinit$$0000001F  c_w.l(libinit2.o)
    0x08000242   0x00000000   Code   RO         6394    .ARM.Collect$$libinit$$00000021  c_w.l(libinit2.o)
    0x08000242   0x00000000   Code   RO         6396    .ARM.Collect$$libinit$$00000023  c_w.l(libinit2.o)
    0x08000242   0x00000000   Code   RO         6398    .ARM.Collect$$libinit$$00000025  c_w.l(libinit2.o)
    0x08000242   0x00000000   Code   RO         6402    .ARM.Collect$$libinit$$0000002C  c_w.l(libinit2.o)
    0x08000242   0x00000000   Code   RO         6404    .ARM.Collect$$libinit$$0000002E  c_w.l(libinit2.o)
    0x08000242   0x00000000   Code   RO         6406    .ARM.Collect$$libinit$$00000030  c_w.l(libinit2.o)
    0x08000242   0x00000000   Code   RO         6408    .ARM.Collect$$libinit$$00000032  c_w.l(libinit2.o)
    0x08000242   0x00000002   Code   RO         6409    .ARM.Collect$$libinit$$00000033  c_w.l(libinit2.o)
    0x08000244   0x00000002   Code   RO         6440    .ARM.Collect$$libshutdown$$00000000  c_w.l(libshutdown.o)
    0x08000246   0x00000000   Code   RO         6466    .ARM.Collect$$libshutdown$$00000002  c_w.l(libshutdown2.o)
    0x08000246   0x00000000   Code   RO         6468    .ARM.Collect$$libshutdown$$00000004  c_w.l(libshutdown2.o)
    0x08000246   0x00000000   Code   RO         6471    .ARM.Collect$$libshutdown$$00000007  c_w.l(libshutdown2.o)
    0x08000246   0x00000000   Code   RO         6474    .ARM.Collect$$libshutdown$$0000000A  c_w.l(libshutdown2.o)
    0x08000246   0x00000000   Code   RO         6476    .ARM.Collect$$libshutdown$$0000000C  c_w.l(libshutdown2.o)
    0x08000246   0x00000000   Code   RO         6479    .ARM.Collect$$libshutdown$$0000000F  c_w.l(libshutdown2.o)
    0x08000246   0x00000002   Code   RO         6480    .ARM.Collect$$libshutdown$$00000010  c_w.l(libshutdown2.o)
    0x08000248   0x00000000   Code   RO         6305    .ARM.Collect$$rtentry$$00000000  c_w.l(__rtentry.o)
    0x08000248   0x00000000   Code   RO         6322    .ARM.Collect$$rtentry$$00000002  c_w.l(__rtentry2.o)
    0x08000248   0x00000006   Code   RO         6334    .ARM.Collect$$rtentry$$00000004  c_w.l(__rtentry4.o)
    0x0800024e   0x00000000   Code   RO         6324    .ARM.Collect$$rtentry$$00000009  c_w.l(__rtentry2.o)
    0x0800024e   0x00000004   Code   RO         6325    .ARM.Collect$$rtentry$$0000000A  c_w.l(__rtentry2.o)
    0x08000252   0x00000000   Code   RO         6327    .ARM.Collect$$rtentry$$0000000C  c_w.l(__rtentry2.o)
    0x08000252   0x00000008   Code   RO         6328    .ARM.Collect$$rtentry$$0000000D  c_w.l(__rtentry2.o)
    0x0800025a   0x00000002   Code   RO         6357    .ARM.Collect$$rtexit$$00000000  c_w.l(rtexit.o)
    0x0800025c   0x00000000   Code   RO         6413    .ARM.Collect$$rtexit$$00000002  c_w.l(rtexit2.o)
    0x0800025c   0x00000004   Code   RO         6414    .ARM.Collect$$rtexit$$00000003  c_w.l(rtexit2.o)
    0x08000260   0x00000006   Code   RO         6415    .ARM.Collect$$rtexit$$00000004  c_w.l(rtexit2.o)
    0x08000266   0x00000002   PAD
    0x08000268   0x000000be   Code   RO         4907    .emb_text           port.o
    0x08000326   0x00000002   PAD
    0x08000328   0x00000040   Code   RO            4    .text               startup_stm32f407xx.o
    0x08000368   0x000000ee   Code   RO         6279    .text               c_w.l(lludivv7m.o)
    0x08000456   0x0000008a   Code   RO         6281    .text               c_w.l(rt_memcpy_v6.o)
    0x080004e0   0x00000064   Code   RO         6283    .text               c_w.l(rt_memcpy_w.o)
    0x08000544   0x0000004e   Code   RO         6287    .text               c_w.l(rt_memclr_w.o)
    0x08000592   0x00000006   Code   RO         6289    .text               c_w.l(heapauxi.o)
    0x08000598   0x0000004a   Code   RO         6340    .text               c_w.l(sys_stackheap_outer.o)
    0x080005e2   0x00000012   Code   RO         6342    .text               c_w.l(exit.o)
    0x080005f4   0x00000008   Code   RO         6354    .text               c_w.l(libspace.o)
    0x080005fc   0x0000000c   Code   RO         6410    .text               c_w.l(sys_exit.o)
    0x08000608   0x00000002   Code   RO         6429    .text               c_w.l(use_no_semi.o)
    0x0800060a   0x00000000   Code   RO         6431    .text               c_w.l(indicate_semi.o)
    0x0800060a   0x00000002   PAD
    0x0800060c   0x0000005a   Code   RO         4984    i.BubbleSort        app_crc.o
    0x08000666   0x00000002   PAD
    0x08000668   0x00000040   Code   RO         4985    i.BubbleSortINT32   app_crc.o
    0x080006a8   0x00000002   Code   RO          553    i.BusFault_Handler  stm32f4xx_it.o
    0x080006aa   0x00000002   PAD
    0x080006ac   0x0000000c   Code   RO          554    i.DMA1_Stream1_IRQHandler  stm32f4xx_it.o
    0x080006b8   0x0000000c   Code   RO          555    i.DMA1_Stream3_IRQHandler  stm32f4xx_it.o
    0x080006c4   0x0000000c   Code   RO          556    i.DMA2_Stream1_IRQHandler  stm32f4xx_it.o
    0x080006d0   0x0000000c   Code   RO          557    i.DMA2_Stream2_IRQHandler  stm32f4xx_it.o
    0x080006dc   0x0000000c   Code   RO          558    i.DMA2_Stream6_IRQHandler  stm32f4xx_it.o
    0x080006e8   0x0000000c   Code   RO          559    i.DMA2_Stream7_IRQHandler  stm32f4xx_it.o
    0x080006f4   0x00000028   Code   RO         1199    i.DMA_CalcBaseAndBitshift  stm32f4xx_hal_dma.o
    0x0800071c   0x00000054   Code   RO         1200    i.DMA_CheckFifoParam  stm32f4xx_hal_dma.o
    0x08000770   0x00000028   Code   RO         1201    i.DMA_SetConfig     stm32f4xx_hal_dma.o
    0x08000798   0x00000002   Code   RO          560    i.DebugMon_Handler  stm32f4xx_it.o
    0x0800079a   0x00000004   Code   RO           13    i.Error_Handler     main.o
    0x0800079e   0x00000002   PAD
    0x080007a0   0x00000028   Code   RO         5545    i.GetFloatBalancingModelData  app_t5l_ctrl.o
    0x080007c8   0x00000092   Code   RO         1202    i.HAL_DMA_Abort     stm32f4xx_hal_dma.o
    0x0800085a   0x00000024   Code   RO         1203    i.HAL_DMA_Abort_IT  stm32f4xx_hal_dma.o
    0x0800087e   0x00000002   PAD
    0x08000880   0x000001a0   Code   RO         1207    i.HAL_DMA_IRQHandler  stm32f4xx_hal_dma.o
    0x08000a20   0x000000d4   Code   RO         1208    i.HAL_DMA_Init      stm32f4xx_hal_dma.o
    0x08000af4   0x0000006e   Code   RO         1212    i.HAL_DMA_Start_IT  stm32f4xx_hal_dma.o
    0x08000b62   0x00000002   PAD
    0x08000b64   0x000001f0   Code   RO         1095    i.HAL_GPIO_Init     stm32f4xx_hal_gpio.o
    0x08000d54   0x0000000a   Code   RO         1097    i.HAL_GPIO_ReadPin  stm32f4xx_hal_gpio.o
    0x08000d5e   0x00000010   Code   RO         1098    i.HAL_GPIO_TogglePin  stm32f4xx_hal_gpio.o
    0x08000d6e   0x0000000a   Code   RO         1099    i.HAL_GPIO_WritePin  stm32f4xx_hal_gpio.o
    0x08000d78   0x0000000c   Code   RO         1627    i.HAL_GetTick       stm32f4xx_hal.o
    0x08000d84   0x00000188   Code   RO         1883    i.HAL_I2C_Init      stm32f4xx_hal_i2c.o
    0x08000f0c   0x000001f8   Code   RO         1901    i.HAL_I2C_Mem_Read  stm32f4xx_hal_i2c.o
    0x08001104   0x00000130   Code   RO         1904    i.HAL_I2C_Mem_Write  stm32f4xx_hal_i2c.o
    0x08001234   0x0000006c   Code   RO          379    i.HAL_I2C_MspInit   i2c.o
    0x080012a0   0x00000010   Code   RO         1633    i.HAL_IncTick       stm32f4xx_hal.o
    0x080012b0   0x00000034   Code   RO         1634    i.HAL_Init          stm32f4xx_hal.o
    0x080012e4   0x00000098   Code   RO          701    i.HAL_InitTick      stm32f4xx_hal_timebase_tim.o
    0x0800137c   0x00000038   Code   RO          677    i.HAL_MspInit       stm32f4xx_hal_msp.o
    0x080013b4   0x0000001a   Code   RO         1484    i.HAL_NVIC_EnableIRQ  stm32f4xx_hal_cortex.o
    0x080013ce   0x00000002   PAD
    0x080013d0   0x00000040   Code   RO         1490    i.HAL_NVIC_SetPriority  stm32f4xx_hal_cortex.o
    0x08001410   0x00000024   Code   RO         1491    i.HAL_NVIC_SetPriorityGrouping  stm32f4xx_hal_cortex.o
    0x08001434   0x00000134   Code   RO          741    i.HAL_RCC_ClockConfig  stm32f4xx_hal_rcc.o
    0x08001568   0x00000040   Code   RO          745    i.HAL_RCC_GetClockConfig  stm32f4xx_hal_rcc.o
    0x080015a8   0x00000020   Code   RO          748    i.HAL_RCC_GetPCLK1Freq  stm32f4xx_hal_rcc.o
    0x080015c8   0x00000020   Code   RO          749    i.HAL_RCC_GetPCLK2Freq  stm32f4xx_hal_rcc.o
    0x080015e8   0x00000064   Code   RO          750    i.HAL_RCC_GetSysClockFreq  stm32f4xx_hal_rcc.o
    0x0800164c   0x0000036c   Code   RO          753    i.HAL_RCC_OscConfig  stm32f4xx_hal_rcc.o
    0x080019b8   0x00000002   Code   RO         3028    i.HAL_TIMEx_BreakCallback  stm32f4xx_hal_tim_ex.o
    0x080019ba   0x00000002   Code   RO         3029    i.HAL_TIMEx_CommutCallback  stm32f4xx_hal_tim_ex.o
    0x080019bc   0x00000090   Code   RO         3047    i.HAL_TIMEx_MasterConfigSynchronization  stm32f4xx_hal_tim_ex.o
    0x08001a4c   0x0000005a   Code   RO         2324    i.HAL_TIM_Base_Init  stm32f4xx_hal_tim.o
    0x08001aa6   0x00000002   PAD
    0x08001aa8   0x00000028   Code   RO          421    i.HAL_TIM_Base_MspInit  tim.o
    0x08001ad0   0x00000080   Code   RO         2329    i.HAL_TIM_Base_Start_IT  stm32f4xx_hal_tim.o
    0x08001b50   0x00000002   Code   RO         2358    i.HAL_TIM_IC_CaptureCallback  stm32f4xx_hal_tim.o
    0x08001b52   0x00000166   Code   RO         2372    i.HAL_TIM_IRQHandler  stm32f4xx_hal_tim.o
    0x08001cb8   0x00000002   Code   RO         2375    i.HAL_TIM_OC_DelayElapsedCallback  stm32f4xx_hal_tim.o
    0x08001cba   0x00000002   Code   RO         2402    i.HAL_TIM_PWM_PulseFinishedCallback  stm32f4xx_hal_tim.o
    0x08001cbc   0x00000014   Code   RO           14    i.HAL_TIM_PeriodElapsedCallback  main.o
    0x08001cd0   0x00000002   Code   RO         2415    i.HAL_TIM_TriggerCallback  stm32f4xx_hal_tim.o
    0x08001cd2   0x00000002   Code   RO         3306    i.HAL_UARTEx_RxEventCallback  stm32f4xx_hal_uart.o
    0x08001cd4   0x00000070   Code   RO         3318    i.HAL_UART_DMAStop  stm32f4xx_hal_uart.o
    0x08001d44   0x00000002   Code   RO         3320    i.HAL_UART_ErrorCallback  stm32f4xx_hal_uart.o
    0x08001d46   0x00000002   PAD
    0x08001d48   0x00000268   Code   RO         3323    i.HAL_UART_IRQHandler  stm32f4xx_hal_uart.o
    0x08001fb0   0x00000062   Code   RO         3324    i.HAL_UART_Init     stm32f4xx_hal_uart.o
    0x08002012   0x00000002   PAD
    0x08002014   0x00000294   Code   RO          469    i.HAL_UART_MspInit  usart.o
    0x080022a8   0x0000002a   Code   RO         3328    i.HAL_UART_Receive_DMA  stm32f4xx_hal_uart.o
    0x080022d2   0x0000002a   Code   RO         3329    i.HAL_UART_Receive_IT  stm32f4xx_hal_uart.o
    0x080022fc   0x00000018   Code   RO          470    i.HAL_UART_RxCpltCallback  usart.o
    0x08002314   0x00000002   Code   RO         3331    i.HAL_UART_RxHalfCpltCallback  stm32f4xx_hal_uart.o
    0x08002316   0x00000002   PAD
    0x08002318   0x0000008c   Code   RO         3333    i.HAL_UART_Transmit_DMA  stm32f4xx_hal_uart.o
    0x080023a4   0x00000044   Code   RO          471    i.HAL_UART_TxCpltCallback  usart.o
    0x080023e8   0x00000002   Code   RO         3336    i.HAL_UART_TxHalfCpltCallback  stm32f4xx_hal_uart.o
    0x080023ea   0x00000002   Code   RO          561    i.HardFault_Handler  stm32f4xx_it.o
    0x080023ec   0x0000002e   Code   RO         1925    i.I2C_IsAcknowledgeFailed  stm32f4xx_hal_i2c.o
    0x0800241a   0x00000002   PAD
    0x0800241c   0x000000fc   Code   RO         1935    i.I2C_RequestMemoryRead  stm32f4xx_hal_i2c.o
    0x08002518   0x000000a8   Code   RO         1936    i.I2C_RequestMemoryWrite  stm32f4xx_hal_i2c.o
    0x080025c0   0x0000004c   Code   RO         1940    i.I2C_WaitOnBTFFlagUntilTimeout  stm32f4xx_hal_i2c.o
    0x0800260c   0x00000068   Code   RO         1941    i.I2C_WaitOnFlagUntilTimeout  stm32f4xx_hal_i2c.o
    0x08002674   0x00000096   Code   RO         1942    i.I2C_WaitOnMasterAddressFlagUntilTimeout  stm32f4xx_hal_i2c.o
    0x0800270a   0x00000066   Code   RO         1943    i.I2C_WaitOnRXNEFlagUntilTimeout  stm32f4xx_hal_i2c.o
    0x08002770   0x0000004c   Code   RO         1944    i.I2C_WaitOnTXEFlagUntilTimeout  stm32f4xx_hal_i2c.o
    0x080027bc   0x00000052   Code   RO         5209    i.LedCtrlSendPulse  app_led_ctrl.o
    0x0800280e   0x00000002   PAD
    0x08002810   0x00000068   Code   RO         5210    i.LedDataSet        app_led_ctrl.o
    0x08002878   0x0000008c   Code   RO          354    i.MX_DMA_Init       dma.o
    0x08002904   0x0000003c   Code   RO          294    i.MX_FREERTOS_Init  freertos.o
    0x08002940   0x00000178   Code   RO          270    i.MX_GPIO_Init      gpio.o
    0x08002ab8   0x00000040   Code   RO          380    i.MX_I2C1_Init      i2c.o
    0x08002af8   0x00000044   Code   RO          422    i.MX_TIM7_Init      tim.o
    0x08002b3c   0x00000038   Code   RO          472    i.MX_USART1_UART_Init  usart.o
    0x08002b74   0x00000038   Code   RO          473    i.MX_USART3_UART_Init  usart.o
    0x08002bac   0x00000038   Code   RO          474    i.MX_USART6_UART_Init  usart.o
    0x08002be4   0x00000002   Code   RO          562    i.MemManage_Handler  stm32f4xx_it.o
    0x08002be6   0x00000002   PAD
    0x08002be8   0x00000038   Code   RO         5304    i.ModbusRtu_MainFunction  app_modbus_rtu_ctrl.o
    0x08002c20   0x0000003c   Code   RO         5305    i.ModbusRtu_MasterCycleReadWeightScan  app_modbus_rtu_ctrl.o
    0x08002c5c   0x0000002c   Code   RO         5306    i.ModbusRtu_MasterMainFunction  app_modbus_rtu_ctrl.o
    0x08002c88   0x0000009c   Code   RO         5307    i.ModbusRtu_MasterMaskHandle  app_modbus_rtu_ctrl.o
    0x08002d24   0x00000078   Code   RO         5308    i.ModbusRtu_MasterRxMainFunction  app_modbus_rtu_ctrl.o
    0x08002d9c   0x00000076   Code   RO         5309    i.ModbusRtu_MasterTxMainFunction  app_modbus_rtu_ctrl.o
    0x08002e12   0x00000060   Code   RO         5310    i.ModbusRtu_RxMainFunction  app_modbus_rtu_ctrl.o
    0x08002e72   0x0000001e   Code   RO         5311    i.ModbusRtu_SlaveMainFunction  app_modbus_rtu_ctrl.o
    0x08002e90   0x00000070   Code   RO         5312    i.ModbusRtu_SlaveRxMainFunction  app_modbus_rtu_ctrl.o
    0x08002f00   0x00000048   Code   RO         5313    i.ModbusRtu_SlaveTxMainFunction  app_modbus_rtu_ctrl.o
    0x08002f48   0x000000e4   Code   RO         5314    i.ModbusRtu_SlaveTxMaskHandle  app_modbus_rtu_ctrl.o
    0x0800302c   0x0000003c   Code   RO         5315    i.ModbusRtu_init    app_modbus_rtu_ctrl.o
    0x08003068   0x00000002   Code   RO          563    i.NMI_Handler       stm32f4xx_it.o
    0x0800306a   0x00000002   PAD
    0x0800306c   0x0000003c   Code   RO         5428    i.STM32CheckPassWord  app_password.o
    0x080030a8   0x00000008   Code   RO          295    i.StartDefaultTask  freertos.o
    0x080030b0   0x0000000c   Code   RO          296    i.StartappTask1Ms   freertos.o
    0x080030bc   0x0000002c   Code   RO         4908    i.SysTick_Handler   port.o
    0x080030e8   0x00000098   Code   RO           15    i.SystemClock_Config  main.o
    0x08003180   0x00000010   Code   RO         3653    i.SystemInit        system_stm32f4xx.o
    0x08003190   0x00000018   Code   RO          564    i.TIM6_DAC_IRQHandler  stm32f4xx_it.o
    0x080031a8   0x000000c8   Code   RO         2417    i.TIM_Base_SetConfig  stm32f4xx_hal_tim.o
    0x08003270   0x00000010   Code   RO         3337    i.UART_DMAAbortOnError  stm32f4xx_hal_uart.o
    0x08003280   0x0000004a   Code   RO         3338    i.UART_DMAError     stm32f4xx_hal_uart.o
    0x080032ca   0x00000082   Code   RO         3339    i.UART_DMAReceiveCplt  stm32f4xx_hal_uart.o
    0x0800334c   0x0000001a   Code   RO         3341    i.UART_DMARxHalfCplt  stm32f4xx_hal_uart.o
    0x08003366   0x00000042   Code   RO         3343    i.UART_DMATransmitCplt  stm32f4xx_hal_uart.o
    0x080033a8   0x0000000a   Code   RO         3345    i.UART_DMATxHalfCplt  stm32f4xx_hal_uart.o
    0x080033b2   0x0000004e   Code   RO         3347    i.UART_EndRxTransfer  stm32f4xx_hal_uart.o
    0x08003400   0x0000001c   Code   RO         3348    i.UART_EndTxTransfer  stm32f4xx_hal_uart.o
    0x0800341c   0x000000c0   Code   RO         3349    i.UART_Receive_IT   stm32f4xx_hal_uart.o
    0x080034dc   0x0000010c   Code   RO         3350    i.UART_SetConfig    stm32f4xx_hal_uart.o
    0x080035e8   0x00000094   Code   RO         3351    i.UART_Start_Receive_DMA  stm32f4xx_hal_uart.o
    0x0800367c   0x0000003a   Code   RO         3352    i.UART_Start_Receive_IT  stm32f4xx_hal_uart.o
    0x080036b6   0x00000002   PAD
    0x080036b8   0x00000018   Code   RO          565    i.USART1_IRQHandler  stm32f4xx_it.o
    0x080036d0   0x00000018   Code   RO          566    i.USART3_IRQHandler  stm32f4xx_it.o
    0x080036e8   0x0000000c   Code   RO          567    i.USART6_IRQHandler  stm32f4xx_it.o
    0x080036f4   0x00000002   Code   RO          568    i.UsageFault_Handler  stm32f4xx_it.o
    0x080036f6   0x00000002   PAD
    0x080036f8   0x00000050   Code   RO          475    i.Usart1AsScreen1Receive_IDLE  usart.o
    0x08003748   0x00000068   Code   RO          477    i.Usart3WithRS485Receive_IDLE  usart.o
    0x080037b0   0x00000020   Code   RO         1497    i.__NVIC_SetPriority  stm32f4xx_hal_cortex.o
    0x080037d0   0x000000a0   Code   RO         6246    i.app_HAL_I2C_Master_Read  app_i2c.o
    0x08003870   0x0000009c   Code   RO         6247    i.app_HAL_I2C_Master_Transmit  app_i2c.o
    0x0800390c   0x00000028   Code   RO         5272    i.app_main_task     app_main_task.o
    0x08003934   0x00000016   Code   RO         5212    i.balaningColorClear  app_led_ctrl.o
    0x0800394a   0x00000002   PAD
    0x0800394c   0x00000038   Code   RO         4986    i.cal_crc16         app_crc.o
    0x08003984   0x000000f0   Code   RO         5547    i.chanelChangedTrigerDeal  app_t5l_ctrl.o
    0x08003a74   0x00000088   Code   RO         5548    i.clearLocalCalibrationKAndBAndSample  app_t5l_ctrl.o
    0x08003afc   0x00000058   Code   RO         5549    i.clearLocalCalibrationRecordData  app_t5l_ctrl.o
    0x08003b54   0x00000028   Code   RO         5550    i.color_clearAllColor  app_t5l_ctrl.o
    0x08003b7c   0x0000001c   Code   RO         5014    i.getChanelStruct   app_hx711_ctrl.o
    0x08003b98   0x0000000c   Code   RO         5316    i.getModbusOtherRemoveFlag  app_modbus_rtu_ctrl.o
    0x08003ba4   0x00000038   Code   RO         5551    i.getSysColorWhichUsable  app_t5l_ctrl.o
    0x08003bdc   0x0000000c   Code   RO          569    i.get_SysTick_ByTimer  stm32f4xx_it.o
    0x08003be8   0x00000018   Code   RO         6090    i.hal_delay_ms      hal_delay.o
    0x08003c00   0x00000010   Code   RO         6092    i.hal_delay_us      hal_delay.o
    0x08003c10   0x00000024   Code   RO         6117    i.hal_di_get        hal_gpio.o
    0x08003c34   0x00000018   Code   RO         6118    i.hal_gpio_TogglePin  hal_gpio.o
    0x08003c4c   0x0000001c   Code   RO         6119    i.hal_gpio_set_do_high  hal_gpio.o
    0x08003c68   0x0000001c   Code   RO         6120    i.hal_gpio_set_do_low  hal_gpio.o
    0x08003c84   0x00000002   Code   RO         6165    i.hal_uart_port_init  hal_uart.o
    0x08003c86   0x00000002   Code   RO         6166    i.hal_uart_rx_irq_disable  hal_uart.o
    0x08003c88   0x00000002   Code   RO         6167    i.hal_uart_rx_irq_enable  hal_uart.o
    0x08003c8a   0x00000002   Code   RO         6168    i.hal_uart_set_braudrate  hal_uart.o
    0x08003c8c   0x00000002   Code   RO         6169    i.hal_uart_set_timeout  hal_uart.o
    0x08003c8e   0x00000002   PAD
    0x08003c90   0x00000038   Code   RO         6170    i.hal_uart_tx_bytes  hal_uart.o
    0x08003cc8   0x0000001e   Code   RO         5552    i.handleWeightColorWasSend  app_t5l_ctrl.o
    0x08003ce6   0x00000002   PAD
    0x08003ce8   0x0000001e   Code   RO         5553    i.handleWeightDataWasSend  app_t5l_ctrl.o
    0x08003d06   0x00000002   PAD
    0x08003d08   0x000000c8   Code   RO         5016    i.hx711_AllChanelSample  app_hx711_ctrl.o
    0x08003dd0   0x0000002c   Code   RO         5017    i.hx711_DataSampleCtrl  app_hx711_ctrl.o
    0x08003dfc   0x00000048   Code   RO         5018    i.hx711_MainFunction  app_hx711_ctrl.o
    0x08003e44   0x000000b8   Code   RO         5021    i.hx711_SampleFunction  app_hx711_ctrl.o
    0x08003efc   0x0000017c   Code   RO         5022    i.hx711_SenserCheck  app_hx711_ctrl.o
    0x08004078   0x0000009a   Code   RO         5023    i.hx711_SigChanelAvrgAndWeightCalc  app_hx711_ctrl.o
    0x08004112   0x00000002   PAD
    0x08004114   0x00000020   Code   RO         5024    i.hx711_getAvgSample  app_hx711_ctrl.o
    0x08004134   0x00000084   Code   RO         5025    i.hx711_getWeight   app_hx711_ctrl.o
    0x080041b8   0x000000a8   Code   RO         5026    i.hx711_init        app_hx711_ctrl.o
    0x08004260   0x00000050   Code   RO         5027    i.hx711_setAllRemoveWeight  app_hx711_ctrl.o
    0x080042b0   0x00000028   Code   RO         5555    i.judgeWeightColorIfNotNeedSend  app_t5l_ctrl.o
    0x080042d8   0x00000028   Code   RO         5556    i.judgeWeightDataIfNotNeedSend  app_t5l_ctrl.o
    0x08004300   0x00000040   Code   RO         5557    i.jumpToActivePage  app_t5l_ctrl.o
    0x08004340   0x00000050   Code   RO         5558    i.jumpToBalancingCleanPage  app_t5l_ctrl.o
    0x08004390   0x00000068   Code   RO         5559    i.jumpToBalancingHomePage  app_t5l_ctrl.o
    0x080043f8   0x00000070   Code   RO         5560    i.jumpToBalancingPage  app_t5l_ctrl.o
    0x08004468   0x00000070   Code   RO         5561    i.jumpToBanlingPage  app_t5l_ctrl.o
    0x080044d8   0x00000040   Code   RO         5562    i.jumpToCalibrationPage  app_t5l_ctrl.o
    0x08004518   0x00000040   Code   RO         5563    i.jumpToHomePage    app_t5l_ctrl.o
    0x08004558   0x00000044   Code   RO         5564    i.jumpToStartUpPage  app_t5l_ctrl.o
    0x0800459c   0x00000040   Code   RO         5565    i.jumpToSysparaPage  app_t5l_ctrl.o
    0x080045dc   0x00000020   Code   RO         5163    i.key_FilterGet     app_key_ctrl.o
    0x080045fc   0x00000080   Code   RO         5164    i.key_MainFunction  app_key_ctrl.o
    0x0800467c   0x00000048   Code   RO         5165    i.key_filter        app_key_ctrl.o
    0x080046c4   0x00000034   Code   RO         5166    i.key_init          app_key_ctrl.o
    0x080046f8   0x0000007c   Code   RO         5213    i.led_MainFunction  app_led_ctrl.o
    0x08004774   0x00000022   Code   RO         5214    i.led_RunIndicate   app_led_ctrl.o
    0x08004796   0x00000040   Code   RO         5215    i.led_init          app_led_ctrl.o
    0x080047d6   0x00000002   PAD
    0x080047d8   0x0000008c   Code   RO           16    i.main              main.o
    0x08004864   0x0000000c   Code   RO         4473    i.makeFreeRtosPriority  cmsis_os.o
    0x08004870   0x0000017c   Code   RO         5566    i.masterCaculateHelpData  app_t5l_ctrl.o
    0x080049ec   0x0000000e   Code   RO         4475    i.osDelay           cmsis_os.o
    0x080049fa   0x0000000a   Code   RO         4478    i.osKernelStart     cmsis_os.o
    0x08004a04   0x00000054   Code   RO         4512    i.osThreadCreate    cmsis_os.o
    0x08004a58   0x00000020   Code   RO         5567    i.pointSampleTrigerDataSet  app_t5l_ctrl.o
    0x08004a78   0x00000028   Code   RO         5568    i.pointTrigerDataSet  app_t5l_ctrl.o
    0x08004aa0   0x000000a0   Code   RO         5569    i.pointTrigerDeal   app_t5l_ctrl.o
    0x08004b40   0x00000020   Code   RO         5570    i.pointWeightTrigerDataSet  app_t5l_ctrl.o
    0x08004b60   0x000000b0   Code   RO         5571    i.preBalancingWeightAndColorIfNotNeedSendToSreen  app_t5l_ctrl.o
    0x08004c10   0x000002a0   Code   RO         5572    i.preColorDataAndJudgeIfNeedSend  app_t5l_ctrl.o
    0x08004eb0   0x0000007c   Code   RO         5573    i.preCurrentDeviceWeightData  app_t5l_ctrl.o
    0x08004f2c   0x00000052   Code   RO         5574    i.preOtherDeviceWeightData  app_t5l_ctrl.o
    0x08004f7e   0x00000034   Code   RO         5575    i.preWeightDataAndJudgeIfNeedSend_FuncA_Master  app_t5l_ctrl.o
    0x08004fb2   0x00000002   PAD
    0x08004fb4   0x00000050   Code   RO         5576    i.preWeightDataAndJudgeIfNeedSend_Master  app_t5l_ctrl.o
    0x08005004   0x00000070   Code   RO         4155    i.prvAddCurrentTaskToDelayedList  tasks.o
    0x08005074   0x000000d0   Code   RO         4156    i.prvAddNewTaskToReadyList  tasks.o
    0x08005144   0x00000034   Code   RO         4157    i.prvDeleteTCB      tasks.o
    0x08005178   0x0000004c   Code   RO         4840    i.prvHeapInit       heap_4.o
    0x080051c4   0x00000060   Code   RO         4158    i.prvIdleTask       tasks.o
    0x08005224   0x00000098   Code   RO         4159    i.prvInitialiseNewTask  tasks.o
    0x080052bc   0x0000004c   Code   RO         4841    i.prvInsertBlockIntoFreeList  heap_4.o
    0x08005308   0x00000020   Code   RO         4160    i.prvResetNextTaskUnblockTime  tasks.o
    0x08005328   0x00000028   Code   RO         4909    i.prvTaskExitError  port.o
    0x08005350   0x000000dc   Code   RO         4842    i.pvPortMalloc      heap_4.o
    0x0800542c   0x0000002c   Code   RO         4910    i.pxPortInitialiseStack  port.o
    0x08005458   0x00000030   Code   RO         5577    i.readColorDataFromSys  app_t5l_ctrl.o
    0x08005488   0x00000030   Code   RO         5578    i.readHelpDataFromSys  app_t5l_ctrl.o
    0x080054b8   0x00000140   Code   RO         5468    i.readSysDataFromFlash  app_syspara.o
    0x080055f8   0x000000f0   Code   RO         5469    i.readSysDataFromFlash_3030  app_syspara.o
    0x080056e8   0x00000040   Code   RO         5579    i.readWeightDataFromSys  app_t5l_ctrl.o
    0x08005728   0x00000028   Code   RO         5580    i.releaseSysColor   app_t5l_ctrl.o
    0x08005750   0x00000084   Code   RO         5581    i.removeWeightTrigerDeal  app_t5l_ctrl.o
    0x080057d4   0x000000a8   Code   RO         5582    i.resetCalibrationTrigerDeal  app_t5l_ctrl.o
    0x0800587c   0x00000028   Code   RO         5029    i.sampleDataPush    app_hx711_ctrl.o
    0x080058a4   0x0000003c   Code   RO         5584    i.screenT5L_HelpDataMainFunction  app_t5l_ctrl.o
    0x080058e0   0x00000098   Code   RO         5585    i.screenT5L_Init    app_t5l_ctrl.o
    0x08005978   0x00000088   Code   RO         5586    i.screenT5L_OutputVoice  app_t5l_ctrl.o
    0x08005a00   0x000000e8   Code   RO         5587    i.screenT5L_RxFunction  app_t5l_ctrl.o
    0x08005ae8   0x000001d4   Code   RO         5588    i.screenT5L_TxFunction  app_t5l_ctrl.o
    0x08005cbc   0x0000000a   Code   RO         5589    i.screenT5L_VersionGet  app_t5l_ctrl.o
    0x08005cc6   0x00000002   PAD
    0x08005cc8   0x000000a4   Code   RO         5590    i.screenT5L_VoicePrintfMainfunction  app_t5l_ctrl.o
    0x08005d6c   0x00000124   Code   RO         5593    i.screen_ChangeDisplayPosition  app_t5l_ctrl.o
    0x08005e90   0x00000018   Code   RO         5594    i.sdweAskRegData    app_t5l_ctrl.o
    0x08005ea8   0x0000034c   Code   RO         5595    i.sdweAskVaribleData  app_t5l_ctrl.o
    0x080061f4   0x00000078   Code   RO         5596    i.sdwe_VoicePrintfPop  app_t5l_ctrl.o
    0x0800626c   0x00000038   Code   RO         5597    i.sdwe_VoicePrintfPush  app_t5l_ctrl.o
    0x080062a4   0x000000ac   Code   RO         5598    i.sendBalancingWeightAndColor20220125_FuncA_Master  app_t5l_ctrl.o
    0x08006350   0x000000cc   Code   RO         5599    i.sendBalancingWeightAndColor20220125_FuncA_Slave  app_t5l_ctrl.o
    0x0800641c   0x00000048   Code   RO         5600    i.sendBalancingWeightAndColorAndHelpDataToScreen  app_t5l_ctrl.o
    0x08006464   0x0000003c   Code   RO         5601    i.sendBalancingWeightAndColor_Master  app_t5l_ctrl.o
    0x080064a0   0x000000cc   Code   RO         5602    i.sendBalancingWeightAndColor_Slave_1  app_t5l_ctrl.o
    0x0800656c   0x000001c0   Code   RO         5603    i.sendHelpDataDiff  app_t5l_ctrl.o
    0x0800672c   0x00000054   Code   RO         5604    i.sendHelpDataDiff_AtSlave1Device  app_t5l_ctrl.o
    0x08006780   0x00000058   Code   RO         5605    i.sendScreenLight   app_t5l_ctrl.o
    0x080067d8   0x00000310   Code   RO         5606    i.sendSysParaDataToDiwen  app_t5l_ctrl.o
    0x08006ae8   0x0000000c   Code   RO         5318    i.setModbusDataValid  app_modbus_rtu_ctrl.o
    0x08006af4   0x0000000c   Code   RO         5319    i.setModbusOtherRemoveFlag  app_modbus_rtu_ctrl.o
    0x08006b00   0x0000000c   Code   RO         5320    i.setModbusSelfRemoveFlag  app_modbus_rtu_ctrl.o
    0x08006b0c   0x00000024   Code   RO         5031    i.setSampleWeightValue  app_hx711_ctrl.o
    0x08006b30   0x00000024   Code   RO         5607    i.sreenT5L_MainFunction  app_t5l_ctrl.o
    0x08006b54   0x0000011c   Code   RO         5470    i.storeSysDataToFlash  app_syspara.o
    0x08006c70   0x00000234   Code   RO         5471    i.storeSysDataToFlash_3030  app_syspara.o
    0x08006ea4   0x0000007c   Code   RO         5608    i.t5lDisPlayDataClear  app_t5l_ctrl.o
    0x08006f20   0x00000090   Code   RO         5609    i.t5lReadVarible    app_t5l_ctrl.o
    0x08006fb0   0x000000d0   Code   RO         5610    i.t5lWriteData      app_t5l_ctrl.o
    0x08007080   0x000000c4   Code   RO         5611    i.t5lWriteVarible   app_t5l_ctrl.o
    0x08007144   0x000000ec   Code   RO         5032    i.trigerCalcKB      app_hx711_ctrl.o
    0x08007230   0x00000026   Code   RO         3791    i.uxListRemove      list.o
    0x08007256   0x00000002   PAD
    0x08007258   0x00000014   Code   RO          297    i.vApplicationGetIdleTaskMemory  freertos.o
    0x0800726c   0x00000016   Code   RO         3792    i.vListInitialise   list.o
    0x08007282   0x00000006   Code   RO         3793    i.vListInitialiseItem  list.o
    0x08007288   0x00000030   Code   RO         3794    i.vListInsert       list.o
    0x080072b8   0x00000018   Code   RO         3795    i.vListInsertEnd    list.o
    0x080072d0   0x00000040   Code   RO         4912    i.vPortEnterCritical  port.o
    0x08007310   0x00000028   Code   RO         4913    i.vPortExitCritical  port.o
    0x08007338   0x00000064   Code   RO         4843    i.vPortFree         heap_4.o
    0x0800739c   0x00000024   Code   RO         4914    i.vPortSetupTimerInterrupt  port.o
    0x080073c0   0x0000004c   Code   RO         4169    i.vTaskDelay        tasks.o
    0x0800740c   0x0000006c   Code   RO         4182    i.vTaskStartScheduler  tasks.o
    0x08007478   0x00000010   Code   RO         4184    i.vTaskSuspendAll   tasks.o
    0x08007488   0x0000005c   Code   RO         4185    i.vTaskSwitchContext  tasks.o
    0x080074e4   0x0000003c   Code   RO         5613    i.writeColorDataFromCom  app_t5l_ctrl.o
    0x08007520   0x0000003c   Code   RO         5614    i.writeHelpDataFromCom  app_t5l_ctrl.o
    0x0800755c   0x0000005c   Code   RO         5615    i.writeWeightDataFromCom  app_t5l_ctrl.o
    0x080075b8   0x000000f4   Code   RO         4916    i.xPortStartScheduler  port.o
    0x080076ac   0x0000005a   Code   RO         4188    i.xTaskCreate       tasks.o
    0x08007706   0x00000056   Code   RO         4189    i.xTaskCreateStatic  tasks.o
    0x0800775c   0x000000cc   Code   RO         4196    i.xTaskIncrementTick  tasks.o
    0x08007828   0x000000c4   Code   RO         4202    i.xTaskResumeAll    tasks.o
    0x080078ec   0x00000062   Code   RO         6293    x$fpl$d2f           fz_wm.l(d2f.o)
    0x0800794e   0x00000018   Code   RO         6338    x$fpl$dcmpinf       fz_wm.l(dcmpi.o)
    0x08007966   0x0000002e   Code   RO         6296    x$fpl$dflt          fz_wm.l(dflt_clz.o)
    0x08007994   0x00000026   Code   RO         6295    x$fpl$dfltu         fz_wm.l(dflt_clz.o)
    0x080079ba   0x00000002   PAD
    0x080079bc   0x00000078   Code   RO         6312    x$fpl$dleqf         fz_wm.l(dleqf.o)
    0x08007a34   0x00000154   Code   RO         6301    x$fpl$dmul          fz_wm.l(dmul.o)
    0x08007b88   0x0000009c   Code   RO         6314    x$fpl$dnaninf       fz_wm.l(dnaninf.o)
    0x08007c24   0x0000000c   Code   RO         6316    x$fpl$dretinf       fz_wm.l(dretinf.o)
    0x08007c30   0x0000006c   Code   RO         6303    x$fpl$drleqf        fz_wm.l(drleqf.o)
    0x08007c9c   0x0000000a   Code   RO         6425    x$fpl$fpinit        fz_wm.l(fpinit.o)
    0x08007ca6   0x0000000a   Code   RO         6318    x$fpl$fretinf       fz_wm.l(fretinf.o)
    0x08007cb0   0x00000000   Code   RO         6320    x$fpl$usenofp       fz_wm.l(usenofp.o)
    0x08007cb0   0x00000038   Data   RO          299    .constdata          freertos.o
    0x08007ce8   0x00000008   Data   RO         1214    .constdata          stm32f4xx_hal_dma.o
    0x08007cf0   0x00000010   Data   RO         3654    .constdata          system_stm32f4xx.o
    0x08007d00   0x00000008   Data   RO         3655    .constdata          system_stm32f4xx.o
    0x08007d08   0x00000200   Data   RO         4987    .constdata          app_crc.o
    0x08007f08   0x00000028   Data   RO         5034    .constdata          app_hx711_ctrl.o
    0x08007f30   0x00000030   Data   RO         5617    .constdata          app_t5l_ctrl.o
    0x08007f60   0x00000034   Data   RO         6121    .constdata          hal_gpio.o
    0x08007f94   0x00000017   Data   RO          300    .conststring        freertos.o
    0x08007fab   0x00000001   PAD
    0x08007fac   0x00000020   Data   RO         6481    Region$$Table       anon$$obj.o


    Execution Region RW_IRAM1 (Base: 0x20000000, Size: 0x00006c58, Max: 0x00010000, ABSOLUTE, COMPRESSED[0x00000154])

    Base Addr    Size         Type   Attr      Idx    E Section Name        Object

    0x20000000   0x00000008   Data   RW          305    .data               freertos.o
    0x20000008   0x00000004   Data   RW          570    .data               stm32f4xx_it.o
    0x2000000c   0x0000000c   Data   RW         1641    .data               stm32f4xx_hal.o
    0x20000018   0x00000004   Data   RW         3656    .data               system_stm32f4xx.o
    0x2000001c   0x0000003c   Data   RW         4205    .data               tasks.o
    0x20000058   0x00000020   Data   RW         4849    .data               heap_4.o
    0x20000078   0x0000000c   Data   RW         4917    .data               port.o
    0x20000084   0x00000016   Data   RW         5035    .data               app_hx711_ctrl.o
    0x2000009a   0x00000003   Data   RW         5168    .data               app_key_ctrl.o
    0x2000009d   0x00000008   Data   RW         5216    .data               app_led_ctrl.o
    0x200000a5   0x00000003   PAD
    0x200000a8   0x00000004   Data   RW         5273    .data               app_main_task.o
    0x200000ac   0x00000364   Data   RW         5321    .data               app_modbus_rtu_ctrl.o
    0x20000410   0x00000034   Data   RW         5431    .data               app_password.o
    0x20000444   0x00000064   Data   RW         5473    .data               app_syspara.o
    0x200004a8   0x000003e8   Data   RW         5618    .data               app_t5l_ctrl.o
    0x20000890   0x00000068   Data   RW         6122    .data               hal_gpio.o
    0x200008f8   0x00000080   Data   RW         6181    .data               hal_uart.o
    0x20000978   0x0000001c   Data   RW         6249    .data               app_i2c.o
    0x20000994   0x00000254   Zero   RW          298    .bss                freertos.o
    0x20000be8   0x00000054   Zero   RW          381    .bss                i2c.o
    0x20000c3c   0x00000048   Zero   RW          424    .bss                tim.o
    0x20000c84   0x00000744   Zero   RW          478    .bss                usart.o
    0x200013c8   0x00000048   Zero   RW          704    .bss                stm32f4xx_hal_timebase_tim.o
    0x20001410   0x000000f0   Zero   RW         4204    .bss                tasks.o
    0x20001500   0x00003c00   Zero   RW         4848    .bss                heap_4.o
    0x20005100   0x00000788   Zero   RW         5033    .bss                app_hx711_ctrl.o
    0x20005888   0x0000000c   Zero   RW         5167    .bss                app_key_ctrl.o
    0x20005894   0x0000000c   Zero   RW         5430    .bss                app_password.o
    0x200058a0   0x000005e4   Zero   RW         5472    .bss                app_syspara.o
    0x20005e84   0x000004f2   Zero   RW         5616    .bss                app_t5l_ctrl.o
    0x20006376   0x00000080   Zero   RW         6248    .bss                app_i2c.o
    0x200063f6   0x00000002   PAD
    0x200063f8   0x00000060   Zero   RW         6355    .bss                c_w.l(libspace.o)
    0x20006458   0x00000400   Zero   RW            2    HEAP                startup_stm32f407xx.o
    0x20006858   0x00000400   Zero   RW            1    STACK               startup_stm32f407xx.o


==============================================================================

Image component sizes


      Code (inc. data)   RO Data    RW Data    ZI Data      Debug   Object Name

       210          6        512          0          0       3173   app_crc.o
      1786        134         40         22       1928      14761   app_hx711_ctrl.o
       316         18          0         28        128       3393   app_i2c.o
       284         20          0          3         12       3424   app_key_ctrl.o
       430         16          0          8          0       5325   app_led_ctrl.o
        40          6          0          4          0        848   app_main_task.o
      1200         60          0        868          0      14828   app_modbus_rtu_ctrl.o
        60         10          0         52         12       1570   app_password.o
      1408         30          0        100       1508       9167   app_syspara.o
      9396        548         48       1000       1266      67477   app_t5l_ctrl.o
       120          0          0          0          0      23581   cmsis_os.o
       140          4          0          0          0        914   dma.o
         0          0          0          0          0      17008   event_groups.o
       100         12         79          8        596       3484   freertos.o
       376         26          0          0          0       1191   gpio.o
        40          0          0          0          0       1566   hal_delay.o
       116         38         52        104          0       3027   hal_gpio.o
        66         12          0        128          0       8574   hal_uart.o
       472         24          0         32      15360       7639   heap_4.o
       172         28          0          0         84       1805   i2c.o
       138          0          0          0          0       3738   list.o
       316         34          0          0          0     750180   main.o
       702         72          0         12          0      11344   port.o
        64         26        392          0       2048        876   startup_stm32f407xx.o
        80         14          0         12          0       8274   stm32f4xx_hal.o
       158         14          0          0          0      33318   stm32f4xx_hal_cortex.o
      1084         16          8          0          0       7634   stm32f4xx_hal_dma.o
       532         46          0          0          0       3656   stm32f4xx_hal_gpio.o
      2174         52          0          0          0      13342   stm32f4xx_hal_i2c.o
        56          4          0          0          0        930   stm32f4xx_hal_msp.o
      1412         86          0          0          0       6125   stm32f4xx_hal_rcc.o
       784         72          0          0          0       7093   stm32f4xx_hal_tim.o
       148         28          0          0          0       2581   stm32f4xx_hal_tim_ex.o
       152         20          0          0         72       1575   stm32f4xx_hal_timebase_tim.o
      2152         44          0          0          0      17673   stm32f4xx_hal_uart.o
       180         70          0          4          0       8912   stm32f4xx_it.o
         0          0          0          0          0        380   stream_buffer.o
        16          4         24          4          0       1223   system_stm32f4xx.o
      1520        112          0         60        240      20022   tasks.o
       108         18          0          0         72       1698   tim.o
      1104        100          0          0       1860       7663   usart.o

    ----------------------------------------------------------------------
     29664       1824       1188       2452      25188    1100992   Object Totals
         0          0         32          0          0          0   (incl. Generated)
        52          0          1          3          2          0   (incl. Padding)

    ----------------------------------------------------------------------

      Code (inc. data)   RO Data    RW Data    ZI Data      Debug   Library Member Name

        90          0          0          0          0          0   __dczerorl2.o
         8          0          0          0          0         68   __main.o
         0          0          0          0          0          0   __rtentry.o
        12          0          0          0          0          0   __rtentry2.o
         6          0          0          0          0          0   __rtentry4.o
        52          8          0          0          0          0   __scatter.o
        28          0          0          0          0          0   __scatter_zi.o
        18          0          0          0          0         80   exit.o
         6          0          0          0          0        152   heapauxi.o
         0          0          0          0          0          0   indicate_semi.o
         2          0          0          0          0          0   libinit.o
         6          0          0          0          0          0   libinit2.o
         2          0          0          0          0          0   libshutdown.o
         2          0          0          0          0          0   libshutdown2.o
         8          4          0          0         96         68   libspace.o
       238          0          0          0          0        100   lludivv7m.o
        78          0          0          0          0         80   rt_memclr_w.o
       138          0          0          0          0         68   rt_memcpy_v6.o
       100          0          0          0          0         80   rt_memcpy_w.o
         2          0          0          0          0          0   rtexit.o
        10          0          0          0          0          0   rtexit2.o
        12          4          0          0          0         68   sys_exit.o
        74          0          0          0          0         80   sys_stackheap_outer.o
         2          0          0          0          0         68   use_no_semi.o
        98          4          0          0          0        140   d2f.o
        24          0          0          0          0        116   dcmpi.o
        84          0          0          0          0        232   dflt_clz.o
       120          4          0          0          0        140   dleqf.o
       340         12          0          0          0        152   dmul.o
       156          4          0          0          0        140   dnaninf.o
        12          0          0          0          0        116   dretinf.o
       108          0          0          0          0        128   drleqf.o
        10          0          0          0          0        116   fpinit.o
        10          0          0          0          0        116   fretinf.o
         0          0          0          0          0          0   usenofp.o

    ----------------------------------------------------------------------
      1864         40          0          0         96       2308   Library Totals
         8          0          0          0          0          0   (incl. Padding)

    ----------------------------------------------------------------------

      Code (inc. data)   RO Data    RW Data    ZI Data      Debug   Library Name

       894         16          0          0         96        912   c_w.l
       962         24          0          0          0       1396   fz_wm.l

    ----------------------------------------------------------------------
      1864         40          0          0         96       2308   Library Totals

    ----------------------------------------------------------------------

==============================================================================


      Code (inc. data)   RO Data    RW Data    ZI Data      Debug   

     31528       1864       1188       2452      25284    1075836   Grand Totals
     31528       1864       1188        340      25284    1075836   ELF Image Totals (compressed)
     31528       1864       1188        340          0          0   ROM Totals

==============================================================================

    Total RO  Size (Code + RO Data)                32716 (  31.95kB)
    Total RW  Size (RW Data + ZI Data)             27736 (  27.09kB)
    Total ROM Size (Code + RO Data + RW Data)      33056 (  32.28kB)

==============================================================================

