Component: ARM Compiler 5.06 (build 20) Tool: armlink [4d35a3]

==============================================================================

Section Cross References

    startup_stm32f407xx.o(STACK) refers (Special) to heapauxi.o(.text) for __use_two_region_memory
    startup_stm32f407xx.o(HEAP) refers (Special) to heapauxi.o(.text) for __use_two_region_memory
    startup_stm32f407xx.o(RESET) refers (Special) to heapauxi.o(.text) for __use_two_region_memory
    startup_stm32f407xx.o(RESET) refers to startup_stm32f407xx.o(STACK) for __initial_sp
    startup_stm32f407xx.o(RESET) refers to startup_stm32f407xx.o(.text) for Reset_Handler
    startup_stm32f407xx.o(RESET) refers to stm32f4xx_it.o(i.NMI_Handler) for NMI_Handler
    startup_stm32f407xx.o(RESET) refers to stm32f4xx_it.o(i.HardFault_Handler) for HardFault_Handler
    startup_stm32f407xx.o(RESET) refers to stm32f4xx_it.o(i.MemManage_Handler) for MemManage_Handler
    startup_stm32f407xx.o(RESET) refers to stm32f4xx_it.o(i.BusFault_Handler) for BusFault_Handler
    startup_stm32f407xx.o(RESET) refers to stm32f4xx_it.o(i.UsageFault_Handler) for UsageFault_Handler
    startup_stm32f407xx.o(RESET) refers to port.o(.emb_text) for SVC_Handler
    startup_stm32f407xx.o(RESET) refers to stm32f4xx_it.o(i.DebugMon_Handler) for DebugMon_Handler
    startup_stm32f407xx.o(RESET) refers to port.o(i.SysTick_Handler) for SysTick_Handler
    startup_stm32f407xx.o(RESET) refers to stm32f4xx_it.o(i.DMA1_Stream1_IRQHandler) for DMA1_Stream1_IRQHandler
    startup_stm32f407xx.o(RESET) refers to stm32f4xx_it.o(i.DMA1_Stream3_IRQHandler) for DMA1_Stream3_IRQHandler
    startup_stm32f407xx.o(RESET) refers to stm32f4xx_it.o(i.DMA1_Stream5_IRQHandler) for DMA1_Stream5_IRQHandler
    startup_stm32f407xx.o(RESET) refers to stm32f4xx_it.o(i.DMA1_Stream6_IRQHandler) for DMA1_Stream6_IRQHandler
    startup_stm32f407xx.o(RESET) refers to stm32f4xx_it.o(i.USART1_IRQHandler) for USART1_IRQHandler
    startup_stm32f407xx.o(RESET) refers to stm32f4xx_it.o(i.USART2_IRQHandler) for USART2_IRQHandler
    startup_stm32f407xx.o(RESET) refers to stm32f4xx_it.o(i.USART3_IRQHandler) for USART3_IRQHandler
    startup_stm32f407xx.o(RESET) refers to stm32f4xx_it.o(i.TIM6_DAC_IRQHandler) for TIM6_DAC_IRQHandler
    startup_stm32f407xx.o(RESET) refers to stm32f4xx_it.o(i.DMA2_Stream1_IRQHandler) for DMA2_Stream1_IRQHandler
    startup_stm32f407xx.o(RESET) refers to stm32f4xx_it.o(i.DMA2_Stream2_IRQHandler) for DMA2_Stream2_IRQHandler
    startup_stm32f407xx.o(RESET) refers to stm32f4xx_it.o(i.DMA2_Stream6_IRQHandler) for DMA2_Stream6_IRQHandler
    startup_stm32f407xx.o(RESET) refers to stm32f4xx_it.o(i.DMA2_Stream7_IRQHandler) for DMA2_Stream7_IRQHandler
    startup_stm32f407xx.o(RESET) refers to stm32f4xx_it.o(i.USART6_IRQHandler) for USART6_IRQHandler
    startup_stm32f407xx.o(.text) refers (Special) to heapauxi.o(.text) for __use_two_region_memory
    startup_stm32f407xx.o(.text) refers to system_stm32f4xx.o(i.SystemInit) for SystemInit
    startup_stm32f407xx.o(.text) refers to __main.o(!!!main) for __main
    startup_stm32f407xx.o(.text) refers to startup_stm32f407xx.o(HEAP) for Heap_Mem
    startup_stm32f407xx.o(.text) refers to startup_stm32f407xx.o(STACK) for Stack_Mem
    main.o(i.HAL_TIM_PeriodElapsedCallback) refers to stm32f4xx_hal.o(i.HAL_IncTick) for HAL_IncTick
    main.o(i.SystemClock_Config) refers to rt_memclr_w.o(.text) for __aeabi_memclr4
    main.o(i.SystemClock_Config) refers to stm32f4xx_hal_rcc.o(i.HAL_RCC_OscConfig) for HAL_RCC_OscConfig
    main.o(i.SystemClock_Config) refers to stm32f4xx_hal_rcc.o(i.HAL_RCC_ClockConfig) for HAL_RCC_ClockConfig
    main.o(i.main) refers to stm32f4xx_hal.o(i.HAL_Init) for HAL_Init
    main.o(i.main) refers to main.o(i.SystemClock_Config) for SystemClock_Config
    main.o(i.main) refers to gpio.o(i.MX_GPIO_Init) for MX_GPIO_Init
    main.o(i.main) refers to dma.o(i.MX_DMA_Init) for MX_DMA_Init
    main.o(i.main) refers to tim.o(i.MX_TIM7_Init) for MX_TIM7_Init
    main.o(i.main) refers to usart.o(i.MX_USART3_UART_Init) for MX_USART3_UART_Init
    main.o(i.main) refers to usart.o(i.MX_USART1_UART_Init) for MX_USART1_UART_Init
    main.o(i.main) refers to i2c.o(i.MX_I2C1_Init) for MX_I2C1_Init
    main.o(i.main) refers to usart.o(i.MX_USART6_UART_Init) for MX_USART6_UART_Init
    main.o(i.main) refers to usart.o(i.MX_USART2_UART_Init) for MX_USART2_UART_Init
    main.o(i.main) refers to stm32f4xx_hal_uart.o(i.HAL_UART_Receive_DMA) for HAL_UART_Receive_DMA
    main.o(i.main) refers to app_key_ctrl.o(i.key_init) for key_init
    main.o(i.main) refers to app_led_ctrl.o(i.led_init) for led_init
    main.o(i.main) refers to app_hx711_ctrl.o(i.hx711_init) for hx711_init
    main.o(i.main) refers to app_t5l_ctrl.o(i.screenPublic_Init) for screenPublic_Init
    main.o(i.main) refers to app_modbus_rtu_ctrl.o(i.ModbusRtu_init) for ModbusRtu_init
    main.o(i.main) refers to app_syspara.o(i.readSysDataFromFlash) for readSysDataFromFlash
[...]
    hx711_DataSampleCtrl                     0x08004b6d   Thumb Code    38  app_hx711_ctrl.o(i.hx711_DataSampleCtrl)
    hx711_MainFunction                       0x08004b99   Thumb Code    66  app_hx711_ctrl.o(i.hx711_MainFunction)
    hx711_SampleFunction                     0x08004be5   Thumb Code   178  app_hx711_ctrl.o(i.hx711_SampleFunction)
    hx711_SenserCheck                        0x08004c9d   Thumb Code   364  app_hx711_ctrl.o(i.hx711_SenserCheck)
    hx711_SigChanelAvrgAndWeightCalc         0x08004e19   Thumb Code   154  app_hx711_ctrl.o(i.hx711_SigChanelAvrgAndWeightCalc)
    hx711_getAvgSample                       0x08004eb5   Thumb Code    26  app_hx711_ctrl.o(i.hx711_getAvgSample)
    hx711_getWeight                          0x08004ed5   Thumb Code   108  app_hx711_ctrl.o(i.hx711_getWeight)
    hx711_init                               0x08004f59   Thumb Code   146  app_hx711_ctrl.o(i.hx711_init)
    hx711_setAllRemoveWeight                 0x08005001   Thumb Code    70  app_hx711_ctrl.o(i.hx711_setAllRemoveWeight)
    innerScreenRxHandle_CalibrateAddressSet  0x08005051   Thumb Code    64  app_innerscreenrxhandle.o(i.innerScreenRxHandle_CalibrateAddressSet)
    innerScreenRxHandle_CalibrateChanelSet   0x08005091   Thumb Code    54  app_innerscreenrxhandle.o(i.innerScreenRxHandle_CalibrateChanelSet)
    innerScreenRxHandle_CalibratePointSampleAndSet 0x080050c7   Thumb Code   186  app_innerscreenrxhandle.o(i.innerScreenRxHandle_CalibratePointSampleAndSet)
    innerScreenRxHandle_CalibratePointSet    0x08005181   Thumb Code   138  app_innerscreenrxhandle.o(i.innerScreenRxHandle_CalibratePointSet)
    innerScreenRxHandle_JumpToBalancingClearnPage 0x0800520b   Thumb Code    34  app_innerscreenrxhandle.o(i.innerScreenRxHandle_JumpToBalancingClearnPage)
    innerScreenRxHandle_JumpToBalancingHomePage 0x0800522d   Thumb Code    34  app_innerscreenrxhandle.o(i.innerScreenRxHandle_JumpToBalancingHomePage)
    innerScreenRxHandle_JumpToBalancingPage  0x0800524f   Thumb Code    34  app_innerscreenrxhandle.o(i.innerScreenRxHandle_JumpToBalancingPage)
    innerScreenRxHandle_JumpToCalibrateOrActivePage 0x08005271   Thumb Code    56  app_innerscreenrxhandle.o(i.innerScreenRxHandle_JumpToCalibrateOrActivePage)
    innerScreenRxHandle_JumpToSysParaPage    0x080052a9   Thumb Code    38  app_innerscreenrxhandle.o(i.innerScreenRxHandle_JumpToSysParaPage)
    innerScreenRxHandle_RemoveWeightTriger   0x080052d1   Thumb Code    52  app_innerscreenrxhandle.o(i.innerScreenRxHandle_RemoveWeightTriger)
    innerScreenRxHandle_SysPara              0x08005309   Thumb Code   270  app_innerscreenrxhandle.o(i.innerScreenRxHandle_SysPara)
    innerScreenRxHandle_SysPassWord          0x08005421   Thumb Code    42  app_innerscreenrxhandle.o(i.innerScreenRxHandle_SysPassWord)
    innerScreenRxHandle_SystemReset          0x0800544b   Thumb Code    36  app_innerscreenrxhandle.o(i.innerScreenRxHandle_SystemReset)
    innerScreenRxHandle_Version              0x0800546f   Thumb Code    28  app_innerscreenrxhandle.o(i.innerScreenRxHandle_Version)
    innerScreenRxHandle_VoicePrintfStatusFromScreen 0x0800548d   Thumb Code    24  app_innerscreenrxhandle.o(i.innerScreenRxHandle_VoicePrintfStatusFromScreen)
    innerScreenTxHandle_ChangeDisplayPosition 0x080054a9   Thumb Code   112  app_innerscreentxhandle.o(i.innerScreenTxHandle_ChangeDisplayPosition)
    innerScreenTxHandle_FreshScreenLight     0x08005519   Thumb Code    34  app_innerscreentxhandle.o(i.innerScreenTxHandle_FreshScreenLight)
    innerScreenTxHandle_Init                 0x0800553d   Thumb Code   992  app_innerscreentxhandle.o(i.innerScreenTxHandle_Init)
    innerScreenTxHandle_IsCascadTriggerHandle 0x08005925   Thumb Code    42  app_innerscreentxhandle.o(i.innerScreenTxHandle_IsCascadTriggerHandle)
    innerScreenTxHandle_JumpToActivePage     0x08005955   Thumb Code    38  app_innerscreentxhandle.o(i.innerScreenTxHandle_JumpToActivePage)
    innerScreenTxHandle_JumpToBalancingCleanPage 0x0800597b   Thumb Code    38  app_innerscreentxhandle.o(i.innerScreenTxHandle_JumpToBalancingCleanPage)
    innerScreenTxHandle_JumpToBalancingHomePage 0x080059a1   Thumb Code    38  app_innerscreentxhandle.o(i.innerScreenTxHandle_JumpToBalancingHomePage)
    innerScreenTxHandle_JumpToBanlingMainPage 0x080059c7   Thumb Code    38  app_innerscreentxhandle.o(i.innerScreenTxHandle_JumpToBanlingMainPage)
    innerScreenTxHandle_JumpToBanlingPage    0x080059ed   Thumb Code    38  app_innerscreentxhandle.o(i.innerScreenTxHandle_JumpToBanlingPage)
    innerScreenTxHandle_JumpToCalibrationPage 0x08005a13   Thumb Code    38  app_innerscreentxhandle.o(i.innerScreenTxHandle_JumpToCalibrationPage)
    innerScreenTxHandle_JumpToHomePage       0x08005a39   Thumb Code    38  app_innerscreentxhandle.o(i.innerScreenTxHandle_JumpToHomePage)
    innerScreenTxHandle_JumpToSysParaPage    0x08005a5f   Thumb Code    38  app_innerscreentxhandle.o(i.innerScreenTxHandle_JumpToSysParaPage)
    innerScreenTxHandle_ScreenInit           0x08005a85   Thumb Code    36  app_innerscreentxhandle.o(i.innerScreenTxHandle_ScreenInit)
    innerScreenTxHandle_ScreenWeightAndColorAndHelpAndVoiceHandle 0x08005aa9   Thumb Code    48  app_innerscreentxhandle.o(i.innerScreenTxHandle_ScreenWeightAndColorAndHelpAndVoiceHandle)
    key_FilterGet                            0x08005add   Thumb Code    28  app_key_ctrl.o(i.key_FilterGet)
    key_MainFunction                         0x08005afd   Thumb Code   132  app_key_ctrl.o(i.key_MainFunction)
    key_filter                               0x08005b89   Thumb Code    68  app_key_ctrl.o(i.key_filter)
    key_init                                 0x08005bd1   Thumb Code    48  app_key_ctrl.o(i.key_init)
    led_MainFunction                         0x08005c05   Thumb Code   114  app_led_ctrl.o(i.led_MainFunction)
    led_RunIndicate                          0x08005c81   Thumb Code    34  app_led_ctrl.o(i.led_RunIndicate)
    led_init                                 0x08005ca3   Thumb Code    64  app_led_ctrl.o(i.led_init)
    main                                     0x08005ce5   Thumb Code   148  main.o(i.main)
    osDelay                                  0x08005d9d   Thumb Code    14  cmsis_os.o(i.osDelay)
    osKernelStart                            0x08005dab   Thumb Code    10  cmsis_os.o(i.osKernelStart)
    osThreadCreate                           0x08005db5   Thumb Code    84  cmsis_os.o(i.osThreadCreate)
    pointSampleTrigerDataSet                 0x08005e09   Thumb Code    26  app_t5l_ctrl.o(i.pointSampleTrigerDataSet)
    pointTrigerDataSet                       0x08005e29   Thumb Code    36  app_t5l_ctrl.o(i.pointTrigerDataSet)
    pointWeightTrigerDataSet                 0x08005e51   Thumb Code    26  app_t5l_ctrl.o(i.pointWeightTrigerDataSet)
    pvPortMalloc                             0x080061bd   Thumb Code   216  heap_4.o(i.pvPortMalloc)
    pxPortInitialiseStack                    0x08006299   Thumb Code    40  port.o(i.pxPortInitialiseStack)
    readColorDataFromSys                     0x080062c5   Thumb Code    42  app_t5l_ctrl.o(i.readColorDataFromSys)
    readHelpDataFromSys                      0x080062f5   Thumb Code    42  app_t5l_ctrl.o(i.readHelpDataFromSys)
    readSysDataFromFlash                     0x08006325   Thumb Code   320  app_syspara.o(i.readSysDataFromFlash)
    readSysDataFromFlash_3030                0x08006465   Thumb Code   260  app_syspara.o(i.readSysDataFromFlash_3030)
    readWeightDataFromSys                    0x08006575   Thumb Code    58  app_t5l_ctrl.o(i.readWeightDataFromSys)
    releaseSysColor                          0x080065b5   Thumb Code    36  app_t5l_ctrl.o(i.releaseSysColor)
    sampleDataPush                           0x080065dd   Thumb Code    40  app_hx711_ctrl.o(i.sampleDataPush)
    screenPrivate_ChanelChangedTrigerHandle  0x08006605   Thumb Code   242  app_t5l_ctrl.o(i.screenPrivate_ChanelChangedTrigerHandle)
    screenPrivate_PointTrigerHandle          0x0800681d   Thumb Code   150  app_t5l_ctrl.o(i.screenPrivate_PointTrigerHandle)
    screenPrivate_RemoveWeightTrigerHandle   0x080068bd   Thumb Code   124  app_t5l_ctrl.o(i.screenPrivate_RemoveWeightTrigerHandle)
    screenPrivate_ResetCalibrationTrigerHandle 0x0800693d   Thumb Code   148  app_t5l_ctrl.o(i.screenPrivate_ResetCalibrationTrigerHandle)
    screenPublic_ChanelChangedTrigerHandle   0x080069d9   Thumb Code    34  app_t5l_ctrl.o(i.screenPublic_ChanelChangedTrigerHandle)
    screenPublic_CurrentDevice_WeightDataPrepare 0x080069fd   Thumb Code   114  app_t5l_ctrl.o(i.screenPublic_CurrentDevice_WeightDataPrepare)
    screenPublic_FreshDisplayPosition_Of_HelpVlu 0x08006a79   Thumb Code   172  app_t5l_ctrl.o(i.screenPublic_FreshDisplayPosition_Of_HelpVlu)
    screenPublic_FreshDisplayPosition_Of_OtherMisc 0x08006b29   Thumb Code   122  app_t5l_ctrl.o(i.screenPublic_FreshDisplayPosition_Of_OtherMisc)
    screenPublic_FreshDisplayPosition_Of_WeightColor 0x08006ba3   Thumb Code   118  app_t5l_ctrl.o(i.screenPublic_FreshDisplayPosition_Of_WeightColor)
    screenPublic_FreshDisplayPosition_Of_WeightIndex 0x08006c19   Thumb Code   122  app_t5l_ctrl.o(i.screenPublic_FreshDisplayPosition_Of_WeightIndex)
    screenPublic_FreshDisplayPosition_Of_WeightVlu 0x08006c95   Thumb Code   168  app_t5l_ctrl.o(i.screenPublic_FreshDisplayPosition_Of_WeightVlu)
    screenPublic_Init                        0x08006d41   Thumb Code    18  app_t5l_ctrl.o(i.screenPublic_Init)
    screenPublic_OtherDevice_WeightDataPrepare 0x08006d5d   Thumb Code    78  app_t5l_ctrl.o(i.screenPublic_OtherDevice_WeightDataPrepare)
    screenPublic_PageJump                    0x08006dad   Thumb Code    58  app_t5l_ctrl.o(i.screenPublic_PageJump)
    screenPublic_PointTrigerHandle           0x08006ded   Thumb Code    34  app_t5l_ctrl.o(i.screenPublic_PointTrigerHandle)
    screenPublic_RemoveWeightTrigerHandle    0x08006e0f   Thumb Code    54  app_t5l_ctrl.o(i.screenPublic_RemoveWeightTrigerHandle)
    screenPublic_ResetCalibrationTrigerHandle 0x08006e45   Thumb Code    34  app_t5l_ctrl.o(i.screenPublic_ResetCalibrationTrigerHandle)
    screenPublic_ScreenLight                 0x08006e69   Thumb Code    74  app_t5l_ctrl.o(i.screenPublic_ScreenLight)
    screenPublic_ScreenVersionGet            0x08006ebd   Thumb Code    10  app_t5l_ctrl.o(i.screenPublic_ScreenVersionGet)
    screenPublic_VoicePrintfMainfunction     0x08006ec9   Thumb Code   186  app_t5l_ctrl.o(i.screenPublic_VoicePrintfMainfunction)
    screenPublic_WriteIndexHandle            0x08006f8d   Thumb Code    88  app_t5l_ctrl.o(i.screenPublic_WriteIndexHandle)
    screenT5L_OutputVoice                    0x08006fe9   Thumb Code   120  app_t5l_ctrl.o(i.screenT5L_OutputVoice)
    screenT5L_RxFunction                     0x08007069   Thumb Code   262  app_t5l_ctrl.o(i.screenT5L_RxFunction)
    screenT5L_TxFunction                     0x08007171   Thumb Code    46  app_t5l_ctrl.o(i.screenT5L_TxFunction)
    sdweAskRegData                           0x0800719f   Thumb Code    22  app_t5l_ctrl.o(i.sdweAskRegData)
    sdweAskVaribleData                       0x080071b5   Thumb Code    80  app_t5l_ctrl.o(i.sdweAskVaribleData)
    sdwe_VoicePrintfPop                      0x08007205   Thumb Code   110  app_t5l_ctrl.o(i.sdwe_VoicePrintfPop)
    sdwe_VoicePrintfPush                     0x0800727d   Thumb Code    48  app_t5l_ctrl.o(i.sdwe_VoicePrintfPush)
    setModbusDataValid                       0x080072b5   Thumb Code     8  app_modbus_rtu_ctrl.o(i.setModbusDataValid)
    setModbusOtherRemoveFlag                 0x080072c1   Thumb Code     8  app_modbus_rtu_ctrl.o(i.setModbusOtherRemoveFlag)
    setModbusSelfRemoveFlag                  0x080072cd   Thumb Code     8  app_modbus_rtu_ctrl.o(i.setModbusSelfRemoveFlag)
    setSampleWeightValue                     0x080072d9   Thumb Code    30  app_hx711_ctrl.o(i.setSampleWeightValue)
    sreenT5L_MainFunction                    0x080072fd   Thumb Code    66  app_t5l_ctrl.o(i.sreenT5L_MainFunction)
    storeSysDataToFlash                      0x08007345   Thumb Code   276  app_syspara.o(i.storeSysDataToFlash)
    storeSysDataToFlash_3030                 0x08007461   Thumb Code   576  app_syspara.o(i.storeSysDataToFlash_3030)
    t5lDisPlayDataClear                      0x080076ad   Thumb Code   116  app_t5l_ctrl.o(i.t5lDisPlayDataClear)
    t5lReadVarible                           0x08007729   Thumb Code   136  app_t5l_ctrl.o(i.t5lReadVarible)
    t5lWriteData                             0x080077b1   Thumb Code   202  app_t5l_ctrl.o(i.t5lWriteData)
    t5lWriteVarible                          0x0800787d   Thumb Code   192  app_t5l_ctrl.o(i.t5lWriteVarible)
    trigerCalcKB                             0x0800793d   Thumb Code   232  app_hx711_ctrl.o(i.trigerCalcKB)
    uxListRemove                             0x08007a29   Thumb Code    38  list.o(i.uxListRemove)
    vApplicationGetIdleTaskMemory            0x08007a51   Thumb Code    16  freertos.o(i.vApplicationGetIdleTaskMemory)
    vListInitialise                          0x08007a65   Thumb Code    22  list.o(i.vListInitialise)
    vListInitialiseItem                      0x08007a7b   Thumb Code     6  list.o(i.vListInitialiseItem)
    vListInsert                              0x08007a81   Thumb Code    48  list.o(i.vListInsert)
    vListInsertEnd                           0x08007ab1   Thumb Code    24  list.o(i.vListInsertEnd)
    vPortEnterCritical                       0x08007ac9   Thumb Code    54  port.o(i.vPortEnterCritical)
    vPortExitCritical                        0x08007b09   Thumb Code    34  port.o(i.vPortExitCritical)
    vPortFree                                0x08007b31   Thumb Code    94  heap_4.o(i.vPortFree)
    vPortSetupTimerInterrupt                 0x08007b95   Thumb Code    32  port.o(i.vPortSetupTimerInterrupt)
    vTaskDelay                               0x08007bb9   Thumb Code    66  tasks.o(i.vTaskDelay)
    vTaskStartScheduler                      0x08007c05   Thumb Code    90  tasks.o(i.vTaskStartScheduler)
    vTaskSuspendAll                          0x08007c71   Thumb Code    10  tasks.o(i.vTaskSuspendAll)
    vTaskSwitchContext                       0x08007c81   Thumb Code    82  tasks.o(i.vTaskSwitchContext)
    writeColorDataFromCom                    0x08007cdd   Thumb Code    56  app_t5l_ctrl.o(i.writeColorDataFromCom)
    writeHelpDataFromCom                     0x08007d19   Thumb Code    56  app_t5l_ctrl.o(i.writeHelpDataFromCom)
    writeWeightDataFromCom                   0x08007d55   Thumb Code    82  app_t5l_ctrl.o(i.writeWeightDataFromCom)
    xPortStartScheduler                      0x08007db1   Thumb Code   222  port.o(i.xPortStartScheduler)
    xTaskCreate                              0x08007ea5   Thumb Code    90  tasks.o(i.xTaskCreate)
    xTaskCreateStatic                        0x08007eff   Thumb Code    86  tasks.o(i.xTaskCreateStatic)
    xTaskIncrementTick                       0x08007f55   Thumb Code   194  tasks.o(i.xTaskIncrementTick)
    xTaskResumeAll                           0x08008021   Thumb Code   182  tasks.o(i.xTaskResumeAll)
    __aeabi_d2f                              0x080080e5   Thumb Code     0  d2f.o(x$fpl$d2f)
    _d2f                                     0x080080e5   Thumb Code    98  d2f.o(x$fpl$d2f)
    __fpl_dcmp_Inf                           0x08008147   Thumb Code    24  dcmpi.o(x$fpl$dcmpinf)
    __aeabi_i2d                              0x0800815f   Thumb Code     0  dflt_clz.o(x$fpl$dflt)
    _dflt                                    0x0800815f   Thumb Code    46  dflt_clz.o(x$fpl$dflt)
    __aeabi_ui2d                             0x0800818d   Thumb Code     0  dflt_clz.o(x$fpl$dfltu)
    _dfltu                                   0x0800818d   Thumb Code    38  dflt_clz.o(x$fpl$dfltu)
    __aeabi_cdcmple                          0x080081b5   Thumb Code     0  dleqf.o(x$fpl$dleqf)
    _dcmple                                  0x080081b5   Thumb Code   120  dleqf.o(x$fpl$dleqf)
    __fpl_dcmple_InfNaN                      0x08008217   Thumb Code     0  dleqf.o(x$fpl$dleqf)
    __aeabi_dmul                             0x0800822d   Thumb Code     0  dmul.o(x$fpl$dmul)
    _dmul                                    0x0800822d   Thumb Code   332  dmul.o(x$fpl$dmul)
    __fpl_dnaninf                            0x08008381   Thumb Code   156  dnaninf.o(x$fpl$dnaninf)
    __fpl_dretinf                            0x0800841d   Thumb Code    12  dretinf.o(x$fpl$dretinf)
    __aeabi_cdrcmple                         0x08008429   Thumb Code     0  drleqf.o(x$fpl$drleqf)
    _drcmple                                 0x08008429   Thumb Code   108  drleqf.o(x$fpl$drleqf)
    _fp_init                                 0x08008495   Thumb Code    10  fpinit.o(x$fpl$fpinit)
    __fplib_config_fpu_vfp                   0x0800849d   Thumb Code     0  fpinit.o(x$fpl$fpinit)
    __fplib_config_pureend_doubles           0x0800849d   Thumb Code     0  fpinit.o(x$fpl$fpinit)
    __fpl_fretinf                            0x0800849f   Thumb Code    10  fretinf.o(x$fpl$fretinf)
    __I$use$fp                               0x080084a8   Number         0  usenofp.o(x$fpl$usenofp)
    AHBPrescTable                            0x080084e8   Data          16  system_stm32f4xx.o(.constdata)
    APBPrescTable                            0x080084f8   Data           8  system_stm32f4xx.o(.constdata)
    g_CrcHTable                              0x08008500   Data         256  app_crc.o(.constdata)
    g_CrcLTable                              0x08008600   Data         256  app_crc.o(.constdata)
    defaultChanelSamplePoint                 0x08008700   Data          40  app_hx711_ctrl.o(.constdata)
    DO_GPIO_PIN                              0x08008734   Data          30  hal_gpio.o(.constdata)
    DI_GPIO_PIN                              0x08008752   Data          22  hal_gpio.o(.constdata)
    Region$$Table$$Base                      0x08008780   Number         0  anon$$obj.o(Region$$Table)
    Region$$Table$$Limit                     0x080087a0   Number         0  anon$$obj.o(Region$$Table)
    defaultTaskHandle                        0x20000000   Data           4  freertos.o(.data)
    appTask1MsHandle                         0x20000004   Data           4  freertos.o(.data)
    sys_tick                                 0x20000008   Data           4  stm32f4xx_it.o(.data)
    uwTickFreq                               0x2000000c   Data           1  stm32f4xx_hal.o(.data)
    uwTickPrio                               0x20000010   Data           4  stm32f4xx_hal.o(.data)
    uwTick                                   0x20000014   Data           4  stm32f4xx_hal.o(.data)
    SystemCoreClock                          0x20000018   Data           4  system_stm32f4xx.o(.data)
    pxCurrentTCB                             0x2000001c   Data           4  tasks.o(.data)
    g_led_ctrl_data                          0x2000009d   Data           4  app_led_ctrl.o(.data)
    g_sys_ms_tick                            0x200000a8   Data           4  app_main_task.o(.data)
    g_ModbusRtu                              0x200000ac   Data         868  app_modbus_rtu_ctrl.o(.data)
    g_passWordId                             0x20000410   Data           4  app_password.o(.data)
    g_passWordStore                          0x20000414   Data           4  app_password.o(.data)
    g_sysLocked                              0x20000418   Data           4  app_password.o(.data)
    idAddr                                   0x2000041c   Data          40  app_password.o(.data)
    gSystemPara                              0x20000448   Data         100  app_syspara.o(.data)
    u8T5LVoiceBuffPush_i                     0x200004ac   Data           1  app_t5l_ctrl.o(.data)
    u8T5LVoiceBuffPop_i                      0x200004ad   Data           1  app_t5l_ctrl.o(.data)
    u8T5LVoiceBuffStoreNum                   0x200004ae   Data           1  app_t5l_ctrl.o(.data)
    g_handleStatus                           0x200004ba   Data           4  app_t5l_ctrl.o(.data)
    g_u16WeightHoldOn                        0x200004be   Data           4  app_t5l_ctrl.o(.data)
    g_needSendHelp                           0x200004c2   Data           4  app_t5l_ctrl.o(.data)
    g_handle_i                               0x200004c6   Data           4  app_t5l_ctrl.o(.data)
    g_rmTrigerInnerSts                       0x200004ca   Data           4  app_t5l_ctrl.o(.data)
    g_T5LCtx                                 0x200004d4   Data        1440  app_t5l_ctrl.o(.data)
    g_ScreenHandle                           0x20000a74   Data          48  app_t5l_ctrl.o(.data)
    DO_GPIO_PORT                             0x20000aa4   Data          60  hal_gpio.o(.data)
    DI_GPIO_PORT                             0x20000ae0   Data          44  hal_gpio.o(.data)
    g_UartDevice                             0x20000b0c   Data         192  hal_uart.o(.data)
    app_i2cComtext                           0x20000bcc   Data          28  app_i2c.o(.data)
    ES_6H_WeightVlu_DP_Add                   0x20000be8   Data          32  app_externalscreen_cfg.o(.data)
    ES_6H_HelpVlu_DP_Add                     0x20000c08   Data          32  app_externalscreen_cfg.o(.data)
    ES_6H_WeightIndex_DP_Add                 0x20000c28   Data          32  app_externalscreen_cfg.o(.data)
    ES_6H_WeightColor_DP_Add                 0x20000c48   Data          32  app_externalscreen_cfg.o(.data)
    ES_6H_Misc_Add                           0x20000c68   Data           4  app_externalscreen_cfg.o(.data)
    ES_8H_WeightVlu_DP_Add                   0x20000c6c   Data          32  app_externalscreen_cfg.o(.data)
    ES_8H_HelpVlu_DP_Add                     0x20000c8c   Data          32  app_externalscreen_cfg.o(.data)
    ES_8H_WeightIndex_DP_Add                 0x20000cac   Data          32  app_externalscreen_cfg.o(.data)
    ES_8H_WeightColor_DP_Add                 0x20000ccc   Data          32  app_externalscreen_cfg.o(.data)
    ES_8H_Misc_Add                           0x20000cec   Data           4  app_externalscreen_cfg.o(.data)
    ES_12H_WeightVlu_DP_Add                  0x20000cf0   Data          32  app_externalscreen_cfg.o(.data)
    ES_12H_HelpVlu_DP_Add                    0x20000d10   Data          32  app_externalscreen_cfg.o(.data)
    ES_12H_WeightIndex_DP_Add                0x20000d30   Data          32  app_externalscreen_cfg.o(.data)
    ES_12H_WeightColor_DP_Add                0x20000d50   Data          32  app_externalscreen_cfg.o(.data)
    ES_12H_Misc_Add                          0x20000d70   Data           4  app_externalscreen_cfg.o(.data)
    ES_16H_WeightVlu_DP_Add                  0x20000d74   Data          32  app_externalscreen_cfg.o(.data)
    ES_16H_HelpVlu_DP_Add                    0x20000d94   Data          36  app_externalscreen_cfg.o(.data)
    ES_16H_WeightIndex_DP_Add                0x20000db8   Data          32  app_externalscreen_cfg.o(.data)
    ES_16H_WeightColor_DP_Add                0x20000dd8   Data          32  app_externalscreen_cfg.o(.data)
    ES_16H_Misc_Add                          0x20000df8   Data           4  app_externalscreen_cfg.o(.data)
    ES_8H_WeightVlue_DP_Vlu_WuXiaoShu        0x20000dfc   Data          96  app_externalscreen_cfg.o(.data)
    ES_8H_WeightVlue_DP_Vlu_YouXiaoShu       0x20000e5c   Data          96  app_externalscreen_cfg.o(.data)
    ES_8H_HelpVlue_DP_Vlu_WuXiaoShu          0x20000ebc   Data         144  app_externalscreen_cfg.o(.data)
    ES_8H_HelpVlue_DP_Vlu_YouXiaoShu         0x20000f4c   Data         144  app_externalscreen_cfg.o(.data)
    ES_8H_WeightIndex_DP_Vlu                 0x20000fdc   Data          96  app_externalscreen_cfg.o(.data)
    ES_8H_WeightColor_DP_Vlu                 0x2000103c   Data          32  app_externalscreen_cfg.o(.data)
    ES_16H_WeightVlue_DP_Vlu_WuXiaoShu       0x2000105c   Data         192  app_externalscreen_cfg.o(.data)
    ES_16H_WeightVlue_DP_Vlu_YouXiaoShu      0x2000111c   Data         192  app_externalscreen_cfg.o(.data)
    ES_16H_HelpVlue_DP_Vlu_WuXiaoShu         0x200011dc   Data         216  app_externalscreen_cfg.o(.data)
    ES_16H_HelpVlue_DP_Vlu_YouXiaoShu        0x200012b4   Data         216  app_externalscreen_cfg.o(.data)
    ES_16H_WeightIndex_DP_Vlu                0x2000138c   Data         192  app_externalscreen_cfg.o(.data)
    ES_16H_WeightColor_DP_Vlu                0x2000144c   Data          64  app_externalscreen_cfg.o(.data)
    ES_6H_Misc_DP_Vlu                        0x2000148c   Data          12  app_externalscreen_cfg.o(.data)
    ES_8H_Misc_DP_Vlu                        0x20001498   Data          12  app_externalscreen_cfg.o(.data)
    ES_12H_Misc_DP_Vlu                       0x200014a4   Data          12  app_externalscreen_cfg.o(.data)
    ES_16H_Misc_DP_Vlu                       0x200014b0   Data          12  app_externalscreen_cfg.o(.data)
    externalScreenCfg                        0x200014bc   Data         272  app_externalscreen_cfg.o(.data)
    externalScreenRxHandle                   0x200015cc   Data          16  app_externalscreenrxhandle.o(.data)
    externalScreenTxHandle                   0x200015dc   Data          40  app_externalscreentxhandle.o(.data)
    IS_6H_WeightVlu_DP_Add                   0x20001604   Data          32  app_innerscreen_cfg.o(.data)
    IS_6H_HelpVlu_DP_Add                     0x20001624   Data          32  app_innerscreen_cfg.o(.data)
    IS_6H_WeightIndex_DP_Add                 0x20001644   Data          32  app_innerscreen_cfg.o(.data)
    IS_6H_Misc_Add                           0x20001664   Data           4  app_innerscreen_cfg.o(.data)
    IS_8H_WeightVlu_DP_Add                   0x20001668   Data          16  app_innerscreen_cfg.o(.data)
    IS_8H_HelpVlu_DP_Add                     0x20001678   Data          24  app_innerscreen_cfg.o(.data)
    IS_8H_WeightIndex_DP_Add                 0x20001690   Data          16  app_innerscreen_cfg.o(.data)
    IS_8H_WeightColor_DP_Add                 0x200016a0   Data          16  app_innerscreen_cfg.o(.data)
    IS_8H_Misc_Add                           0x200016b0   Data           4  app_innerscreen_cfg.o(.data)
    IS_12H_WeightVlu_DP_Add                  0x200016b4   Data          32  app_innerscreen_cfg.o(.data)
    IS_12H_HelpVlu_DP_Add                    0x200016d4   Data          32  app_innerscreen_cfg.o(.data)
    IS_12H_WeightIndex_DP_Add                0x200016f4   Data          32  app_innerscreen_cfg.o(.data)
    IS_12H_Misc_Add                          0x20001714   Data           4  app_innerscreen_cfg.o(.data)
    IS_16HS8_WeightVlu_DP_Add                0x20001718   Data          16  app_innerscreen_cfg.o(.data)
    IS_16HS12_HelpVlu_DP_Add                 0x20001728   Data          24  app_innerscreen_cfg.o(.data)
    IS_16HS8_WeightIndex_DP_Add              0x20001740   Data          16  app_innerscreen_cfg.o(.data)
    IS_16HS8_WeightColor_DP_Add              0x20001750   Data          16  app_innerscreen_cfg.o(.data)
    IS_16H_Misc_Add                          0x20001760   Data           4  app_innerscreen_cfg.o(.data)
    IS_8H_WeightVlue_DP_Vlu_WuXiaoShu        0x20001764   Data          96  app_innerscreen_cfg.o(.data)
    IS_8H_WeightVlue_DP_Vlu_YouXiaoShu       0x200017c4   Data          96  app_innerscreen_cfg.o(.data)
    IS_8H_HelpVlue_DP_Vlu_WuXiaoShu          0x20001824   Data         144  app_innerscreen_cfg.o(.data)
    IS_8H_HelpVlue_DP_Vlu_YouXiaoShu         0x200018b4   Data         144  app_innerscreen_cfg.o(.data)
    IS_8H_WeightIndex_DP_Vlu                 0x20001944   Data          96  app_innerscreen_cfg.o(.data)
    IS_16HS8_WeightIndex_DP_Vlu              0x200019a4   Data          96  app_innerscreen_cfg.o(.data)
    IS_6H_Misc_DP_Vlu                        0x20001a04   Data          12  app_innerscreen_cfg.o(.data)
    IS_8H_Misc_DP_Vlu                        0x20001a10   Data          12  app_innerscreen_cfg.o(.data)
    IS_12H_Misc_DP_Vlu                       0x20001a1c   Data          12  app_innerscreen_cfg.o(.data)
    IS_16H_Misc_DP_Vlu                       0x20001a28   Data          12  app_innerscreen_cfg.o(.data)
    IS_8H_WeightColor_DP_Vlu                 0x20001a34   Data          32  app_innerscreen_cfg.o(.data)
    innerScreenCfg                           0x20001a54   Data         272  app_innerscreen_cfg.o(.data)
    g_u8InnerScreenVoicePrintfStatus         0x20001b64   Data           1  app_innerscreenrxhandle.o(.data)
    innerScreenRxHandle                      0x20001b68   Data         120  app_innerscreenrxhandle.o(.data)
    innerScreenTxHandle                      0x20001be0   Data         136  app_innerscreentxhandle.o(.data)
    hi2c1                                    0x20001ec4   Data          84  i2c.o(.bss)
    htim7                                    0x20001f18   Data          72  tim.o(.bss)
    Usart1AsScreen1Type                      0x20001f60   Data        1028  usart.o(.bss)
    Rx_buff                                  0x20002364   Data          50  usart.o(.bss)
    huart1                                   0x20002398   Data          68  usart.o(.bss)
    huart2                                   0x200023dc   Data          68  usart.o(.bss)
    huart3                                   0x20002420   Data          68  usart.o(.bss)
    huart6                                   0x20002464   Data          68  usart.o(.bss)
    hdma_usart1_rx                           0x200024a8   Data          96  usart.o(.bss)
    hdma_usart1_tx                           0x20002508   Data          96  usart.o(.bss)
    hdma_usart2_rx                           0x20002568   Data          96  usart.o(.bss)
    hdma_usart2_tx                           0x200025c8   Data          96  usart.o(.bss)
    hdma_usart3_rx                           0x20002628   Data          96  usart.o(.bss)
    hdma_usart3_tx                           0x20002688   Data          96  usart.o(.bss)
    hdma_usart6_rx                           0x200026e8   Data          96  usart.o(.bss)
    hdma_usart6_tx                           0x20002748   Data          96  usart.o(.bss)
    htim6                                    0x200027a8   Data          72  stm32f4xx_hal_timebase_tim.o(.bss)
    HX711Chanel                              0x20006508   Data        1888  app_hx711_ctrl.o(.bss)
    SysKey                                   0x20006c68   Data          12  app_key_ctrl.o(.bss)
    STM32McuId                               0x20006c74   Data          12  app_password.o(.bss)
    flashStoreDataBuf                        0x20006c80   Data        1412  app_syspara.o(.bss)
    flashStoreDataBuf_3030                   0x20007204   Data         100  app_syspara.o(.bss)
    g_i32DataBuff                            0x20007268   Data          64  app_t5l_ctrl.o(.bss)
    g_i32DataBuffPre                         0x200072a8   Data          64  app_t5l_ctrl.o(.bss)
    g_i32_i16DataBuff                        0x200072e8   Data          64  app_t5l_ctrl.o(.bss)
    g_i16ColorBuff                           0x20007328   Data          32  app_t5l_ctrl.o(.bss)
    g_i16ColorBuffPre                        0x20007348   Data          32  app_t5l_ctrl.o(.bss)
    g_i16ColorOtherChanel                    0x20007368   Data          32  app_t5l_ctrl.o(.bss)
    g_fDataBuffCaculate                      0x20007388   Data          64  app_t5l_ctrl.o(.bss)
    g_i16OtherChanelCaculate                 0x200073c8   Data          32  app_t5l_ctrl.o(.bss)
    g_i16HelpDataBuff                        0x200073e8   Data          24  app_t5l_ctrl.o(.bss)
    g_i16HelpDataBuffPre                     0x20007400   Data          24  app_t5l_ctrl.o(.bss)
    g_i16HelpDataSort                        0x20007418   Data          64  app_t5l_ctrl.o(.bss)
    g_i16HelpDataChnSort                     0x20007458   Data          32  app_t5l_ctrl.o(.bss)
    g_i32DataBuffLarger                      0x20007478   Data          64  app_t5l_ctrl.o(.bss)
    g_i32DataBuffPreLarger                   0x200074b8   Data          64  app_t5l_ctrl.o(.bss)
    g_i32_i16DataBuffLarger                  0x200074f8   Data          64  app_t5l_ctrl.o(.bss)
    g_i16ColorBuffLarger                     0x20007538   Data          32  app_t5l_ctrl.o(.bss)
    g_i16ColorBuffPreLarger                  0x20007558   Data          32  app_t5l_ctrl.o(.bss)
    g_i16ColorOtherChanelLarger              0x20007578   Data          32  app_t5l_ctrl.o(.bss)
    g_fDataBuffCaculateLarger                0x20007598   Data          64  app_t5l_ctrl.o(.bss)
    g_i16OtherChanelCaculateLarger           0x200075d8   Data          32  app_t5l_ctrl.o(.bss)
    g_i16HelpDataBuffLarger                  0x200075f8   Data          24  app_t5l_ctrl.o(.bss)
    g_i16HelpDataBuffPreLarger               0x20007610   Data          24  app_t5l_ctrl.o(.bss)
    g_T5L_VoiceBuff                          0x200078f8   Data          18  app_t5l_ctrl.o(.bss)
    app_i2cRxData                            0x2000790a   Data          64  app_i2c.o(.bss)
    app_i2cTxData                            0x2000794a   Data          64  app_i2c.o(.bss)
    __libspace_start                         0x2000798c   Data          96  libspace.o(.bss)
    __temporary_stack_top$libspace           0x200079ec   Data           0  libspace.o(.bss)



==============================================================================

Memory Map of the image

  Image Entry point : 0x08000189

  Load Region LR_IROM1 (Base: 0x08000000, Size: 0x0000a410, Max: 0x00080000, ABSOLUTE, COMPRESSED[0x000090f8])

    Execution Region ER_IROM1 (Base: 0x08000000, Size: 0x000087a0, Max: 0x00080000, ABSOLUTE)

    Base Addr    Size         Type   Attr      Idx    E Section Name        Object

    0x08000000   0x00000188   Data   RO            3    RESET               startup_stm32f407xx.o
    0x08000188   0x00000008   Code   RO         6868  * !!!main             c_w.l(__main.o)
    0x08000190   0x00000034   Code   RO         7062    !!!scatter          c_w.l(__scatter.o)
    0x080001c4   0x00000064   Code   RO         7060    !!dclz77c           c_w.l(__dclz77c.o)
    0x08000228   0x0000001c   Code   RO         7064    !!handler_zi        c_w.l(__scatter_zi.o)
    0x08000244   0x00000002   Code   RO         6930    .ARM.Collect$$libinit$$00000000  c_w.l(libinit.o)
    0x08000246   0x00000004   Code   RO         6942    .ARM.Collect$$libinit$$00000001  c_w.l(libinit2.o)
    0x0800024a   0x00000000   Code   RO         6945    .ARM.Collect$$libinit$$00000004  c_w.l(libinit2.o)
    0x0800024a   0x00000000   Code   RO         6948    .ARM.Collect$$libinit$$0000000A  c_w.l(libinit2.o)
    0x0800024a   0x00000000   Code   RO         6950    .ARM.Collect$$libinit$$0000000C  c_w.l(libinit2.o)
    0x0800024a   0x00000000   Code   RO         6952    .ARM.Collect$$libinit$$0000000E  c_w.l(libinit2.o)
    0x0800024a   0x00000000   Code   RO         6955    .ARM.Collect$$libinit$$00000011  c_w.l(libinit2.o)
    0x0800024a   0x00000000   Code   RO         6957    .ARM.Collect$$libinit$$00000013  c_w.l(libinit2.o)
    0x0800024a   0x00000000   Code   RO         6959    .ARM.Collect$$libinit$$00000015  c_w.l(libinit2.o)
    0x0800024a   0x00000000   Code   RO         6961    .ARM.Collect$$libinit$$00000017  c_w.l(libinit2.o)
    0x0800024a   0x00000000   Code   RO         6963    .ARM.Collect$$libinit$$00000019  c_w.l(libinit2.o)
    0x0800024a   0x00000000   Code   RO         6965    .ARM.Collect$$libinit$$0000001B  c_w.l(libinit2.o)
    0x0800024a   0x00000000   Code   RO         6967    .ARM.Collect$$libinit$$0000001D  c_w.l(libinit2.o)
    0x0800024a   0x00000000   Code   RO         6969    .ARM.Collect$$libinit$$0000001F  c_w.l(libinit2.o)
    0x0800024a   0x00000000   Code   RO         6971    .ARM.Collect$$libinit$$00000021  c_w.l(libinit2.o)
    0x0800024a   0x00000000   Code   RO         6973    .ARM.Collect$$libinit$$00000023  c_w.l(libinit2.o)
    0x0800024a   0x00000000   Code   RO         6975    .ARM.Collect$$libinit$$00000025  c_w.l(libinit2.o)
    0x0800024a   0x00000000   Code   RO         6979    .ARM.Collect$$libinit$$0000002C  c_w.l(libinit2.o)
    0x0800024a   0x00000000   Code   RO         6981    .ARM.Collect$$libinit$$0000002E  c_w.l(libinit2.o)
    0x0800024a   0x00000000   Code   RO         6983    .ARM.Collect$$libinit$$00000030  c_w.l(libinit2.o)
    0x0800024a   0x00000000   Code   RO         6985    .ARM.Collect$$libinit$$00000032  c_w.l(libinit2.o)
    0x0800024a   0x00000002   Code   RO         6986    .ARM.Collect$$libinit$$00000033  c_w.l(libinit2.o)
    0x0800024c   0x00000002   Code   RO         7017    .ARM.Collect$$libshutdown$$00000000  c_w.l(libshutdown.o)
    0x0800024e   0x00000000   Code   RO         7043    .ARM.Collect$$libshutdown$$00000002  c_w.l(libshutdown2.o)
    0x0800024e   0x00000000   Code   RO         7045    .ARM.Collect$$libshutdown$$00000004  c_w.l(libshutdown2.o)
    0x0800024e   0x00000000   Code   RO         7048    .ARM.Collect$$libshutdown$$00000007  c_w.l(libshutdown2.o)
    0x0800024e   0x00000000   Code   RO         7051    .ARM.Collect$$libshutdown$$0000000A  c_w.l(libshutdown2.o)
    0x0800024e   0x00000000   Code   RO         7053    .ARM.Collect$$libshutdown$$0000000C  c_w.l(libshutdown2.o)
    0x0800024e   0x00000000   Code   RO         7056    .ARM.Collect$$libshutdown$$0000000F  c_w.l(libshutdown2.o)
    0x0800024e   0x00000002   Code   RO         7057    .ARM.Collect$$libshutdown$$00000010  c_w.l(libshutdown2.o)
    0x08000250   0x00000000   Code   RO         6882    .ARM.Collect$$rtentry$$00000000  c_w.l(__rtentry.o)
    0x08000250   0x00000000   Code   RO         6899    .ARM.Collect$$rtentry$$00000002  c_w.l(__rtentry2.o)
    0x08000250   0x00000006   Code   RO         6911    .ARM.Collect$$rtentry$$00000004  c_w.l(__rtentry4.o)
    0x08000256   0x00000000   Code   RO         6901    .ARM.Collect$$rtentry$$00000009  c_w.l(__rtentry2.o)
    0x08000256   0x00000004   Code   RO         6902    .ARM.Collect$$rtentry$$0000000A  c_w.l(__rtentry2.o)
    0x0800025a   0x00000000   Code   RO         6904    .ARM.Collect$$rtentry$$0000000C  c_w.l(__rtentry2.o)
    0x0800025a   0x00000008   Code   RO         6905    .ARM.Collect$$rtentry$$0000000D  c_w.l(__rtentry2.o)
    0x08000262   0x00000002   Code   RO         6934    .ARM.Collect$$rtexit$$00000000  c_w.l(rtexit.o)
    0x08000264   0x00000000   Code   RO         6990    .ARM.Collect$$rtexit$$00000002  c_w.l(rtexit2.o)
    0x08000264   0x00000004   Code   RO         6991    .ARM.Collect$$rtexit$$00000003  c_w.l(rtexit2.o)
    0x08000268   0x00000006   Code   RO         6992    .ARM.Collect$$rtexit$$00000004  c_w.l(rtexit2.o)
    0x0800026e   0x00000002   PAD
    0x08000270   0x000000be   Code   RO         4948    .emb_text           port.o
    0x0800032e   0x00000002   PAD
    0x08000330   0x00000040   Code   RO            4    .text               startup_stm32f407xx.o
    0x08000370   0x000000ee   Code   RO         6856    .text               c_w.l(lludivv7m.o)
    0x0800045e   0x0000008a   Code   RO         6858    .text               c_w.l(rt_memcpy_v6.o)
    0x080004e8   0x00000064   Code   RO         6860    .text               c_w.l(rt_memcpy_w.o)
    0x0800054c   0x0000004e   Code   RO         6864    .text               c_w.l(rt_memclr_w.o)
    0x0800059a   0x00000006   Code   RO         6866    .text               c_w.l(heapauxi.o)
    0x080005a0   0x0000004a   Code   RO         6917    .text               c_w.l(sys_stackheap_outer.o)
    0x080005ea   0x00000012   Code   RO         6919    .text               c_w.l(exit.o)
    0x080005fc   0x00000008   Code   RO         6931    .text               c_w.l(libspace.o)
    0x08000604   0x0000000c   Code   RO         6987    .text               c_w.l(sys_exit.o)
    0x08000610   0x00000002   Code   RO         7006    .text               c_w.l(use_no_semi.o)
    0x08000612   0x00000000   Code   RO         7008    .text               c_w.l(indicate_semi.o)
    0x08000612   0x00000002   PAD
    0x08000614   0x0000028c   Code   RO         6770    i.BalancingData_ColorData_Handle_Prepare  app_balancingdatahandle.o
    0x080008a0   0x0000004e   Code   RO         6771    i.BalancingData_ColorData_Handle_PrepareAndJudgeAndSendToScreen  app_balancingdatahandle.o
    0x080008ee   0x00000002   PAD
    0x080008f0   0x000000d0   Code   RO         6772    i.BalancingData_ColorData_Handle_PrepareAndJudgeIfNotNeedSend  app_balancingdatahandle.o
    0x080009c0   0x0000001a   Code   RO         6773    i.BalancingData_Data16_WasSend  app_balancingdatahandle.o
    0x080009da   0x00000002   PAD
    0x080009dc   0x0000001a   Code   RO         6774    i.BalancingData_Data32_WasSend  app_balancingdatahandle.o
    0x080009f6   0x00000002   PAD
    0x080009f8   0x00000174   Code   RO         6775    i.BalancingData_HelpData_Handle_Prepare  app_balancingdatahandle.o
    0x08000b6c   0x0000004a   Code   RO         6776    i.BalancingData_HelpData_Handle_PrepareAndJudgeAndSendToScreen  app_balancingdatahandle.o
    0x08000bb6   0x00000002   PAD
    0x08000bb8   0x000000a4   Code   RO         6777    i.BalancingData_HelpData_Handle_PrepareAndJudgeIfNotNeedSend  app_balancingdatahandle.o
    0x08000c5c   0x00000024   Code   RO         6778    i.BalancingData_JudgeINT16_IfNotNeedSend  app_balancingdatahandle.o
    0x08000c80   0x00000024   Code   RO         6779    i.BalancingData_JudgeINT32_IfNotNeedSend  app_balancingdatahandle.o
    0x08000ca4   0x00000072   Code   RO         6780    i.BalancingData_WeightData_Handle_PrepareAndJudgeAndSendToScreen  app_balancingdatahandle.o
    0x08000d16   0x00000002   PAD
    0x08000d18   0x00000110   Code   RO         6781    i.BalancingData_WeightData_Handle_PrepareAndJudgeIfNotNeedSend  app_balancingdatahandle.o
    0x08000e28   0x0000005a   Code   RO         5025    i.BubbleSort        app_crc.o
    0x08000e82   0x00000002   PAD
    0x08000e84   0x00000040   Code   RO         5026    i.BubbleSortINT32   app_crc.o
    0x08000ec4   0x00000002   Code   RO          576    i.BusFault_Handler  stm32f4xx_it.o
    0x08000ec6   0x00000002   PAD
    0x08000ec8   0x0000000c   Code   RO          577    i.DMA1_Stream1_IRQHandler  stm32f4xx_it.o
    0x08000ed4   0x0000000c   Code   RO          578    i.DMA1_Stream3_IRQHandler  stm32f4xx_it.o
    0x08000ee0   0x0000000c   Code   RO          579    i.DMA1_Stream5_IRQHandler  stm32f4xx_it.o
    0x08000eec   0x0000000c   Code   RO          580    i.DMA1_Stream6_IRQHandler  stm32f4xx_it.o
    0x08000ef8   0x0000000c   Code   RO          581    i.DMA2_Stream1_IRQHandler  stm32f4xx_it.o
    0x08000f04   0x0000000c   Code   RO          582    i.DMA2_Stream2_IRQHandler  stm32f4xx_it.o
    0x08000f10   0x0000000c   Code   RO          583    i.DMA2_Stream6_IRQHandler  stm32f4xx_it.o
    0x08000f1c   0x0000000c   Code   RO          584    i.DMA2_Stream7_IRQHandler  stm32f4xx_it.o
    0x08000f28   0x00000028   Code   RO         1240    i.DMA_CalcBaseAndBitshift  stm32f4xx_hal_dma.o
    0x08000f50   0x00000054   Code   RO         1241    i.DMA_CheckFifoParam  stm32f4xx_hal_dma.o
    0x08000fa4   0x00000028   Code   RO         1242    i.DMA_SetConfig     stm32f4xx_hal_dma.o
    0x08000fcc   0x00000002   Code   RO          585    i.DebugMon_Handler  stm32f4xx_it.o
    0x08000fce   0x00000004   Code   RO           13    i.Error_Handler     main.o
    0x08000fd2   0x00000002   PAD
    0x08000fd4   0x0000006c   Code   RO         5591    i.GetFloatBalancingModelData  app_t5l_ctrl.o
    0x08001040   0x00000092   Code   RO         1243    i.HAL_DMA_Abort     stm32f4xx_hal_dma.o
    0x080010d2   0x00000024   Code   RO         1244    i.HAL_DMA_Abort_IT  stm32f4xx_hal_dma.o
    0x080010f6   0x00000002   PAD
    0x080010f8   0x000001a0   Code   RO         1248    i.HAL_DMA_IRQHandler  stm32f4xx_hal_dma.o
    0x08001298   0x000000d4   Code   RO         1249    i.HAL_DMA_Init      stm32f4xx_hal_dma.o
    0x0800136c   0x0000006e   Code   RO         1253    i.HAL_DMA_Start_IT  stm32f4xx_hal_dma.o
    0x080013da   0x00000002   PAD
    0x080013dc   0x000001f0   Code   RO         1136    i.HAL_GPIO_Init     stm32f4xx_hal_gpio.o
    0x080015cc   0x0000000a   Code   RO         1138    i.HAL_GPIO_ReadPin  stm32f4xx_hal_gpio.o
    0x080015d6   0x00000010   Code   RO         1139    i.HAL_GPIO_TogglePin  stm32f4xx_hal_gpio.o
    0x080015e6   0x0000000a   Code   RO         1140    i.HAL_GPIO_WritePin  stm32f4xx_hal_gpio.o
    0x080015f0   0x0000000c   Code   RO         1668    i.HAL_GetTick       stm32f4xx_hal.o
    0x080015fc   0x00000188   Code   RO         1924    i.HAL_I2C_Init      stm32f4xx_hal_i2c.o
    0x08001784   0x000001f8   Code   RO         1942    i.HAL_I2C_Mem_Read  stm32f4xx_hal_i2c.o
    0x0800197c   0x00000130   Code   RO         1945    i.HAL_I2C_Mem_Write  stm32f4xx_hal_i2c.o
    0x08001aac   0x0000006c   Code   RO          390    i.HAL_I2C_MspInit   i2c.o
    0x08001b18   0x00000010   Code   RO         1674    i.HAL_IncTick       stm32f4xx_hal.o
    0x08001b28   0x00000034   Code   RO         1675    i.HAL_Init          stm32f4xx_hal.o
    0x08001b5c   0x00000098   Code   RO          742    i.HAL_InitTick      stm32f4xx_hal_timebase_tim.o
    0x08001bf4   0x00000038   Code   RO          718    i.HAL_MspInit       stm32f4xx_hal_msp.o
    0x08001c2c   0x0000001a   Code   RO         1525    i.HAL_NVIC_EnableIRQ  stm32f4xx_hal_cortex.o
    0x08001c46   0x00000002   PAD
    0x08001c48   0x00000040   Code   RO         1531    i.HAL_NVIC_SetPriority  stm32f4xx_hal_cortex.o
    0x08001c88   0x00000024   Code   RO         1532    i.HAL_NVIC_SetPriorityGrouping  stm32f4xx_hal_cortex.o
    0x08001cac   0x00000024   Code   RO         1533    i.HAL_NVIC_SystemReset  stm32f4xx_hal_cortex.o
    0x08001cd0   0x00000134   Code   RO          782    i.HAL_RCC_ClockConfig  stm32f4xx_hal_rcc.o
    0x08001e04   0x00000040   Code   RO          786    i.HAL_RCC_GetClockConfig  stm32f4xx_hal_rcc.o
    0x08001e44   0x00000020   Code   RO          789    i.HAL_RCC_GetPCLK1Freq  stm32f4xx_hal_rcc.o
    0x08001e64   0x00000020   Code   RO          790    i.HAL_RCC_GetPCLK2Freq  stm32f4xx_hal_rcc.o
    0x08001e84   0x00000064   Code   RO          791    i.HAL_RCC_GetSysClockFreq  stm32f4xx_hal_rcc.o
    0x08001ee8   0x0000036c   Code   RO          794    i.HAL_RCC_OscConfig  stm32f4xx_hal_rcc.o
    0x08002254   0x00000002   Code   RO         3069    i.HAL_TIMEx_BreakCallback  stm32f4xx_hal_tim_ex.o
    0x08002256   0x00000002   Code   RO         3070    i.HAL_TIMEx_CommutCallback  stm32f4xx_hal_tim_ex.o
    0x08002258   0x00000090   Code   RO         3088    i.HAL_TIMEx_MasterConfigSynchronization  stm32f4xx_hal_tim_ex.o
    0x080022e8   0x0000005a   Code   RO         2365    i.HAL_TIM_Base_Init  stm32f4xx_hal_tim.o
    0x08002342   0x00000002   PAD
    0x08002344   0x00000028   Code   RO          432    i.HAL_TIM_Base_MspInit  tim.o
    0x0800236c   0x00000080   Code   RO         2370    i.HAL_TIM_Base_Start_IT  stm32f4xx_hal_tim.o
    0x080023ec   0x00000002   Code   RO         2399    i.HAL_TIM_IC_CaptureCallback  stm32f4xx_hal_tim.o
    0x080023ee   0x00000166   Code   RO         2413    i.HAL_TIM_IRQHandler  stm32f4xx_hal_tim.o
    0x08002554   0x00000002   Code   RO         2416    i.HAL_TIM_OC_DelayElapsedCallback  stm32f4xx_hal_tim.o
    0x08002556   0x00000002   Code   RO         2443    i.HAL_TIM_PWM_PulseFinishedCallback  stm32f4xx_hal_tim.o
    0x08002558   0x00000014   Code   RO           14    i.HAL_TIM_PeriodElapsedCallback  main.o
    0x0800256c   0x00000002   Code   RO         2456    i.HAL_TIM_TriggerCallback  stm32f4xx_hal_tim.o
    0x0800256e   0x00000002   Code   RO         3347    i.HAL_UARTEx_RxEventCallback  stm32f4xx_hal_uart.o
    0x08002570   0x00000070   Code   RO         3359    i.HAL_UART_DMAStop  stm32f4xx_hal_uart.o
    0x080025e0   0x00000002   Code   RO         3361    i.HAL_UART_ErrorCallback  stm32f4xx_hal_uart.o
    0x080025e2   0x00000002   PAD
    0x080025e4   0x00000268   Code   RO         3364    i.HAL_UART_IRQHandler  stm32f4xx_hal_uart.o
    0x0800284c   0x00000062   Code   RO         3365    i.HAL_UART_Init     stm32f4xx_hal_uart.o
    0x080028ae   0x00000002   PAD
    0x080028b0   0x00000344   Code   RO          480    i.HAL_UART_MspInit  usart.o
    0x08002bf4   0x0000002a   Code   RO         3369    i.HAL_UART_Receive_DMA  stm32f4xx_hal_uart.o
    0x08002c1e   0x0000002a   Code   RO         3370    i.HAL_UART_Receive_IT  stm32f4xx_hal_uart.o
    0x08002c48   0x00000018   Code   RO          481    i.HAL_UART_RxCpltCallback  usart.o
    0x08002c60   0x00000002   Code   RO         3372    i.HAL_UART_RxHalfCpltCallback  stm32f4xx_hal_uart.o
    0x08002c62   0x00000002   PAD
    0x08002c64   0x0000008c   Code   RO         3374    i.HAL_UART_Transmit_DMA  stm32f4xx_hal_uart.o
    0x08002cf0   0x00000044   Code   RO          482    i.HAL_UART_TxCpltCallback  usart.o
    0x08002d34   0x00000002   Code   RO         3377    i.HAL_UART_TxHalfCpltCallback  stm32f4xx_hal_uart.o
    0x08002d36   0x00000002   Code   RO          586    i.HardFault_Handler  stm32f4xx_it.o
    0x08002d38   0x0000002e   Code   RO         1966    i.I2C_IsAcknowledgeFailed  stm32f4xx_hal_i2c.o
    0x08002d66   0x00000002   PAD
    0x08002d68   0x000000fc   Code   RO         1976    i.I2C_RequestMemoryRead  stm32f4xx_hal_i2c.o
    0x08002e64   0x000000a8   Code   RO         1977    i.I2C_RequestMemoryWrite  stm32f4xx_hal_i2c.o
    0x08002f0c   0x0000004c   Code   RO         1981    i.I2C_WaitOnBTFFlagUntilTimeout  stm32f4xx_hal_i2c.o
    0x08002f58   0x00000068   Code   RO         1982    i.I2C_WaitOnFlagUntilTimeout  stm32f4xx_hal_i2c.o
    0x08002fc0   0x00000096   Code   RO         1983    i.I2C_WaitOnMasterAddressFlagUntilTimeout  stm32f4xx_hal_i2c.o
    0x08003056   0x00000066   Code   RO         1984    i.I2C_WaitOnRXNEFlagUntilTimeout  stm32f4xx_hal_i2c.o
    0x080030bc   0x0000004c   Code   RO         1985    i.I2C_WaitOnTXEFlagUntilTimeout  stm32f4xx_hal_i2c.o
    0x08003108   0x00000052   Code   RO         5254    i.LedCtrlSendPulse  app_led_ctrl.o
    0x0800315a   0x00000002   PAD
    0x0800315c   0x00000068   Code   RO         5255    i.LedDataSet        app_led_ctrl.o
    0x080031c4   0x000000ac   Code   RO          365    i.MX_DMA_Init       dma.o
    0x08003270   0x0000003c   Code   RO          305    i.MX_FREERTOS_Init  freertos.o
    0x080032ac   0x00000178   Code   RO          281    i.MX_GPIO_Init      gpio.o
    0x08003424   0x00000040   Code   RO          391    i.MX_I2C1_Init      i2c.o
    0x08003464   0x00000044   Code   RO          433    i.MX_TIM7_Init      tim.o
    0x080034a8   0x00000038   Code   RO          483    i.MX_USART1_UART_Init  usart.o
    0x080034e0   0x00000038   Code   RO          484    i.MX_USART2_UART_Init  usart.o
    0x08003518   0x00000038   Code   RO          485    i.MX_USART3_UART_Init  usart.o
    0x08003550   0x00000038   Code   RO          486    i.MX_USART6_UART_Init  usart.o
    0x08003588   0x00000002   Code   RO          587    i.MemManage_Handler  stm32f4xx_it.o
    0x0800358a   0x00000002   PAD
    0x0800358c   0x00000034   Code   RO         5349    i.ModbusRtu_MainFunction  app_modbus_rtu_ctrl.o
    0x080035c0   0x00000048   Code   RO         5350    i.ModbusRtu_MasterCycleReadWeightScan  app_modbus_rtu_ctrl.o
    0x08003608   0x0000002c   Code   RO         5351    i.ModbusRtu_MasterMainFunction  app_modbus_rtu_ctrl.o
    0x08003634   0x0000009c   Code   RO         5352    i.ModbusRtu_MasterMaskHandle  app_modbus_rtu_ctrl.o
    0x080036d0   0x00000078   Code   RO         5353    i.ModbusRtu_MasterRxMainFunction  app_modbus_rtu_ctrl.o
    0x08003748   0x0000007a   Code   RO         5354    i.ModbusRtu_MasterTxMainFunction  app_modbus_rtu_ctrl.o
    0x080037c2   0x00000060   Code   RO         5355    i.ModbusRtu_RxMainFunction  app_modbus_rtu_ctrl.o
    0x08003822   0x0000001e   Code   RO         5356    i.ModbusRtu_SlaveMainFunction  app_modbus_rtu_ctrl.o
    0x08003840   0x00000070   Code   RO         5357    i.ModbusRtu_SlaveRxMainFunction  app_modbus_rtu_ctrl.o
    0x080038b0   0x00000048   Code   RO         5358    i.ModbusRtu_SlaveTxMainFunction  app_modbus_rtu_ctrl.o
    0x080038f8   0x000000e4   Code   RO         5359    i.ModbusRtu_SlaveTxMaskHandle  app_modbus_rtu_ctrl.o
    0x080039dc   0x0000003c   Code   RO         5360    i.ModbusRtu_init    app_modbus_rtu_ctrl.o
    0x08003a18   0x00000002   Code   RO          588    i.NMI_Handler       stm32f4xx_it.o
    0x08003a1a   0x00000002   PAD
    0x08003a1c   0x0000003c   Code   RO         5474    i.STM32CheckPassWord  app_password.o
    0x08003a58   0x00000008   Code   RO          306    i.StartDefaultTask  freertos.o
    0x08003a60   0x0000000c   Code   RO          307    i.StartappTask1Ms   freertos.o
    0x08003a6c   0x0000002c   Code   RO         4949    i.SysTick_Handler   port.o
    0x08003a98   0x00000098   Code   RO           15    i.SystemClock_Config  main.o
    0x08003b30   0x00000010   Code   RO         3694    i.SystemInit        system_stm32f4xx.o
    0x08003b40   0x00000018   Code   RO          589    i.TIM6_DAC_IRQHandler  stm32f4xx_it.o
    0x08003b58   0x000000c8   Code   RO         2458    i.TIM_Base_SetConfig  stm32f4xx_hal_tim.o
    0x08003c20   0x00000010   Code   RO         3378    i.UART_DMAAbortOnError  stm32f4xx_hal_uart.o
    0x08003c30   0x0000004a   Code   RO         3379    i.UART_DMAError     stm32f4xx_hal_uart.o
    0x08003c7a   0x00000082   Code   RO         3380    i.UART_DMAReceiveCplt  stm32f4xx_hal_uart.o
    0x08003cfc   0x0000001a   Code   RO         3382    i.UART_DMARxHalfCplt  stm32f4xx_hal_uart.o
    0x08003d16   0x00000042   Code   RO         3384    i.UART_DMATransmitCplt  stm32f4xx_hal_uart.o
    0x08003d58   0x0000000a   Code   RO         3386    i.UART_DMATxHalfCplt  stm32f4xx_hal_uart.o
    0x08003d62   0x0000004e   Code   RO         3388    i.UART_EndRxTransfer  stm32f4xx_hal_uart.o
    0x08003db0   0x0000001c   Code   RO         3389    i.UART_EndTxTransfer  stm32f4xx_hal_uart.o
    0x08003dcc   0x000000c0   Code   RO         3390    i.UART_Receive_IT   stm32f4xx_hal_uart.o
    0x08003e8c   0x0000010c   Code   RO         3391    i.UART_SetConfig    stm32f4xx_hal_uart.o
    0x08003f98   0x00000094   Code   RO         3392    i.UART_Start_Receive_DMA  stm32f4xx_hal_uart.o
    0x0800402c   0x0000003a   Code   RO         3393    i.UART_Start_Receive_IT  stm32f4xx_hal_uart.o
    0x08004066   0x00000002   PAD
    0x08004068   0x00000018   Code   RO          590    i.USART1_IRQHandler  stm32f4xx_it.o
    0x08004080   0x00000018   Code   RO          591    i.USART2_IRQHandler  stm32f4xx_it.o
    0x08004098   0x00000018   Code   RO          592    i.USART3_IRQHandler  stm32f4xx_it.o
    0x080040b0   0x0000000c   Code   RO          593    i.USART6_IRQHandler  stm32f4xx_it.o
    0x080040bc   0x00000002   Code   RO          594    i.UsageFault_Handler  stm32f4xx_it.o
    0x080040be   0x00000002   PAD
    0x080040c0   0x00000050   Code   RO          487    i.Usart1AsScreen1Receive_IDLE  usart.o
    0x08004110   0x00000050   Code   RO          489    i.Usart2AsScreen2Receive_IDLE  usart.o
    0x08004160   0x00000068   Code   RO          490    i.Usart3WithRS485Receive_IDLE  usart.o
    0x080041c8   0x00000020   Code   RO         1538    i.__NVIC_SetPriority  stm32f4xx_hal_cortex.o
    0x080041e8   0x00000038   Code   RO         6307    i.appScreenCfgIndexGet  app_t5l_cfg.o
    0x08004220   0x000000a0   Code   RO         6273    i.app_HAL_I2C_Master_Read  app_i2c.o
    0x080042c0   0x0000009c   Code   RO         6274    i.app_HAL_I2C_Master_Transmit  app_i2c.o
    0x0800435c   0x00000028   Code   RO         5317    i.app_main_task     app_main_task.o
    0x08004384   0x00000016   Code   RO         5257    i.balaningColorClear  app_led_ctrl.o
    0x0800439a   0x00000002   PAD
    0x0800439c   0x00000038   Code   RO         5027    i.cal_crc16         app_crc.o
    0x080043d4   0x00000088   Code   RO         5593    i.clearLocalCalibrationKAndBAndSample  app_t5l_ctrl.o
    0x0800445c   0x00000058   Code   RO         5594    i.clearLocalCalibrationRecordData  app_t5l_ctrl.o
    0x080044b4   0x00000028   Code   RO         5595    i.color_clearAllColor  app_t5l_ctrl.o
    0x080044dc   0x00000038   Code   RO         6391    i.externalScreenRxHandle_RemoveWeightTriger  app_externalscreenrxhandle.o
    0x08004514   0x0000001c   Code   RO         6392    i.externalScreenRxHandle_Version  app_externalscreenrxhandle.o
    0x08004530   0x00000070   Code   RO         6429    i.externalScreenTxHandle_ChangeDisplayPosition  app_externalscreentxhandle.o
    0x080045a0   0x00000320   Code   RO         6430    i.externalScreenTxHandle_Init  app_externalscreentxhandle.o
    0x080048c0   0x00000038   Code   RO         6431    i.externalScreenTxHandle_JumpToBanlingPage  app_externalscreentxhandle.o
    0x080048f8   0x00000024   Code   RO         6432    i.externalScreenTxHandle_ScreenInit  app_externalscreentxhandle.o
    0x0800491c   0x00000030   Code   RO         6433    i.externalScreenTxHandle_ScreenWeightAndColorAndHelpHandle  app_externalscreentxhandle.o
    0x0800494c   0x0000001c   Code   RO         5055    i.getChanelStruct   app_hx711_ctrl.o
    0x08004968   0x0000000c   Code   RO         5361    i.getModbusOtherRemoveFlag  app_modbus_rtu_ctrl.o
    0x08004974   0x00000038   Code   RO         5596    i.getSysColorWhichUsable  app_t5l_ctrl.o
    0x080049ac   0x0000000c   Code   RO          595    i.get_SysTick_ByTimer  stm32f4xx_it.o
    0x080049b8   0x00000018   Code   RO         6117    i.hal_delay_ms      hal_delay.o
    0x080049d0   0x00000010   Code   RO         6119    i.hal_delay_us      hal_delay.o
    0x080049e0   0x00000024   Code   RO         6144    i.hal_di_get        hal_gpio.o
    0x08004a04   0x00000018   Code   RO         6145    i.hal_gpio_TogglePin  hal_gpio.o
    0x08004a1c   0x0000001c   Code   RO         6146    i.hal_gpio_set_do_high  hal_gpio.o
    0x08004a38   0x0000001c   Code   RO         6147    i.hal_gpio_set_do_low  hal_gpio.o
    0x08004a54   0x00000002   Code   RO         6192    i.hal_uart_port_init  hal_uart.o
    0x08004a56   0x00000002   Code   RO         6193    i.hal_uart_rx_irq_disable  hal_uart.o
    0x08004a58   0x00000002   Code   RO         6194    i.hal_uart_rx_irq_enable  hal_uart.o
    0x08004a5a   0x00000002   Code   RO         6195    i.hal_uart_set_braudrate  hal_uart.o
    0x08004a5c   0x00000002   Code   RO         6196    i.hal_uart_set_timeout  hal_uart.o
    0x08004a5e   0x00000002   PAD
    0x08004a60   0x00000044   Code   RO         6197    i.hal_uart_tx_bytes  hal_uart.o
    0x08004aa4   0x000000c8   Code   RO         5057    i.hx711_AllChanelSample  app_hx711_ctrl.o
    0x08004b6c   0x0000002c   Code   RO         5058    i.hx711_DataSampleCtrl  app_hx711_ctrl.o
    0x08004b98   0x0000004c   Code   RO         5059    i.hx711_MainFunction  app_hx711_ctrl.o
    0x08004be4   0x000000b8   Code   RO         5062    i.hx711_SampleFunction  app_hx711_ctrl.o
    0x08004c9c   0x0000017c   Code   RO         5063    i.hx711_SenserCheck  app_hx711_ctrl.o
    0x08004e18   0x0000009a   Code   RO         5064    i.hx711_SigChanelAvrgAndWeightCalc  app_hx711_ctrl.o
    0x08004eb2   0x00000002   PAD
    0x08004eb4   0x00000020   Code   RO         5065    i.hx711_getAvgSample  app_hx711_ctrl.o
    0x08004ed4   0x00000084   Code   RO         5066    i.hx711_getWeight   app_hx711_ctrl.o
    0x08004f58   0x000000a8   Code   RO         5067    i.hx711_init        app_hx711_ctrl.o
    0x08005000   0x00000050   Code   RO         5068    i.hx711_setAllRemoveWeight  app_hx711_ctrl.o
    0x08005050   0x00000040   Code   RO         6544    i.innerScreenRxHandle_CalibrateAddressSet  app_innerscreenrxhandle.o
    0x08005090   0x00000036   Code   RO         6545    i.innerScreenRxHandle_CalibrateChanelSet  app_innerscreenrxhandle.o
    0x080050c6   0x000000ba   Code   RO         6546    i.innerScreenRxHandle_CalibratePointSampleAndSet  app_innerscreenrxhandle.o
    0x08005180   0x0000008a   Code   RO         6547    i.innerScreenRxHandle_CalibratePointSet  app_innerscreenrxhandle.o
    0x0800520a   0x00000022   Code   RO         6548    i.innerScreenRxHandle_JumpToBalancingClearnPage  app_innerscreenrxhandle.o
    0x0800522c   0x00000022   Code   RO         6549    i.innerScreenRxHandle_JumpToBalancingHomePage  app_innerscreenrxhandle.o
    0x0800524e   0x00000022   Code   RO         6550    i.innerScreenRxHandle_JumpToBalancingPage  app_innerscreenrxhandle.o
    0x08005270   0x00000038   Code   RO         6551    i.innerScreenRxHandle_JumpToCalibrateOrActivePage  app_innerscreenrxhandle.o
    0x080052a8   0x00000026   Code   RO         6552    i.innerScreenRxHandle_JumpToSysParaPage  app_innerscreenrxhandle.o
    0x080052ce   0x00000002   PAD
    0x080052d0   0x00000038   Code   RO         6553    i.innerScreenRxHandle_RemoveWeightTriger  app_innerscreenrxhandle.o
    0x08005308   0x00000118   Code   RO         6554    i.innerScreenRxHandle_SysPara  app_innerscreenrxhandle.o
    0x08005420   0x0000002a   Code   RO         6555    i.innerScreenRxHandle_SysPassWord  app_innerscreenrxhandle.o
    0x0800544a   0x00000024   Code   RO         6556    i.innerScreenRxHandle_SystemReset  app_innerscreenrxhandle.o
    0x0800546e   0x0000001c   Code   RO         6557    i.innerScreenRxHandle_Version  app_innerscreenrxhandle.o
    0x0800548a   0x00000002   PAD
    0x0800548c   0x0000001c   Code   RO         6558    i.innerScreenRxHandle_VoicePrintfStatusFromScreen  app_innerscreenrxhandle.o
    0x080054a8   0x00000070   Code   RO         6660    i.innerScreenTxHandle_ChangeDisplayPosition  app_innerscreentxhandle.o
    0x08005518   0x00000022   Code   RO         6661    i.innerScreenTxHandle_FreshScreenLight  app_innerscreentxhandle.o
    0x0800553a   0x00000002   PAD
    0x0800553c   0x000003e8   Code   RO         6662    i.innerScreenTxHandle_Init  app_innerscreentxhandle.o
    0x08005924   0x00000030   Code   RO         6663    i.innerScreenTxHandle_IsCascadTriggerHandle  app_innerscreentxhandle.o
    0x08005954   0x00000026   Code   RO         6664    i.innerScreenTxHandle_JumpToActivePage  app_innerscreentxhandle.o
    0x0800597a   0x00000026   Code   RO         6665    i.innerScreenTxHandle_JumpToBalancingCleanPage  app_innerscreentxhandle.o
    0x080059a0   0x00000026   Code   RO         6666    i.innerScreenTxHandle_JumpToBalancingHomePage  app_innerscreentxhandle.o
    0x080059c6   0x00000026   Code   RO         6667    i.innerScreenTxHandle_JumpToBanlingMainPage  app_innerscreentxhandle.o
    0x080059ec   0x00000026   Code   RO         6668    i.innerScreenTxHandle_JumpToBanlingPage  app_innerscreentxhandle.o
    0x08005a12   0x00000026   Code   RO         6669    i.innerScreenTxHandle_JumpToCalibrationPage  app_innerscreentxhandle.o
    0x08005a38   0x00000026   Code   RO         6670    i.innerScreenTxHandle_JumpToHomePage  app_innerscreentxhandle.o
    0x08005a5e   0x00000026   Code   RO         6671    i.innerScreenTxHandle_JumpToSysParaPage  app_innerscreentxhandle.o
    0x08005a84   0x00000024   Code   RO         6672    i.innerScreenTxHandle_ScreenInit  app_innerscreentxhandle.o
    0x08005aa8   0x00000034   Code   RO         6673    i.innerScreenTxHandle_ScreenWeightAndColorAndHelpAndVoiceHandle  app_innerscreentxhandle.o
    0x08005adc   0x00000020   Code   RO         5208    i.key_FilterGet     app_key_ctrl.o
    0x08005afc   0x0000008c   Code   RO         5209    i.key_MainFunction  app_key_ctrl.o
    0x08005b88   0x00000048   Code   RO         5210    i.key_filter        app_key_ctrl.o
    0x08005bd0   0x00000034   Code   RO         5211    i.key_init          app_key_ctrl.o
    0x08005c04   0x0000007c   Code   RO         5258    i.led_MainFunction  app_led_ctrl.o
    0x08005c80   0x00000022   Code   RO         5259    i.led_RunIndicate   app_led_ctrl.o
    0x08005ca2   0x00000040   Code   RO         5260    i.led_init          app_led_ctrl.o
    0x08005ce2   0x00000002   PAD
    0x08005ce4   0x000000ac   Code   RO           16    i.main              main.o
    0x08005d90   0x0000000c   Code   RO         4514    i.makeFreeRtosPriority  cmsis_os.o
    0x08005d9c   0x0000000e   Code   RO         4516    i.osDelay           cmsis_os.o
    0x08005daa   0x0000000a   Code   RO         4519    i.osKernelStart     cmsis_os.o
    0x08005db4   0x00000054   Code   RO         4553    i.osThreadCreate    cmsis_os.o
    0x08005e08   0x00000020   Code   RO         5603    i.pointSampleTrigerDataSet  app_t5l_ctrl.o
    0x08005e28   0x00000028   Code   RO         5604    i.pointTrigerDataSet  app_t5l_ctrl.o
    0x08005e50   0x00000020   Code   RO         5605    i.pointWeightTrigerDataSet  app_t5l_ctrl.o
    0x08005e70   0x00000070   Code   RO         4196    i.prvAddCurrentTaskToDelayedList  tasks.o
    0x08005ee0   0x000000d0   Code   RO         4197    i.prvAddNewTaskToReadyList  tasks.o
    0x08005fb0   0x00000034   Code   RO         4198    i.prvDeleteTCB      tasks.o
    0x08005fe4   0x0000004c   Code   RO         4881    i.prvHeapInit       heap_4.o
    0x08006030   0x00000060   Code   RO         4199    i.prvIdleTask       tasks.o
    0x08006090   0x00000098   Code   RO         4200    i.prvInitialiseNewTask  tasks.o
    0x08006128   0x0000004c   Code   RO         4882    i.prvInsertBlockIntoFreeList  heap_4.o
    0x08006174   0x00000020   Code   RO         4201    i.prvResetNextTaskUnblockTime  tasks.o
    0x08006194   0x00000028   Code   RO         4950    i.prvTaskExitError  port.o
    0x080061bc   0x000000dc   Code   RO         4883    i.pvPortMalloc      heap_4.o
    0x08006298   0x0000002c   Code   RO         4951    i.pxPortInitialiseStack  port.o
    0x080062c4   0x00000030   Code   RO         5607    i.readColorDataFromSys  app_t5l_ctrl.o
    0x080062f4   0x00000030   Code   RO         5608    i.readHelpDataFromSys  app_t5l_ctrl.o
    0x08006324   0x00000140   Code   RO         5514    i.readSysDataFromFlash  app_syspara.o
    0x08006464   0x00000110   Code   RO         5515    i.readSysDataFromFlash_3030  app_syspara.o
    0x08006574   0x00000040   Code   RO         5609    i.readWeightDataFromSys  app_t5l_ctrl.o
    0x080065b4   0x00000028   Code   RO         5610    i.releaseSysColor   app_t5l_ctrl.o
    0x080065dc   0x00000028   Code   RO         5070    i.sampleDataPush    app_hx711_ctrl.o
    0x08006604   0x000000fc   Code   RO         5611    i.screenPrivate_ChanelChangedTrigerHandle  app_t5l_ctrl.o
    0x08006700   0x0000011c   Code   RO         5612    i.screenPrivate_Init  app_t5l_ctrl.o
    0x0800681c   0x000000a0   Code   RO         5613    i.screenPrivate_PointTrigerHandle  app_t5l_ctrl.o
    0x080068bc   0x00000080   Code   RO         5614    i.screenPrivate_RemoveWeightTrigerHandle  app_t5l_ctrl.o
    0x0800693c   0x0000009c   Code   RO         5615    i.screenPrivate_ResetCalibrationTrigerHandle  app_t5l_ctrl.o
    0x080069d8   0x00000022   Code   RO         5619    i.screenPublic_ChanelChangedTrigerHandle  app_t5l_ctrl.o
    0x080069fa   0x00000002   PAD
    0x080069fc   0x0000007c   Code   RO         5621    i.screenPublic_CurrentDevice_WeightDataPrepare  app_t5l_ctrl.o
    0x08006a78   0x000000b0   Code   RO         5622    i.screenPublic_FreshDisplayPosition_Of_HelpVlu  app_t5l_ctrl.o
    0x08006b28   0x0000007a   Code   RO         5623    i.screenPublic_FreshDisplayPosition_Of_OtherMisc  app_t5l_ctrl.o
    0x08006ba2   0x00000076   Code   RO         5624    i.screenPublic_FreshDisplayPosition_Of_WeightColor  app_t5l_ctrl.o
    0x08006c18   0x0000007a   Code   RO         5625    i.screenPublic_FreshDisplayPosition_Of_WeightIndex  app_t5l_ctrl.o
    0x08006c92   0x00000002   PAD
    0x08006c94   0x000000ac   Code   RO         5626    i.screenPublic_FreshDisplayPosition_Of_WeightVlu  app_t5l_ctrl.o
    0x08006d40   0x0000001c   Code   RO         5628    i.screenPublic_Init  app_t5l_ctrl.o
    0x08006d5c   0x0000004e   Code   RO         5629    i.screenPublic_OtherDevice_WeightDataPrepare  app_t5l_ctrl.o
    0x08006daa   0x00000002   PAD
    0x08006dac   0x00000040   Code   RO         5630    i.screenPublic_PageJump  app_t5l_ctrl.o
    0x08006dec   0x00000022   Code   RO         5631    i.screenPublic_PointTrigerHandle  app_t5l_ctrl.o
    0x08006e0e   0x00000036   Code   RO         5632    i.screenPublic_RemoveWeightTrigerHandle  app_t5l_ctrl.o
    0x08006e44   0x00000022   Code   RO         5633    i.screenPublic_ResetCalibrationTrigerHandle  app_t5l_ctrl.o
    0x08006e66   0x00000002   PAD
    0x08006e68   0x00000054   Code   RO         5634    i.screenPublic_ScreenLight  app_t5l_ctrl.o
    0x08006ebc   0x0000000a   Code   RO         5635    i.screenPublic_ScreenVersionGet  app_t5l_ctrl.o
    0x08006ec6   0x00000002   PAD
    0x08006ec8   0x000000c4   Code   RO         5636    i.screenPublic_VoicePrintfMainfunction  app_t5l_ctrl.o
    0x08006f8c   0x0000005c   Code   RO         5637    i.screenPublic_WriteIndexHandle  app_t5l_ctrl.o
    0x08006fe8   0x00000080   Code   RO         5640    i.screenT5L_OutputVoice  app_t5l_ctrl.o
    0x08007068   0x00000106   Code   RO         5641    i.screenT5L_RxFunction  app_t5l_ctrl.o
    0x0800716e   0x00000002   PAD
    0x08007170   0x0000002e   Code   RO         5642    i.screenT5L_TxFunction  app_t5l_ctrl.o
    0x0800719e   0x00000016   Code   RO         5643    i.sdweAskRegData    app_t5l_ctrl.o
    0x080071b4   0x00000050   Code   RO         5644    i.sdweAskVaribleData  app_t5l_ctrl.o
    0x08007204   0x00000078   Code   RO         5645    i.sdwe_VoicePrintfPop  app_t5l_ctrl.o
    0x0800727c   0x00000038   Code   RO         5646    i.sdwe_VoicePrintfPush  app_t5l_ctrl.o
    0x080072b4   0x0000000c   Code   RO         5363    i.setModbusDataValid  app_modbus_rtu_ctrl.o
    0x080072c0   0x0000000c   Code   RO         5364    i.setModbusOtherRemoveFlag  app_modbus_rtu_ctrl.o
    0x080072cc   0x0000000c   Code   RO         5365    i.setModbusSelfRemoveFlag  app_modbus_rtu_ctrl.o
    0x080072d8   0x00000024   Code   RO         5072    i.setSampleWeightValue  app_hx711_ctrl.o
    0x080072fc   0x00000048   Code   RO         5649    i.sreenT5L_MainFunction  app_t5l_ctrl.o
    0x08007344   0x0000011c   Code   RO         5516    i.storeSysDataToFlash  app_syspara.o
    0x08007460   0x0000024c   Code   RO         5517    i.storeSysDataToFlash_3030  app_syspara.o
    0x080076ac   0x0000007c   Code   RO         5650    i.t5lDisPlayDataClear  app_t5l_ctrl.o
    0x08007728   0x00000088   Code   RO         5651    i.t5lReadVarible    app_t5l_ctrl.o
    0x080077b0   0x000000ca   Code   RO         5652    i.t5lWriteData      app_t5l_ctrl.o
    0x0800787a   0x00000002   PAD
    0x0800787c   0x000000c0   Code   RO         5654    i.t5lWriteVarible   app_t5l_ctrl.o
    0x0800793c   0x000000ec   Code   RO         5073    i.trigerCalcKB      app_hx711_ctrl.o
    0x08007a28   0x00000026   Code   RO         3832    i.uxListRemove      list.o
    0x08007a4e   0x00000002   PAD
    0x08007a50   0x00000014   Code   RO          308    i.vApplicationGetIdleTaskMemory  freertos.o
    0x08007a64   0x00000016   Code   RO         3833    i.vListInitialise   list.o
    0x08007a7a   0x00000006   Code   RO         3834    i.vListInitialiseItem  list.o
    0x08007a80   0x00000030   Code   RO         3835    i.vListInsert       list.o
    0x08007ab0   0x00000018   Code   RO         3836    i.vListInsertEnd    list.o
    0x08007ac8   0x00000040   Code   RO         4953    i.vPortEnterCritical  port.o
    0x08007b08   0x00000028   Code   RO         4954    i.vPortExitCritical  port.o
    0x08007b30   0x00000064   Code   RO         4884    i.vPortFree         heap_4.o
    0x08007b94   0x00000024   Code   RO         4955    i.vPortSetupTimerInterrupt  port.o
    0x08007bb8   0x0000004c   Code   RO         4210    i.vTaskDelay        tasks.o
    0x08007c04   0x0000006c   Code   RO         4223    i.vTaskStartScheduler  tasks.o
    0x08007c70   0x00000010   Code   RO         4225    i.vTaskSuspendAll   tasks.o
    0x08007c80   0x0000005c   Code   RO         4226    i.vTaskSwitchContext  tasks.o
    0x08007cdc   0x0000003c   Code   RO         5655    i.writeColorDataFromCom  app_t5l_ctrl.o
    0x08007d18   0x0000003c   Code   RO         5656    i.writeHelpDataFromCom  app_t5l_ctrl.o
    0x08007d54   0x0000005c   Code   RO         5657    i.writeWeightDataFromCom  app_t5l_ctrl.o
    0x08007db0   0x000000f4   Code   RO         4957    i.xPortStartScheduler  port.o
    0x08007ea4   0x0000005a   Code   RO         4229    i.xTaskCreate       tasks.o
    0x08007efe   0x00000056   Code   RO         4230    i.xTaskCreateStatic  tasks.o
    0x08007f54   0x000000cc   Code   RO         4237    i.xTaskIncrementTick  tasks.o
    0x08008020   0x000000c4   Code   RO         4243    i.xTaskResumeAll    tasks.o
    0x080080e4   0x00000062   Code   RO         6870    x$fpl$d2f           fz_wm.l(d2f.o)
    0x08008146   0x00000018   Code   RO         6915    x$fpl$dcmpinf       fz_wm.l(dcmpi.o)
    0x0800815e   0x0000002e   Code   RO         6873    x$fpl$dflt          fz_wm.l(dflt_clz.o)
    0x0800818c   0x00000026   Code   RO         6872    x$fpl$dfltu         fz_wm.l(dflt_clz.o)
    0x080081b2   0x00000002   PAD
    0x080081b4   0x00000078   Code   RO         6889    x$fpl$dleqf         fz_wm.l(dleqf.o)
    0x0800822c   0x00000154   Code   RO         6878    x$fpl$dmul          fz_wm.l(dmul.o)
    0x08008380   0x0000009c   Code   RO         6891    x$fpl$dnaninf       fz_wm.l(dnaninf.o)
    0x0800841c   0x0000000c   Code   RO         6893    x$fpl$dretinf       fz_wm.l(dretinf.o)
    0x08008428   0x0000006c   Code   RO         6880    x$fpl$drleqf        fz_wm.l(drleqf.o)
    0x08008494   0x0000000a   Code   RO         7002    x$fpl$fpinit        fz_wm.l(fpinit.o)
    0x0800849e   0x0000000a   Code   RO         6895    x$fpl$fretinf       fz_wm.l(fretinf.o)
    0x080084a8   0x00000000   Code   RO         6897    x$fpl$usenofp       fz_wm.l(usenofp.o)
    0x080084a8   0x00000038   Data   RO          310    .constdata          freertos.o
    0x080084e0   0x00000008   Data   RO         1255    .constdata          stm32f4xx_hal_dma.o
    0x080084e8   0x00000010   Data   RO         3695    .constdata          system_stm32f4xx.o
    0x080084f8   0x00000008   Data   RO         3696    .constdata          system_stm32f4xx.o
    0x08008500   0x00000200   Data   RO         5028    .constdata          app_crc.o
    0x08008700   0x00000028   Data   RO         5075    .constdata          app_hx711_ctrl.o
    0x08008728   0x0000000c   Data   RO         5661    .constdata          app_t5l_ctrl.o
    0x08008734   0x00000034   Data   RO         6148    .constdata          hal_gpio.o
    0x08008768   0x00000017   Data   RO          311    .conststring        freertos.o
    0x0800877f   0x00000001   PAD
    0x08008780   0x00000020   Data   RO         7058    Region$$Table       anon$$obj.o


    Execution Region RW_IRAM1 (Base: 0x20000000, Size: 0x000081f0, Max: 0x00020000, ABSOLUTE, COMPRESSED[0x00000958])

    Base Addr    Size         Type   Attr      Idx    E Section Name        Object

    0x20000000   0x00000008   Data   RW          316    .data               freertos.o
    0x20000008   0x00000004   Data   RW          596    .data               stm32f4xx_it.o
    0x2000000c   0x0000000c   Data   RW         1682    .data               stm32f4xx_hal.o
    0x20000018   0x00000004   Data   RW         3697    .data               system_stm32f4xx.o
    0x2000001c   0x0000003c   Data   RW         4246    .data               tasks.o
    0x20000058   0x00000020   Data   RW         4890    .data               heap_4.o
    0x20000078   0x0000000c   Data   RW         4958    .data               port.o
    0x20000084   0x00000016   Data   RW         5076    .data               app_hx711_ctrl.o
    0x2000009a   0x00000003   Data   RW         5213    .data               app_key_ctrl.o
    0x2000009d   0x00000008   Data   RW         5261    .data               app_led_ctrl.o
    0x200000a5   0x00000003   PAD
    0x200000a8   0x00000004   Data   RW         5318    .data               app_main_task.o
    0x200000ac   0x00000364   Data   RW         5366    .data               app_modbus_rtu_ctrl.o
    0x20000410   0x00000034   Data   RW         5477    .data               app_password.o
    0x20000444   0x00000068   Data   RW         5519    .data               app_syspara.o
    0x200004ac   0x000005f8   Data   RW         5662    .data               app_t5l_ctrl.o
    0x20000aa4   0x00000068   Data   RW         6149    .data               hal_gpio.o
    0x20000b0c   0x000000c0   Data   RW         6208    .data               hal_uart.o
    0x20000bcc   0x0000001c   Data   RW         6276    .data               app_i2c.o
    0x20000be8   0x00000020   Data   RW         6331    .data               app_externalscreen_cfg.o
    0x20000c08   0x00000020   Data   RW         6332    .data               app_externalscreen_cfg.o
    0x20000c28   0x00000020   Data   RW         6333    .data               app_externalscreen_cfg.o
    0x20000c48   0x00000020   Data   RW         6334    .data               app_externalscreen_cfg.o
    0x20000c68   0x00000004   Data   RW         6335    .data               app_externalscreen_cfg.o
    0x20000c6c   0x00000020   Data   RW         6336    .data               app_externalscreen_cfg.o
    0x20000c8c   0x00000020   Data   RW         6337    .data               app_externalscreen_cfg.o
    0x20000cac   0x00000020   Data   RW         6338    .data               app_externalscreen_cfg.o
    0x20000ccc   0x00000020   Data   RW         6339    .data               app_externalscreen_cfg.o
    0x20000cec   0x00000004   Data   RW         6340    .data               app_externalscreen_cfg.o
    0x20000cf0   0x00000020   Data   RW         6341    .data               app_externalscreen_cfg.o
    0x20000d10   0x00000020   Data   RW         6342    .data               app_externalscreen_cfg.o
    0x20000d30   0x00000020   Data   RW         6343    .data               app_externalscreen_cfg.o
    0x20000d50   0x00000020   Data   RW         6344    .data               app_externalscreen_cfg.o
    0x20000d70   0x00000004   Data   RW         6345    .data               app_externalscreen_cfg.o
    0x20000d74   0x00000020   Data   RW         6346    .data               app_externalscreen_cfg.o
    0x20000d94   0x00000024   Data   RW         6347    .data               app_externalscreen_cfg.o
    0x20000db8   0x00000020   Data   RW         6348    .data               app_externalscreen_cfg.o
    0x20000dd8   0x00000020   Data   RW         6349    .data               app_externalscreen_cfg.o
    0x20000df8   0x00000004   Data   RW         6350    .data               app_externalscreen_cfg.o
    0x20000dfc   0x00000060   Data   RW         6351    .data               app_externalscreen_cfg.o
    0x20000e5c   0x00000060   Data   RW         6352    .data               app_externalscreen_cfg.o
    0x20000ebc   0x00000090   Data   RW         6353    .data               app_externalscreen_cfg.o
    0x20000f4c   0x00000090   Data   RW         6354    .data               app_externalscreen_cfg.o
    0x20000fdc   0x00000060   Data   RW         6355    .data               app_externalscreen_cfg.o
    0x2000103c   0x00000020   Data   RW         6356    .data               app_externalscreen_cfg.o
    0x2000105c   0x000000c0   Data   RW         6357    .data               app_externalscreen_cfg.o
    0x2000111c   0x000000c0   Data   RW         6358    .data               app_externalscreen_cfg.o
    0x200011dc   0x000000d8   Data   RW         6359    .data               app_externalscreen_cfg.o
    0x200012b4   0x000000d8   Data   RW         6360    .data               app_externalscreen_cfg.o
    0x2000138c   0x000000c0   Data   RW         6361    .data               app_externalscreen_cfg.o
    0x2000144c   0x00000040   Data   RW         6362    .data               app_externalscreen_cfg.o
    0x2000148c   0x0000000c   Data   RW         6363    .data               app_externalscreen_cfg.o
    0x20001498   0x0000000c   Data   RW         6364    .data               app_externalscreen_cfg.o
    0x200014a4   0x0000000c   Data   RW         6365    .data               app_externalscreen_cfg.o
    0x200014b0   0x0000000c   Data   RW         6366    .data               app_externalscreen_cfg.o
    0x200014bc   0x00000110   Data   RW         6367    .data               app_externalscreen_cfg.o
    0x200015cc   0x00000010   Data   RW         6394    .data               app_externalscreenrxhandle.o
    0x200015dc   0x00000028   Data   RW         6434    .data               app_externalscreentxhandle.o
    0x20001604   0x00000020   Data   RW         6487    .data               app_innerscreen_cfg.o
    0x20001624   0x00000020   Data   RW         6488    .data               app_innerscreen_cfg.o
    0x20001644   0x00000020   Data   RW         6489    .data               app_innerscreen_cfg.o
    0x20001664   0x00000004   Data   RW         6491    .data               app_innerscreen_cfg.o
    0x20001668   0x00000010   Data   RW         6492    .data               app_innerscreen_cfg.o
    0x20001678   0x00000018   Data   RW         6493    .data               app_innerscreen_cfg.o
    0x20001690   0x00000010   Data   RW         6494    .data               app_innerscreen_cfg.o
    0x200016a0   0x00000010   Data   RW         6495    .data               app_innerscreen_cfg.o
    0x200016b0   0x00000004   Data   RW         6496    .data               app_innerscreen_cfg.o
    0x200016b4   0x00000020   Data   RW         6497    .data               app_innerscreen_cfg.o
    0x200016d4   0x00000020   Data   RW         6498    .data               app_innerscreen_cfg.o
    0x200016f4   0x00000020   Data   RW         6499    .data               app_innerscreen_cfg.o
    0x20001714   0x00000004   Data   RW         6501    .data               app_innerscreen_cfg.o
    0x20001718   0x00000010   Data   RW         6502    .data               app_innerscreen_cfg.o
    0x20001728   0x00000018   Data   RW         6503    .data               app_innerscreen_cfg.o
    0x20001740   0x00000010   Data   RW         6504    .data               app_innerscreen_cfg.o
    0x20001750   0x00000010   Data   RW         6505    .data               app_innerscreen_cfg.o
    0x20001760   0x00000004   Data   RW         6506    .data               app_innerscreen_cfg.o
    0x20001764   0x00000060   Data   RW         6507    .data               app_innerscreen_cfg.o
    0x200017c4   0x00000060   Data   RW         6508    .data               app_innerscreen_cfg.o
    0x20001824   0x00000090   Data   RW         6509    .data               app_innerscreen_cfg.o
    0x200018b4   0x00000090   Data   RW         6510    .data               app_innerscreen_cfg.o
    0x20001944   0x00000060   Data   RW         6513    .data               app_innerscreen_cfg.o
    0x200019a4   0x00000060   Data   RW         6514    .data               app_innerscreen_cfg.o
    0x20001a04   0x0000000c   Data   RW         6515    .data               app_innerscreen_cfg.o
    0x20001a10   0x0000000c   Data   RW         6516    .data               app_innerscreen_cfg.o
    0x20001a1c   0x0000000c   Data   RW         6517    .data               app_innerscreen_cfg.o
    0x20001a28   0x0000000c   Data   RW         6518    .data               app_innerscreen_cfg.o
    0x20001a34   0x00000020   Data   RW         6519    .data               app_innerscreen_cfg.o
    0x20001a54   0x00000110   Data   RW         6520    .data               app_innerscreen_cfg.o
    0x20001b64   0x00000001   Data   RW         6559    .data               app_innerscreenrxhandle.o
    0x20001b65   0x00000003   PAD
    0x20001b68   0x00000078   Data   RW         6560    .data               app_innerscreenrxhandle.o
    0x20001be0   0x00000088   Data   RW         6674    .data               app_innerscreentxhandle.o
    0x20001c68   0x00000006   Data   RW         6675    .data               app_innerscreentxhandle.o
    0x20001c6e   0x00000002   PAD
    0x20001c70   0x00000254   Zero   RW          309    .bss                freertos.o
    0x20001ec4   0x00000054   Zero   RW          392    .bss                i2c.o
    0x20001f18   0x00000048   Zero   RW          435    .bss                tim.o
    0x20001f60   0x00000848   Zero   RW          491    .bss                usart.o
    0x200027a8   0x00000048   Zero   RW          745    .bss                stm32f4xx_hal_timebase_tim.o
    0x200027f0   0x000000f0   Zero   RW         4245    .bss                tasks.o
    0x200028e0   0x00003c00   Zero   RW         4889    .bss                heap_4.o
    0x200064e0   0x00000788   Zero   RW         5074    .bss                app_hx711_ctrl.o
    0x20006c68   0x0000000c   Zero   RW         5212    .bss                app_key_ctrl.o
    0x20006c74   0x0000000c   Zero   RW         5476    .bss                app_password.o
    0x20006c80   0x000005e8   Zero   RW         5518    .bss                app_syspara.o
    0x20007268   0x000006a2   Zero   RW         5658    .bss                app_t5l_ctrl.o
    0x2000790a   0x00000080   Zero   RW         6275    .bss                app_i2c.o
    0x2000798a   0x00000002   PAD
    0x2000798c   0x00000060   Zero   RW         6932    .bss                c_w.l(libspace.o)
    0x200079ec   0x00000004   PAD
    0x200079f0   0x00000400   Zero   RW            2    HEAP                startup_stm32f407xx.o
    0x20007df0   0x00000400   Zero   RW            1    STACK               startup_stm32f407xx.o


==============================================================================

Image component sizes


      Code (inc. data)   RO Data    RW Data    ZI Data      Debug   Object Name

      2058         48          0          0          0      12781   app_balancingdatahandle.o
       210          6        512          0          0       3173   app_crc.o
         0          0          0       2532          0       5818   app_externalscreen_cfg.o
        84          4          0         16          0      13072   app_externalscreenrxhandle.o
      1052         34          0         40          0      16482   app_externalscreentxhandle.o
      1790        134         40         22       1928      14793   app_hx711_ctrl.o
       316         18          0         28        128       3393   app_i2c.o
         0          0          0       1376          0       3457   app_innerscreen_cfg.o
      1108         50          0        121          0      23093   app_innerscreenrxhandle.o
      1586         26          0        142          0      23339   app_innerscreentxhandle.o
       296         20          0          3         12       3436   app_key_ctrl.o
       430         16          0          8          0       5325   app_led_ctrl.o
        40          6          0          4          0        848   app_main_task.o
      1212         60          0        868          0      14822   app_modbus_rtu_ctrl.o
        60         10          0         52         12       1570   app_password.o
      1464         32          0        104       1512       9255   app_syspara.o
        56          8          0          0          0        771   app_t5l_cfg.o
      4906        258         12       1528       1698      54688   app_t5l_ctrl.o
       120          0          0          0          0      23581   cmsis_os.o
       172          4          0          0          0        930   dma.o
         0          0          0          0          0      17008   event_groups.o
       100         12         79          8        596       3484   freertos.o
       376         26          0          0          0       1191   gpio.o
        40          0          0          0          0       1566   hal_delay.o
       116         38         52        104          0       3027   hal_gpio.o
        78         16          0        192          0       8934   hal_uart.o
       472         24          0         32      15360       7639   heap_4.o
       172         28          0          0         84       1805   i2c.o
       138          0          0          0          0       3738   list.o
       348         40          0          0          0     762513   main.o
       702         72          0         12          0      11344   port.o
        64         26        392          0       2048        876   startup_stm32f407xx.o
        80         14          0         12          0       8274   stm32f4xx_hal.o
       194         24          0          0          0      33965   stm32f4xx_hal_cortex.o
      1084         16          8          0          0       7634   stm32f4xx_hal_dma.o
       532         46          0          0          0       3656   stm32f4xx_hal_gpio.o
      2174         52          0          0          0      13342   stm32f4xx_hal_i2c.o
        56          4          0          0          0        930   stm32f4xx_hal_msp.o
      1412         86          0          0          0       6125   stm32f4xx_hal_rcc.o
       784         72          0          0          0       7093   stm32f4xx_hal_tim.o
       148         28          0          0          0       2581   stm32f4xx_hal_tim_ex.o
       152         20          0          0         72       1575   stm32f4xx_hal_timebase_tim.o
      2152         44          0          0          0      17673   stm32f4xx_hal_uart.o
       228         88          0          4          0      10480   stm32f4xx_it.o
         0          0          0          0          0        380   stream_buffer.o
        16          4         24          4          0       1223   system_stm32f4xx.o
      1520        112          0         60        240      20022   tasks.o
       108         18          0          0         72       1698   tim.o
      1416        128          0          0       2120       9244   usart.o

    ----------------------------------------------------------------------
     31696       1772       1152       7280      25884    1203647   Object Totals
         0          0         32          0          0          0   (incl. Generated)
        74          0          1          8          2          0   (incl. Padding)

    ----------------------------------------------------------------------

      Code (inc. data)   RO Data    RW Data    ZI Data      Debug   Library Member Name

       100          0          0          0          0          0   __dclz77c.o
         8          0          0          0          0         68   __main.o
         0          0          0          0          0          0   __rtentry.o
        12          0          0          0          0          0   __rtentry2.o
         6          0          0          0          0          0   __rtentry4.o
        52          8          0          0          0          0   __scatter.o
        28          0          0          0          0          0   __scatter_zi.o
        18          0          0          0          0         80   exit.o
         6          0          0          0          0        152   heapauxi.o
         0          0          0          0          0          0   indicate_semi.o
         2          0          0          0          0          0   libinit.o
         6          0          0          0          0          0   libinit2.o
         2          0          0          0          0          0   libshutdown.o
         2          0          0          0          0          0   libshutdown2.o
         8          4          0          0         96         68   libspace.o
       238          0          0          0          0        100   lludivv7m.o
        78          0          0          0          0         80   rt_memclr_w.o
       138          0          0          0          0         68   rt_memcpy_v6.o
       100          0          0          0          0         80   rt_memcpy_w.o
         2          0          0          0          0          0   rtexit.o
        10          0          0          0          0          0   rtexit2.o
        12          4          0          0          0         68   sys_exit.o
        74          0          0          0          0         80   sys_stackheap_outer.o
         2          0          0          0          0         68   use_no_semi.o
        98          4          0          0          0        140   d2f.o
        24          0          0          0          0        116   dcmpi.o
        84          0          0          0          0        232   dflt_clz.o
       120          4          0          0          0        140   dleqf.o
       340         12          0          0          0        152   dmul.o
       156          4          0          0          0        140   dnaninf.o
        12          0          0          0          0        116   dretinf.o
       108          0          0          0          0        128   drleqf.o
        10          0          0          0          0        116   fpinit.o
        10          0          0          0          0        116   fretinf.o
         0          0          0          0          0          0   usenofp.o

    ----------------------------------------------------------------------
      1872         40          0          0        100       2308   Library Totals
         6          0          0          0          4          0   (incl. Padding)

    ----------------------------------------------------------------------

      Code (inc. data)   RO Data    RW Data    ZI Data      Debug   Library Name

       904         16          0          0         96        912   c_w.l
       962         24          0          0          0       1396   fz_wm.l

    ----------------------------------------------------------------------
      1872         40          0          0        100       2308   Library Totals

    ----------------------------------------------------------------------

==============================================================================


      Code (inc. data)   RO Data    RW Data    ZI Data      Debug   

     33568       1812       1152       7280      25984    1174591   Grand Totals
     33568       1812       1152       2392      25984    1174591   ELF Image Totals (compressed)
     33568       1812       1152       2392          0          0   ROM Totals

==============================================================================

    Total RO  Size (Code + RO Data)                34720 (  33.91kB)
    Total RW  Size (RW Data + ZI Data)             33264 (  32.48kB)
    Total ROM Size (Code + RO Data + RW Data)      37112 (  36.24kB)

==============================================================================

