<html>
<body>
<pre>
<h1>µVision Build Log</h1>
<h2>Tool Versions:</h2>
IDE-Version: ¦ÌVision V5.16a
Copyright (C) 2015 ARM Ltd and ARM Germany GmbH. All rights reserved.
License Information: TAN TANJINYI, TAN, LIC=FYKQD-8A0GI-KN8AC-7DB0K-54IUX-LKSUB
 
Tool Versions:
Toolchain:       MDK-ARM Standard  Version: 5.16a
Toolchain Path:  C:\Keil_v5\ARM\ARMCC\Bin
C Compiler:      Armcc.exe V5.06 (build 20)
Assembler:       Armasm.exe V5.06 (build 20)
Linker/Locator:  ArmLink.exe V5.06 (build 20)
Library Manager: ArmAr.exe V5.06 (build 20)
Hex Converter:   FromElf.exe V5.06 (build 20)
CPU DLL:         SARMCM3.DLL V5.16a
Dialog DLL:      DCM.DLL V1.13.2.0
Target DLL:      Segger\JL2CM3.dll V2.99.15.2
Dialog DLL:      TCM.DLL V1.14.5.0
 
<h2>Project:</h2>
D:\WorkSpace\GitWorkSpace\WeightMode_V5\SoftWare\STM32MCU\Debug\firm_wm_00_app\firmware_wm_00_app.uvprojx
Project File Date:  06/19/2021

<h2>Output:</h2>
*** Using Compiler 'V5.06 (build 20)', folder: 'C:\Keil_v5\ARM\ARMCC\Bin'
Rebuild Project 'firmware_wm_00_app' - Target 'app'
compiling app_sdwe_ctrl.c...
compiling app_main_task.c...
compiling app_main.c...
compiling app_led_ctrl.c...
compiling app_hx711_ctrl.c...
compiling app_crc.c...
compiling app_password.c...
compiling app_key_ctrl.c...
compiling app_syspara.c...
compiling app_modbus_rtu_ctrl.c...
compiling app_systest.c...
assembling startup_stm32f30x.s...
compiling app_t5l_ctrl.c...
linking...
Program Size: Code=32652 RO-data=1296 RW-data=2000 ZI-data=9856  
FromELF: creating hex file...
".\Objects\firmware_wm_00_app.axf" - 0 Error(s), 0 Warning(s).

<h2>Collection of Component include folders:</h2>
  D:\WorkSpace\GitWorkSpace\WeightMode_V5\SoftWare\STM32MCU\Debug\firm_wm_00_app\RTE
  C:\Keil_v5\ARM\PACK\Keil\STM32F3xx_DFP\1.3.0\Device\Include

<h2>Collection of Component Files used:</h2>
Build Time Elapsed:  00:00:02
</pre>
</body>
</html>
